2026-10-07 12:21:54 | INFO | log file: /mnt/d/SHL assignment - Harsh Tripathi/logs/finetune_text_20261007_122154.log
2026-10-07 12:21:54 | INFO | args: {'model': '/mnt/d/models/deberta-v3-base', 'folds': 5, 'epochs': 5, 'lr': 2e-05, 'batch': 8, 'max_len': 320, 'seeds': [42, 7, 2024], 'accum': 1, 'grad_ckpt': False, 'name': 'deberta_w', 'sample_weights': 'train_shift_weight', 'pseudo': None}
2026-10-07 12:21:55 | INFO | weighted loss with train_shift_weight (min 0.27, max 6.63)
2026-10-07 12:22:34 | INFO | seed 42 fold 1 epoch 1 | train MSE 0.8753 | val RMSE 0.6892 | val Pearson 0.7947
2026-10-07 12:23:07 | INFO | seed 42 fold 1 epoch 2 | train MSE 0.4446 | val RMSE 0.5632 | val Pearson 0.8422
2026-10-07 12:23:30 | INFO | seed 42 fold 1 epoch 3 | train MSE 0.2329 | val RMSE 0.5341 | val Pearson 0.8569
2026-10-07 12:23:52 | INFO | seed 42 fold 1 epoch 4 | train MSE 0.1314 | val RMSE 0.5402 | val Pearson 0.8546
2026-10-07 12:24:14 | INFO | seed 42 fold 1 epoch 5 | train MSE 0.0949 | val RMSE 0.5216 | val Pearson 0.8581
2026-10-07 12:24:19 | INFO | seed 42 fold 1 final val RMSE 0.5216 (2.4 min)
2026-10-07 12:24:58 | INFO | seed 42 fold 2 epoch 1 | train MSE 0.7111 | val RMSE 1.0043 | val Pearson 0.7248
2026-10-07 12:25:24 | INFO | seed 42 fold 2 epoch 2 | train MSE 0.3269 | val RMSE 0.6271 | val Pearson 0.7961
2026-10-07 12:25:50 | INFO | seed 42 fold 2 epoch 3 | train MSE 0.2170 | val RMSE 0.6700 | val Pearson 0.7657
2026-10-07 12:26:16 | INFO | seed 42 fold 2 epoch 4 | train MSE 0.1344 | val RMSE 0.5995 | val Pearson 0.8124
2026-10-07 12:26:44 | INFO | seed 42 fold 2 epoch 5 | train MSE 0.0858 | val RMSE 0.5981 | val Pearson 0.8121
2026-10-07 12:26:50 | INFO | seed 42 fold 2 final val RMSE 0.5981 (2.5 min)
2026-10-07 12:27:41 | INFO | seed 42 fold 3 epoch 1 | train MSE 0.7043 | val RMSE 0.7255 | val Pearson 0.7854
2026-10-07 12:28:13 | INFO | seed 42 fold 3 epoch 2 | train MSE 0.3832 | val RMSE 0.5992 | val Pearson 0.8084
2026-10-07 12:28:45 | INFO | seed 42 fold 3 epoch 3 | train MSE 0.2618 | val RMSE 0.6065 | val Pearson 0.8034
2026-10-07 12:29:19 | INFO | seed 42 fold 3 epoch 4 | train MSE 0.1455 | val RMSE 0.6146 | val Pearson 0.7999
2026-10-07 12:29:52 | INFO | seed 42 fold 3 epoch 5 | train MSE 0.0885 | val RMSE 0.6136 | val Pearson 0.7996
2026-10-07 12:29:57 | INFO | seed 42 fold 3 final val RMSE 0.6136 (3.1 min)
2026-10-07 12:30:29 | INFO | seed 42 fold 4 epoch 1 | train MSE 0.9036 | val RMSE 0.9014 | val Pearson 0.6979
2026-10-07 12:30:54 | INFO | seed 42 fold 4 epoch 2 | train MSE 0.3977 | val RMSE 0.7131 | val Pearson 0.7961
2026-10-07 12:31:26 | INFO | seed 42 fold 4 epoch 3 | train MSE 0.2354 | val RMSE 0.6081 | val Pearson 0.8092
2026-10-07 12:31:59 | INFO | seed 42 fold 4 epoch 4 | train MSE 0.1563 | val RMSE 0.5965 | val Pearson 0.8156
2026-10-07 12:32:28 | INFO | seed 42 fold 4 epoch 5 | train MSE 0.0957 | val RMSE 0.5945 | val Pearson 0.8146
2026-10-07 12:32:35 | INFO | seed 42 fold 4 final val RMSE 0.5945 (2.6 min)
2026-10-07 12:33:32 | INFO | seed 42 fold 5 epoch 1 | train MSE 0.8043 | val RMSE 0.7138 | val Pearson 0.7509
2026-10-07 12:33:55 | INFO | seed 42 fold 5 epoch 2 | train MSE 0.4401 | val RMSE 0.6622 | val Pearson 0.7736
2026-10-07 12:34:18 | INFO | seed 42 fold 5 epoch 3 | train MSE 0.2455 | val RMSE 0.5837 | val Pearson 0.8246
2026-10-07 12:34:42 | INFO | seed 42 fold 5 epoch 4 | train MSE 0.1788 | val RMSE 0.5738 | val Pearson 0.8294
2026-10-07 12:35:05 | INFO | seed 42 fold 5 epoch 5 | train MSE 0.1105 | val RMSE 0.5626 | val Pearson 0.8305
2026-10-07 12:35:10 | INFO | seed 42 fold 5 final val RMSE 0.5626 (2.6 min)
2026-10-07 12:35:10 | INFO | seed 42 OOF RMSE 0.5789 | OOF Pearson 0.8223
2026-10-07 12:35:41 | INFO | seed 7 fold 1 epoch 1 | train MSE 0.7245 | val RMSE 0.6157 | val Pearson 0.7934
2026-10-07 12:36:03 | INFO | seed 7 fold 1 epoch 2 | train MSE 0.3244 | val RMSE 0.6516 | val Pearson 0.8074
2026-10-07 12:36:26 | INFO | seed 7 fold 1 epoch 3 | train MSE 0.2407 | val RMSE 0.6839 | val Pearson 0.8079
2026-10-07 12:36:54 | INFO | seed 7 fold 1 epoch 4 | train MSE 0.1522 | val RMSE 0.5631 | val Pearson 0.8311
2026-10-07 12:37:20 | INFO | seed 7 fold 1 epoch 5 | train MSE 0.1009 | val RMSE 0.5673 | val Pearson 0.8297
2026-10-07 12:37:31 | INFO | seed 7 fold 1 final val RMSE 0.5673 (2.3 min)
2026-10-07 12:38:02 | INFO | seed 7 fold 2 epoch 1 | train MSE 0.7252 | val RMSE 0.6217 | val Pearson 0.7937
2026-10-07 12:38:24 | INFO | seed 7 fold 2 epoch 2 | train MSE 0.3907 | val RMSE 0.7263 | val Pearson 0.8159
2026-10-07 12:38:46 | INFO | seed 7 fold 2 epoch 3 | train MSE 0.2212 | val RMSE 0.5694 | val Pearson 0.8377
2026-10-07 12:39:08 | INFO | seed 7 fold 2 epoch 4 | train MSE 0.1393 | val RMSE 0.5646 | val Pearson 0.8315
2026-10-07 12:39:31 | INFO | seed 7 fold 2 epoch 5 | train MSE 0.1031 | val RMSE 0.5636 | val Pearson 0.8321
2026-10-07 12:39:36 | INFO | seed 7 fold 2 final val RMSE 0.5636 (2.1 min)
2026-10-07 12:40:04 | INFO | seed 7 fold 3 epoch 1 | train MSE 0.8290 | val RMSE 0.7418 | val Pearson 0.8010
2026-10-07 12:40:30 | INFO | seed 7 fold 3 epoch 2 | train MSE 0.3776 | val RMSE 0.5932 | val Pearson 0.8288
2026-10-07 12:40:56 | INFO | seed 7 fold 3 epoch 3 | train MSE 0.2128 | val RMSE 0.5823 | val Pearson 0.8256
2026-10-07 12:41:20 | INFO | seed 7 fold 3 epoch 4 | train MSE 0.1398 | val RMSE 0.5666 | val Pearson 0.8347
2026-10-07 12:41:43 | INFO | seed 7 fold 3 epoch 5 | train MSE 0.0870 | val RMSE 0.5566 | val Pearson 0.8350
2026-10-07 12:41:48 | INFO | seed 7 fold 3 final val RMSE 0.5566 (2.2 min)
2026-10-07 12:42:15 | INFO | seed 7 fold 4 epoch 1 | train MSE 0.8657 | val RMSE 0.6901 | val Pearson 0.7445
2026-10-07 12:42:41 | INFO | seed 7 fold 4 epoch 2 | train MSE 0.3342 | val RMSE 0.7214 | val Pearson 0.7373
2026-10-07 12:43:05 | INFO | seed 7 fold 4 epoch 3 | train MSE 0.2632 | val RMSE 0.6522 | val Pearson 0.7776
2026-10-07 12:43:33 | INFO | seed 7 fold 4 epoch 4 | train MSE 0.1347 | val RMSE 0.6763 | val Pearson 0.7776
2026-10-07 12:44:05 | INFO | seed 7 fold 4 epoch 5 | train MSE 0.0970 | val RMSE 0.6570 | val Pearson 0.7799
2026-10-07 12:44:10 | INFO | seed 7 fold 4 final val RMSE 0.6570 (2.4 min)
2026-10-07 12:45:10 | INFO | seed 7 fold 5 epoch 1 | train MSE 0.7152 | val RMSE 0.6809 | val Pearson 0.7819
2026-10-07 12:45:49 | INFO | seed 7 fold 5 epoch 2 | train MSE 0.5603 | val RMSE 0.9391 | val Pearson 0.7680
2026-10-07 12:46:13 | INFO | seed 7 fold 5 epoch 3 | train MSE 0.2624 | val RMSE 0.6322 | val Pearson 0.8029
2026-10-07 12:46:36 | INFO | seed 7 fold 5 epoch 4 | train MSE 0.1481 | val RMSE 0.6059 | val Pearson 0.8092
2026-10-07 12:47:00 | INFO | seed 7 fold 5 epoch 5 | train MSE 0.1013 | val RMSE 0.6126 | val Pearson 0.8075
2026-10-07 12:47:06 | INFO | seed 7 fold 5 final val RMSE 0.6126 (2.9 min)
2026-10-07 12:47:06 | INFO | seed 7 OOF RMSE 0.5926 | OOF Pearson 0.8145
2026-10-07 12:47:44 | INFO | seed 2024 fold 1 epoch 1 | train MSE 0.7463 | val RMSE 0.7068 | val Pearson 0.7632
2026-10-07 12:48:16 | INFO | seed 2024 fold 1 epoch 2 | train MSE 0.3652 | val RMSE 0.6057 | val Pearson 0.8127
2026-10-07 12:48:46 | INFO | seed 2024 fold 1 epoch 3 | train MSE 0.2497 | val RMSE 0.6510 | val Pearson 0.7980
2026-10-07 12:49:15 | INFO | seed 2024 fold 1 epoch 4 | train MSE 0.1320 | val RMSE 0.5931 | val Pearson 0.8190
2026-10-07 12:49:46 | INFO | seed 2024 fold 1 epoch 5 | train MSE 0.0804 | val RMSE 0.5920 | val Pearson 0.8173
2026-10-07 12:49:53 | INFO | seed 2024 fold 1 final val RMSE 0.5920 (2.8 min)
2026-10-07 12:50:57 | INFO | seed 2024 fold 2 epoch 1 | train MSE 0.9314 | val RMSE 0.8349 | val Pearson 0.7517
2026-10-07 12:51:27 | INFO | seed 2024 fold 2 epoch 2 | train MSE 0.4006 | val RMSE 0.6533 | val Pearson 0.7917
2026-10-07 12:52:05 | INFO | seed 2024 fold 2 epoch 3 | train MSE 0.2480 | val RMSE 0.5714 | val Pearson 0.8227
2026-10-07 12:52:33 | INFO | seed 2024 fold 2 epoch 4 | train MSE 0.1326 | val RMSE 0.6105 | val Pearson 0.8284
2026-10-07 12:53:00 | INFO | seed 2024 fold 2 epoch 5 | train MSE 0.0852 | val RMSE 0.5707 | val Pearson 0.8258
2026-10-07 12:53:05 | INFO | seed 2024 fold 2 final val RMSE 0.5707 (3.2 min)
2026-10-07 12:53:47 | INFO | seed 2024 fold 3 epoch 1 | train MSE 0.7982 | val RMSE 0.5812 | val Pearson 0.8226
2026-10-07 12:54:30 | INFO | seed 2024 fold 3 epoch 2 | train MSE 0.3552 | val RMSE 0.6483 | val Pearson 0.8444
2026-10-07 12:55:18 | INFO | seed 2024 fold 3 epoch 3 | train MSE 0.2304 | val RMSE 0.5773 | val Pearson 0.8458
2026-10-07 12:55:58 | INFO | seed 2024 fold 3 epoch 4 | train MSE 0.1183 | val RMSE 0.5880 | val Pearson 0.8463
2026-10-07 12:56:29 | INFO | seed 2024 fold 3 epoch 5 | train MSE 0.0933 | val RMSE 0.5614 | val Pearson 0.8496
2026-10-07 12:56:34 | INFO | seed 2024 fold 3 final val RMSE 0.5614 (3.5 min)
2026-10-07 12:57:10 | INFO | seed 2024 fold 4 epoch 1 | train MSE 0.9374 | val RMSE 0.7709 | val Pearson 0.7659
2026-10-07 12:57:34 | INFO | seed 2024 fold 4 epoch 2 | train MSE 0.3556 | val RMSE 0.6936 | val Pearson 0.7551
2026-10-07 12:58:00 | INFO | seed 2024 fold 4 epoch 3 | train MSE 0.2508 | val RMSE 0.6756 | val Pearson 0.7999
2026-10-07 12:58:29 | INFO | seed 2024 fold 4 epoch 4 | train MSE 0.1568 | val RMSE 0.6291 | val Pearson 0.7959
2026-10-07 12:58:57 | INFO | seed 2024 fold 4 epoch 5 | train MSE 0.1042 | val RMSE 0.6182 | val Pearson 0.7983
2026-10-07 12:59:03 | INFO | seed 2024 fold 4 final val RMSE 0.6182 (2.5 min)
2026-10-07 12:59:40 | INFO | seed 2024 fold 5 epoch 1 | train MSE 0.7876 | val RMSE 0.7965 | val Pearson 0.7716
2026-10-07 13:00:08 | INFO | seed 2024 fold 5 epoch 2 | train MSE 0.3957 | val RMSE 0.6569 | val Pearson 0.7819
2026-10-07 13:00:47 | INFO | seed 2024 fold 5 epoch 3 | train MSE 0.2203 | val RMSE 0.6857 | val Pearson 0.8015
2026-10-07 13:01:19 | INFO | seed 2024 fold 5 epoch 4 | train MSE 0.1506 | val RMSE 0.5973 | val Pearson 0.8069
2026-10-07 13:01:44 | INFO | seed 2024 fold 5 epoch 5 | train MSE 0.0977 | val RMSE 0.5898 | val Pearson 0.8137
2026-10-07 13:01:49 | INFO | seed 2024 fold 5 final val RMSE 0.5898 (2.8 min)
2026-10-07 13:01:49 | INFO | seed 2024 OOF RMSE 0.5867 | OOF Pearson 0.8172
2026-10-07 13:01:50 | INFO | deberta_w (3 seed avg) train RMSE 0.2599 | OOF RMSE 0.5737 | OOF Pearson 0.8255
2026-10-07 13:01:51 | INFO | saved deberta_w OOF / test predictions
