2026-10-07 07:13:45 | INFO | log file: /mnt/d/SHL assignment - Harsh Tripathi/logs/finetune_text_20261007_071345.log
2026-10-07 07:13:45 | INFO | args: {'model': '/mnt/d/models/deberta-v3-base', 'folds': 5, 'epochs': 5, 'lr': 2e-05, 'batch': 8, 'max_len': 320}
2026-10-07 07:14:25 | INFO | fold 1 epoch 1 | train MSE 0.7464 | val RMSE 0.6771 | val Pearson 0.7959
2026-10-07 07:14:58 | INFO | fold 1 epoch 2 | train MSE 0.3461 | val RMSE 0.5324 | val Pearson 0.8569
2026-10-07 07:15:31 | INFO | fold 1 epoch 3 | train MSE 0.1968 | val RMSE 0.5385 | val Pearson 0.8564
2026-10-07 07:16:10 | INFO | fold 1 epoch 4 | train MSE 0.0977 | val RMSE 0.5089 | val Pearson 0.8671
2026-10-07 07:16:47 | INFO | fold 1 epoch 5 | train MSE 0.0611 | val RMSE 0.5071 | val Pearson 0.8677
2026-10-07 07:16:50 | INFO | fold 1 final val RMSE 0.5071 (3.1 min)
2026-10-07 07:17:25 | INFO | fold 2 epoch 1 | train MSE 0.6692 | val RMSE 0.6796 | val Pearson 0.7776
2026-10-07 07:17:47 | INFO | fold 2 epoch 2 | train MSE 0.3269 | val RMSE 0.8509 | val Pearson 0.7818
2026-10-07 07:18:13 | INFO | fold 2 epoch 3 | train MSE 0.2296 | val RMSE 0.6826 | val Pearson 0.7992
2026-10-07 07:18:38 | INFO | fold 2 epoch 4 | train MSE 0.0985 | val RMSE 0.5979 | val Pearson 0.8140
2026-10-07 07:19:02 | INFO | fold 2 epoch 5 | train MSE 0.0681 | val RMSE 0.6039 | val Pearson 0.8123
2026-10-07 07:19:04 | INFO | fold 2 final val RMSE 0.6039 (2.2 min)
2026-10-07 07:19:39 | INFO | fold 3 epoch 1 | train MSE 0.6987 | val RMSE 0.6817 | val Pearson 0.7424
2026-10-07 07:20:29 | INFO | fold 3 epoch 2 | train MSE 0.3484 | val RMSE 0.6604 | val Pearson 0.7773
2026-10-07 07:21:09 | INFO | fold 3 epoch 3 | train MSE 0.1978 | val RMSE 0.6062 | val Pearson 0.8095
2026-10-07 07:21:46 | INFO | fold 3 epoch 4 | train MSE 0.1256 | val RMSE 0.5975 | val Pearson 0.8097
2026-10-07 07:22:16 | INFO | fold 3 epoch 5 | train MSE 0.0645 | val RMSE 0.6038 | val Pearson 0.8075
2026-10-07 07:22:20 | INFO | fold 3 final val RMSE 0.6038 (3.3 min)
2026-10-07 07:23:05 | INFO | fold 4 epoch 1 | train MSE 0.6709 | val RMSE 0.6023 | val Pearson 0.8214
2026-10-07 07:23:33 | INFO | fold 4 epoch 2 | train MSE 0.3656 | val RMSE 0.6294 | val Pearson 0.8332
2026-10-07 07:23:58 | INFO | fold 4 epoch 3 | train MSE 0.2134 | val RMSE 0.6066 | val Pearson 0.8428
2026-10-07 07:24:22 | INFO | fold 4 epoch 4 | train MSE 0.0970 | val RMSE 0.5716 | val Pearson 0.8328
2026-10-07 07:24:49 | INFO | fold 4 epoch 5 | train MSE 0.0694 | val RMSE 0.5664 | val Pearson 0.8355
2026-10-07 07:24:51 | INFO | fold 4 final val RMSE 0.5664 (2.5 min)
2026-10-07 07:25:28 | INFO | fold 5 epoch 1 | train MSE 0.8988 | val RMSE 0.9126 | val Pearson 0.7965
2026-10-07 07:25:52 | INFO | fold 5 epoch 2 | train MSE 0.4147 | val RMSE 0.6418 | val Pearson 0.7864
2026-10-07 07:26:19 | INFO | fold 5 epoch 3 | train MSE 0.2119 | val RMSE 0.5554 | val Pearson 0.8417
2026-10-07 07:26:43 | INFO | fold 5 epoch 4 | train MSE 0.1212 | val RMSE 0.5491 | val Pearson 0.8409
2026-10-07 07:27:08 | INFO | fold 5 epoch 5 | train MSE 0.0620 | val RMSE 0.5496 | val Pearson 0.8403
2026-10-07 07:27:10 | INFO | fold 5 final val RMSE 0.5496 (2.3 min)
2026-10-07 07:27:10 | INFO | DeBERTa OOF RMSE 0.5673 | OOF Pearson 0.8318
2026-10-07 07:27:11 | INFO | saved deberta OOF / test predictions
