2026-10-08 09:37:17 | INFO | log file: /mnt/d/SHL assignment - Harsh Tripathi/logs/finetune_text_20261008_093717.log
2026-10-08 09:37:17 | INFO | args: {'model': '/mnt/d/models/deberta-v3-base', 'folds': 5, 'epochs': 5, 'lr': 2e-05, 'batch': 8, 'max_len': 320, 'seeds': [42, 7, 2024], 'accum': 1, 'grad_ckpt': False, 'name': 'deberta_topic_ps', 'topic_cv': True, 'sample_weights': None, 'pseudo_weight': 0.5, 'pseudo': 'submissions/v18_topic_blend.csv'}
2026-10-08 09:37:18 | INFO | pseudo-labels: 216 test transcripts from submissions/v18_topic_blend.csv (mean 3.22)
2026-10-08 09:38:16 | INFO | seed 42 fold 1 epoch 1 | train MSE 0.5999 | val RMSE 0.6636 | val Pearson 0.8303
2026-10-08 09:39:12 | INFO | seed 42 fold 1 epoch 2 | train MSE 0.2883 | val RMSE 0.5960 | val Pearson 0.8403
2026-10-08 09:39:49 | INFO | seed 42 fold 1 epoch 3 | train MSE 0.1437 | val RMSE 0.5966 | val Pearson 0.8364
2026-10-08 09:40:24 | INFO | seed 42 fold 1 epoch 4 | train MSE 0.0782 | val RMSE 0.5925 | val Pearson 0.8393
2026-10-08 09:40:59 | INFO | seed 42 fold 1 epoch 5 | train MSE 0.0509 | val RMSE 0.5790 | val Pearson 0.8387
2026-10-08 09:41:04 | INFO | seed 42 fold 1 final val RMSE 0.5790 (3.8 min)
2026-10-08 09:41:46 | INFO | seed 42 fold 2 epoch 1 | train MSE 0.6691 | val RMSE 0.7548 | val Pearson 0.7225
2026-10-08 09:42:19 | INFO | seed 42 fold 2 epoch 2 | train MSE 0.2749 | val RMSE 0.6516 | val Pearson 0.7562
2026-10-08 09:42:51 | INFO | seed 42 fold 2 epoch 3 | train MSE 0.1670 | val RMSE 0.6230 | val Pearson 0.7685
2026-10-08 09:43:24 | INFO | seed 42 fold 2 epoch 4 | train MSE 0.0754 | val RMSE 0.6445 | val Pearson 0.7844
2026-10-08 09:43:55 | INFO | seed 42 fold 2 epoch 5 | train MSE 0.0504 | val RMSE 0.6019 | val Pearson 0.7838
2026-10-08 09:44:00 | INFO | seed 42 fold 2 final val RMSE 0.6019 (2.9 min)
2026-10-08 09:44:39 | INFO | seed 42 fold 3 epoch 1 | train MSE 0.5962 | val RMSE 0.6846 | val Pearson 0.7591
2026-10-08 09:45:13 | INFO | seed 42 fold 3 epoch 2 | train MSE 0.2369 | val RMSE 0.7740 | val Pearson 0.7704
2026-10-08 09:45:48 | INFO | seed 42 fold 3 epoch 3 | train MSE 0.1433 | val RMSE 0.6456 | val Pearson 0.7829
2026-10-08 09:46:22 | INFO | seed 42 fold 3 epoch 4 | train MSE 0.0778 | val RMSE 0.6197 | val Pearson 0.8031
2026-10-08 09:46:56 | INFO | seed 42 fold 3 epoch 5 | train MSE 0.0505 | val RMSE 0.6265 | val Pearson 0.8031
2026-10-08 09:47:02 | INFO | seed 42 fold 3 final val RMSE 0.6265 (3.0 min)
2026-10-08 09:47:39 | INFO | seed 42 fold 4 epoch 1 | train MSE 0.6917 | val RMSE 0.8828 | val Pearson 0.8313
2026-10-08 09:48:14 | INFO | seed 42 fold 4 epoch 2 | train MSE 0.3156 | val RMSE 0.5695 | val Pearson 0.8462
2026-10-08 09:48:48 | INFO | seed 42 fold 4 epoch 3 | train MSE 0.1847 | val RMSE 0.5381 | val Pearson 0.8672
2026-10-08 09:49:22 | INFO | seed 42 fold 4 epoch 4 | train MSE 0.1026 | val RMSE 0.5614 | val Pearson 0.8693
2026-10-08 09:49:57 | INFO | seed 42 fold 4 epoch 5 | train MSE 0.0565 | val RMSE 0.5278 | val Pearson 0.8695
2026-10-08 09:50:02 | INFO | seed 42 fold 4 final val RMSE 0.5278 (3.0 min)
2026-10-08 09:50:43 | INFO | seed 42 fold 5 epoch 1 | train MSE 0.6527 | val RMSE 1.0224 | val Pearson 0.7410
2026-10-08 09:51:18 | INFO | seed 42 fold 5 epoch 2 | train MSE 0.3127 | val RMSE 0.7070 | val Pearson 0.7244
2026-10-08 09:51:52 | INFO | seed 42 fold 5 epoch 3 | train MSE 0.1606 | val RMSE 0.7746 | val Pearson 0.7654
2026-10-08 09:52:26 | INFO | seed 42 fold 5 epoch 4 | train MSE 0.0773 | val RMSE 0.6753 | val Pearson 0.7756
2026-10-08 09:53:01 | INFO | seed 42 fold 5 epoch 5 | train MSE 0.0503 | val RMSE 0.6616 | val Pearson 0.7699
2026-10-08 09:53:06 | INFO | seed 42 fold 5 final val RMSE 0.6616 (3.1 min)
2026-10-08 09:53:06 | INFO | seed 42 OOF RMSE 0.6008 | OOF Pearson 0.8128
2026-10-08 09:53:42 | INFO | seed 7 fold 1 epoch 1 | train MSE 0.7284 | val RMSE 0.6573 | val Pearson 0.8011
2026-10-08 09:54:12 | INFO | seed 7 fold 1 epoch 2 | train MSE 0.3303 | val RMSE 0.5932 | val Pearson 0.8296
2026-10-08 09:54:48 | INFO | seed 7 fold 1 epoch 3 | train MSE 0.1690 | val RMSE 0.5728 | val Pearson 0.8391
2026-10-08 09:55:24 | INFO | seed 7 fold 1 epoch 4 | train MSE 0.0822 | val RMSE 0.5857 | val Pearson 0.8351
2026-10-08 09:55:59 | INFO | seed 7 fold 1 epoch 5 | train MSE 0.0512 | val RMSE 0.5814 | val Pearson 0.8375
2026-10-08 09:56:04 | INFO | seed 7 fold 1 final val RMSE 0.5814 (3.0 min)
2026-10-08 09:56:46 | INFO | seed 7 fold 2 epoch 1 | train MSE 0.6168 | val RMSE 0.7691 | val Pearson 0.7648
2026-10-08 09:57:16 | INFO | seed 7 fold 2 epoch 2 | train MSE 0.3351 | val RMSE 0.7639 | val Pearson 0.7835
2026-10-08 09:57:44 | INFO | seed 7 fold 2 epoch 3 | train MSE 0.1508 | val RMSE 0.5920 | val Pearson 0.7882
2026-10-08 09:58:11 | INFO | seed 7 fold 2 epoch 4 | train MSE 0.0744 | val RMSE 0.5861 | val Pearson 0.7855
2026-10-08 09:58:39 | INFO | seed 7 fold 2 epoch 5 | train MSE 0.0411 | val RMSE 0.5892 | val Pearson 0.7863
2026-10-08 09:58:44 | INFO | seed 7 fold 2 final val RMSE 0.5892 (2.7 min)
2026-10-08 09:59:17 | INFO | seed 7 fold 3 epoch 1 | train MSE 0.5818 | val RMSE 0.6847 | val Pearson 0.7729
2026-10-08 09:59:47 | INFO | seed 7 fold 3 epoch 2 | train MSE 0.2817 | val RMSE 0.7462 | val Pearson 0.7978
2026-10-08 10:00:17 | INFO | seed 7 fold 3 epoch 3 | train MSE 0.1503 | val RMSE 0.6572 | val Pearson 0.7818
2026-10-08 10:00:47 | INFO | seed 7 fold 3 epoch 4 | train MSE 0.0756 | val RMSE 0.6284 | val Pearson 0.8013
2026-10-08 10:01:18 | INFO | seed 7 fold 3 epoch 5 | train MSE 0.0490 | val RMSE 0.6423 | val Pearson 0.7974
2026-10-08 10:01:23 | INFO | seed 7 fold 3 final val RMSE 0.6423 (2.7 min)
2026-10-08 10:01:54 | INFO | seed 7 fold 4 epoch 1 | train MSE 0.6701 | val RMSE 0.6718 | val Pearson 0.8138
2026-10-08 10:02:24 | INFO | seed 7 fold 4 epoch 2 | train MSE 0.3580 | val RMSE 0.7214 | val Pearson 0.8335
2026-10-08 10:02:54 | INFO | seed 7 fold 4 epoch 3 | train MSE 0.1764 | val RMSE 0.5938 | val Pearson 0.8294
2026-10-08 10:03:25 | INFO | seed 7 fold 4 epoch 4 | train MSE 0.0872 | val RMSE 0.5663 | val Pearson 0.8432
2026-10-08 10:03:56 | INFO | seed 7 fold 4 epoch 5 | train MSE 0.0541 | val RMSE 0.5696 | val Pearson 0.8463
2026-10-08 10:04:01 | INFO | seed 7 fold 4 final val RMSE 0.5696 (2.6 min)
2026-10-08 10:04:39 | INFO | seed 7 fold 5 epoch 1 | train MSE 0.6331 | val RMSE 0.7124 | val Pearson 0.7554
2026-10-08 10:05:15 | INFO | seed 7 fold 5 epoch 2 | train MSE 0.3328 | val RMSE 0.7381 | val Pearson 0.7365
2026-10-08 10:05:51 | INFO | seed 7 fold 5 epoch 3 | train MSE 0.1702 | val RMSE 0.6703 | val Pearson 0.7513
2026-10-08 10:06:25 | INFO | seed 7 fold 5 epoch 4 | train MSE 0.0762 | val RMSE 0.6552 | val Pearson 0.7642
2026-10-08 10:06:55 | INFO | seed 7 fold 5 epoch 5 | train MSE 0.0493 | val RMSE 0.6588 | val Pearson 0.7667
2026-10-08 10:07:00 | INFO | seed 7 fold 5 final val RMSE 0.6588 (3.0 min)
2026-10-08 10:07:00 | INFO | seed 7 OOF RMSE 0.6074 | OOF Pearson 0.8054
2026-10-08 10:07:32 | INFO | seed 2024 fold 1 epoch 1 | train MSE 0.6611 | val RMSE 0.7335 | val Pearson 0.7996
2026-10-08 10:08:05 | INFO | seed 2024 fold 1 epoch 2 | train MSE 0.3263 | val RMSE 0.6519 | val Pearson 0.8336
2026-10-08 10:08:36 | INFO | seed 2024 fold 1 epoch 3 | train MSE 0.1736 | val RMSE 0.6314 | val Pearson 0.8325
2026-10-08 10:09:07 | INFO | seed 2024 fold 1 epoch 4 | train MSE 0.0904 | val RMSE 0.5718 | val Pearson 0.8467
2026-10-08 10:09:38 | INFO | seed 2024 fold 1 epoch 5 | train MSE 0.0559 | val RMSE 0.5757 | val Pearson 0.8418
2026-10-08 10:09:43 | INFO | seed 2024 fold 1 final val RMSE 0.5757 (2.7 min)
2026-10-08 10:10:14 | INFO | seed 2024 fold 2 epoch 1 | train MSE 0.7361 | val RMSE 0.7559 | val Pearson 0.7783
2026-10-08 10:10:43 | INFO | seed 2024 fold 2 epoch 2 | train MSE 0.3161 | val RMSE 0.5794 | val Pearson 0.7864
2026-10-08 10:11:12 | INFO | seed 2024 fold 2 epoch 3 | train MSE 0.1378 | val RMSE 0.5792 | val Pearson 0.7916
2026-10-08 10:11:42 | INFO | seed 2024 fold 2 epoch 4 | train MSE 0.0764 | val RMSE 0.5912 | val Pearson 0.8002
2026-10-08 10:12:11 | INFO | seed 2024 fold 2 epoch 5 | train MSE 0.0500 | val RMSE 0.5906 | val Pearson 0.7963
2026-10-08 10:12:16 | INFO | seed 2024 fold 2 final val RMSE 0.5906 (2.5 min)
2026-10-08 10:12:51 | INFO | seed 2024 fold 3 epoch 1 | train MSE 0.6850 | val RMSE 0.6481 | val Pearson 0.7828
2026-10-08 10:13:21 | INFO | seed 2024 fold 3 epoch 2 | train MSE 0.3009 | val RMSE 0.6292 | val Pearson 0.8242
2026-10-08 10:13:52 | INFO | seed 2024 fold 3 epoch 3 | train MSE 0.1836 | val RMSE 0.7350 | val Pearson 0.8126
2026-10-08 10:14:30 | INFO | seed 2024 fold 3 epoch 4 | train MSE 0.0974 | val RMSE 0.5981 | val Pearson 0.8171
2026-10-08 10:15:05 | INFO | seed 2024 fold 3 epoch 5 | train MSE 0.0556 | val RMSE 0.6016 | val Pearson 0.8202
2026-10-08 10:15:11 | INFO | seed 2024 fold 3 final val RMSE 0.6016 (2.9 min)
2026-10-08 10:15:49 | INFO | seed 2024 fold 4 epoch 1 | train MSE 0.7682 | val RMSE 0.7634 | val Pearson 0.8271
2026-10-08 10:16:22 | INFO | seed 2024 fold 4 epoch 2 | train MSE 0.3017 | val RMSE 0.6763 | val Pearson 0.8438
2026-10-08 10:16:56 | INFO | seed 2024 fold 4 epoch 3 | train MSE 0.1627 | val RMSE 0.5870 | val Pearson 0.8387
2026-10-08 10:17:29 | INFO | seed 2024 fold 4 epoch 4 | train MSE 0.0770 | val RMSE 0.5557 | val Pearson 0.8480
2026-10-08 10:18:03 | INFO | seed 2024 fold 4 epoch 5 | train MSE 0.0477 | val RMSE 0.5482 | val Pearson 0.8530
2026-10-08 10:18:08 | INFO | seed 2024 fold 4 final val RMSE 0.5482 (3.0 min)
2026-10-08 10:18:45 | INFO | seed 2024 fold 5 epoch 1 | train MSE 0.6215 | val RMSE 0.6956 | val Pearson 0.7644
2026-10-08 10:19:19 | INFO | seed 2024 fold 5 epoch 2 | train MSE 0.2897 | val RMSE 0.6635 | val Pearson 0.7636
2026-10-08 10:19:55 | INFO | seed 2024 fold 5 epoch 3 | train MSE 0.1318 | val RMSE 0.6447 | val Pearson 0.7690
2026-10-08 10:20:30 | INFO | seed 2024 fold 5 epoch 4 | train MSE 0.0700 | val RMSE 0.6264 | val Pearson 0.7847
2026-10-08 10:21:02 | INFO | seed 2024 fold 5 epoch 5 | train MSE 0.0453 | val RMSE 0.6397 | val Pearson 0.7804
2026-10-08 10:21:07 | INFO | seed 2024 fold 5 final val RMSE 0.6397 (3.0 min)
2026-10-08 10:21:07 | INFO | seed 2024 OOF RMSE 0.5915 | OOF Pearson 0.8164
2026-10-08 10:21:08 | INFO | deberta_topic_ps (3 seed avg) train RMSE 0.1248 | OOF RMSE 0.5929 | OOF Pearson 0.8158
2026-10-08 10:21:08 | INFO | saved deberta_topic_ps OOF / test predictions
