2026-10-07 07:31:08 | INFO | log file: /mnt/d/SHL assignment - Harsh Tripathi/logs/finetune_text_20261007_073108.log
2026-10-07 07:31:08 | INFO | args: {'model': '/mnt/d/models/deberta-v3-base', 'folds': 5, 'epochs': 5, 'lr': 2e-05, 'batch': 8, 'max_len': 320, 'seeds': [42, 7, 2024]}
2026-10-07 07:31:42 | INFO | seed 42 fold 1 epoch 1 | train MSE 0.7464 | val RMSE 0.6771 | val Pearson 0.7959
2026-10-07 07:32:10 | INFO | seed 42 fold 1 epoch 2 | train MSE 0.3461 | val RMSE 0.5323 | val Pearson 0.8570
2026-10-07 07:32:37 | INFO | seed 42 fold 1 epoch 3 | train MSE 0.1968 | val RMSE 0.5385 | val Pearson 0.8565
2026-10-07 07:33:04 | INFO | seed 42 fold 1 epoch 4 | train MSE 0.0976 | val RMSE 0.5091 | val Pearson 0.8671
2026-10-07 07:33:28 | INFO | seed 42 fold 1 epoch 5 | train MSE 0.0611 | val RMSE 0.5072 | val Pearson 0.8677
2026-10-07 07:33:33 | INFO | seed 42 fold 1 final val RMSE 0.5072 (2.4 min)
2026-10-07 07:34:08 | INFO | seed 42 fold 2 epoch 1 | train MSE 0.6840 | val RMSE 0.6571 | val Pearson 0.7686
2026-10-07 07:34:34 | INFO | seed 42 fold 2 epoch 2 | train MSE 0.3005 | val RMSE 0.7113 | val Pearson 0.8019
2026-10-07 07:35:00 | INFO | seed 42 fold 2 epoch 3 | train MSE 0.1572 | val RMSE 0.6252 | val Pearson 0.7915
2026-10-07 07:35:29 | INFO | seed 42 fold 2 epoch 4 | train MSE 0.0834 | val RMSE 0.6506 | val Pearson 0.8025
2026-10-07 07:35:55 | INFO | seed 42 fold 2 epoch 5 | train MSE 0.0583 | val RMSE 0.6175 | val Pearson 0.8017
2026-10-07 07:36:01 | INFO | seed 42 fold 2 final val RMSE 0.6175 (2.5 min)
2026-10-07 07:36:28 | INFO | seed 42 fold 3 epoch 1 | train MSE 0.6801 | val RMSE 0.7067 | val Pearson 0.7578
2026-10-07 07:36:51 | INFO | seed 42 fold 3 epoch 2 | train MSE 0.3440 | val RMSE 0.6473 | val Pearson 0.8108
2026-10-07 07:37:13 | INFO | seed 42 fold 3 epoch 3 | train MSE 0.1671 | val RMSE 0.6035 | val Pearson 0.8150
2026-10-07 07:37:36 | INFO | seed 42 fold 3 epoch 4 | train MSE 0.0978 | val RMSE 0.6061 | val Pearson 0.8098
2026-10-07 07:37:59 | INFO | seed 42 fold 3 epoch 5 | train MSE 0.0600 | val RMSE 0.6043 | val Pearson 0.8100
2026-10-07 07:38:03 | INFO | seed 42 fold 3 final val RMSE 0.6043 (2.0 min)
2026-10-07 07:38:35 | INFO | seed 42 fold 4 epoch 1 | train MSE 0.8117 | val RMSE 0.6741 | val Pearson 0.7739
2026-10-07 07:38:57 | INFO | seed 42 fold 4 epoch 2 | train MSE 0.3511 | val RMSE 0.6382 | val Pearson 0.8191
2026-10-07 07:39:22 | INFO | seed 42 fold 4 epoch 3 | train MSE 0.2270 | val RMSE 0.5961 | val Pearson 0.8149
2026-10-07 07:39:45 | INFO | seed 42 fold 4 epoch 4 | train MSE 0.1371 | val RMSE 0.5865 | val Pearson 0.8212
2026-10-07 07:40:07 | INFO | seed 42 fold 4 epoch 5 | train MSE 0.0778 | val RMSE 0.5857 | val Pearson 0.8229
2026-10-07 07:40:11 | INFO | seed 42 fold 4 final val RMSE 0.5857 (2.1 min)
2026-10-07 07:40:35 | INFO | seed 42 fold 5 epoch 1 | train MSE 0.7943 | val RMSE 0.8350 | val Pearson 0.7580
2026-10-07 07:40:57 | INFO | seed 42 fold 5 epoch 2 | train MSE 0.4188 | val RMSE 0.8515 | val Pearson 0.7985
2026-10-07 07:41:20 | INFO | seed 42 fold 5 epoch 3 | train MSE 0.2413 | val RMSE 0.5660 | val Pearson 0.8294
2026-10-07 07:41:42 | INFO | seed 42 fold 5 epoch 4 | train MSE 0.1101 | val RMSE 0.5511 | val Pearson 0.8382
2026-10-07 07:42:04 | INFO | seed 42 fold 5 epoch 5 | train MSE 0.0696 | val RMSE 0.5505 | val Pearson 0.8390
2026-10-07 07:42:09 | INFO | seed 42 fold 5 final val RMSE 0.5505 (2.0 min)
2026-10-07 07:42:09 | INFO | seed 42 OOF RMSE 0.5744 | OOF Pearson 0.8272
2026-10-07 07:42:32 | INFO | seed 7 fold 1 epoch 1 | train MSE 0.6303 | val RMSE 0.6689 | val Pearson 0.8167
2026-10-07 07:42:56 | INFO | seed 7 fold 1 epoch 2 | train MSE 0.3063 | val RMSE 0.6667 | val Pearson 0.8023
2026-10-07 07:43:19 | INFO | seed 7 fold 1 epoch 3 | train MSE 0.1750 | val RMSE 0.6829 | val Pearson 0.8265
2026-10-07 07:43:41 | INFO | seed 7 fold 1 epoch 4 | train MSE 0.1184 | val RMSE 0.5746 | val Pearson 0.8264
2026-10-07 07:44:02 | INFO | seed 7 fold 1 epoch 5 | train MSE 0.0571 | val RMSE 0.5777 | val Pearson 0.8248
2026-10-07 07:44:07 | INFO | seed 7 fold 1 final val RMSE 0.5777 (2.0 min)
2026-10-07 07:44:34 | INFO | seed 7 fold 2 epoch 1 | train MSE 0.7720 | val RMSE 0.6480 | val Pearson 0.8100
2026-10-07 07:44:56 | INFO | seed 7 fold 2 epoch 2 | train MSE 0.3290 | val RMSE 0.6932 | val Pearson 0.8130
2026-10-07 07:45:17 | INFO | seed 7 fold 2 epoch 3 | train MSE 0.1636 | val RMSE 0.5654 | val Pearson 0.8305
2026-10-07 07:45:38 | INFO | seed 7 fold 2 epoch 4 | train MSE 0.0966 | val RMSE 0.5607 | val Pearson 0.8334
2026-10-07 07:46:00 | INFO | seed 7 fold 2 epoch 5 | train MSE 0.0561 | val RMSE 0.5613 | val Pearson 0.8363
2026-10-07 07:46:05 | INFO | seed 7 fold 2 final val RMSE 0.5613 (2.0 min)
2026-10-07 07:46:29 | INFO | seed 7 fold 3 epoch 1 | train MSE 0.7544 | val RMSE 0.8608 | val Pearson 0.8098
2026-10-07 07:46:52 | INFO | seed 7 fold 3 epoch 2 | train MSE 0.3691 | val RMSE 0.5867 | val Pearson 0.8290
2026-10-07 07:47:14 | INFO | seed 7 fold 3 epoch 3 | train MSE 0.1866 | val RMSE 0.5774 | val Pearson 0.8284
2026-10-07 07:47:35 | INFO | seed 7 fold 3 epoch 4 | train MSE 0.1079 | val RMSE 0.5570 | val Pearson 0.8367
2026-10-07 07:47:57 | INFO | seed 7 fold 3 epoch 5 | train MSE 0.0610 | val RMSE 0.5561 | val Pearson 0.8349
2026-10-07 07:48:02 | INFO | seed 7 fold 3 final val RMSE 0.5561 (1.9 min)
2026-10-07 07:48:24 | INFO | seed 7 fold 4 epoch 1 | train MSE 0.7769 | val RMSE 0.7657 | val Pearson 0.7584
2026-10-07 07:48:46 | INFO | seed 7 fold 4 epoch 2 | train MSE 0.3821 | val RMSE 0.6353 | val Pearson 0.7920
2026-10-07 07:49:11 | INFO | seed 7 fold 4 epoch 3 | train MSE 0.2107 | val RMSE 0.6253 | val Pearson 0.8055
2026-10-07 07:49:34 | INFO | seed 7 fold 4 epoch 4 | train MSE 0.1010 | val RMSE 0.6279 | val Pearson 0.8083
2026-10-07 07:49:57 | INFO | seed 7 fold 4 epoch 5 | train MSE 0.0628 | val RMSE 0.6082 | val Pearson 0.8101
2026-10-07 07:50:01 | INFO | seed 7 fold 4 final val RMSE 0.6082 (2.0 min)
2026-10-07 07:50:25 | INFO | seed 7 fold 5 epoch 1 | train MSE 0.7739 | val RMSE 0.6497 | val Pearson 0.7850
2026-10-07 07:50:46 | INFO | seed 7 fold 5 epoch 2 | train MSE 0.3429 | val RMSE 0.7076 | val Pearson 0.7926
2026-10-07 07:51:09 | INFO | seed 7 fold 5 epoch 3 | train MSE 0.1914 | val RMSE 0.6085 | val Pearson 0.8087
2026-10-07 07:51:33 | INFO | seed 7 fold 5 epoch 4 | train MSE 0.0928 | val RMSE 0.6005 | val Pearson 0.8053
2026-10-07 07:51:57 | INFO | seed 7 fold 5 epoch 5 | train MSE 0.0607 | val RMSE 0.6014 | val Pearson 0.8082
2026-10-07 07:52:03 | INFO | seed 7 fold 5 final val RMSE 0.6014 (2.0 min)
2026-10-07 07:52:03 | INFO | seed 7 OOF RMSE 0.5813 | OOF Pearson 0.8215
2026-10-07 07:52:30 | INFO | seed 2024 fold 1 epoch 1 | train MSE 0.7353 | val RMSE 0.7875 | val Pearson 0.7232
2026-10-07 07:52:54 | INFO | seed 2024 fold 1 epoch 2 | train MSE 0.3840 | val RMSE 0.6230 | val Pearson 0.7943
2026-10-07 07:53:18 | INFO | seed 2024 fold 1 epoch 3 | train MSE 0.2041 | val RMSE 0.6330 | val Pearson 0.8033
2026-10-07 07:53:42 | INFO | seed 2024 fold 1 epoch 4 | train MSE 0.1095 | val RMSE 0.5815 | val Pearson 0.8202
2026-10-07 07:54:06 | INFO | seed 2024 fold 1 epoch 5 | train MSE 0.0698 | val RMSE 0.5863 | val Pearson 0.8199
2026-10-07 07:54:11 | INFO | seed 2024 fold 1 final val RMSE 0.5863 (2.1 min)
2026-10-07 07:54:39 | INFO | seed 2024 fold 2 epoch 1 | train MSE 0.8494 | val RMSE 0.6341 | val Pearson 0.7991
2026-10-07 07:55:02 | INFO | seed 2024 fold 2 epoch 2 | train MSE 0.3525 | val RMSE 0.5833 | val Pearson 0.8159
2026-10-07 07:55:26 | INFO | seed 2024 fold 2 epoch 3 | train MSE 0.2058 | val RMSE 0.6331 | val Pearson 0.8189
2026-10-07 07:55:51 | INFO | seed 2024 fold 2 epoch 4 | train MSE 0.1057 | val RMSE 0.6051 | val Pearson 0.8138
2026-10-07 07:56:18 | INFO | seed 2024 fold 2 epoch 5 | train MSE 0.0589 | val RMSE 0.5862 | val Pearson 0.8163
2026-10-07 07:56:23 | INFO | seed 2024 fold 2 final val RMSE 0.5862 (2.2 min)
2026-10-07 07:56:50 | INFO | seed 2024 fold 3 epoch 1 | train MSE 0.7705 | val RMSE 0.6299 | val Pearson 0.8069
2026-10-07 07:57:14 | INFO | seed 2024 fold 3 epoch 2 | train MSE 0.3770 | val RMSE 0.6855 | val Pearson 0.8204
2026-10-07 07:57:35 | INFO | seed 2024 fold 3 epoch 3 | train MSE 0.1958 | val RMSE 0.5583 | val Pearson 0.8386
2026-10-07 07:57:59 | INFO | seed 2024 fold 3 epoch 4 | train MSE 0.1101 | val RMSE 0.5575 | val Pearson 0.8458
2026-10-07 07:58:23 | INFO | seed 2024 fold 3 epoch 5 | train MSE 0.0658 | val RMSE 0.5687 | val Pearson 0.8443
2026-10-07 07:58:28 | INFO | seed 2024 fold 3 final val RMSE 0.5687 (2.1 min)
2026-10-07 07:58:52 | INFO | seed 2024 fold 4 epoch 1 | train MSE 0.8302 | val RMSE 0.6572 | val Pearson 0.7975
2026-10-07 07:59:14 | INFO | seed 2024 fold 4 epoch 2 | train MSE 0.2919 | val RMSE 0.8451 | val Pearson 0.7603
2026-10-07 07:59:36 | INFO | seed 2024 fold 4 epoch 3 | train MSE 0.1965 | val RMSE 0.6074 | val Pearson 0.8037
2026-10-07 07:59:58 | INFO | seed 2024 fold 4 epoch 4 | train MSE 0.1026 | val RMSE 0.6300 | val Pearson 0.7993
2026-10-07 08:00:19 | INFO | seed 2024 fold 4 epoch 5 | train MSE 0.0553 | val RMSE 0.6112 | val Pearson 0.8011
2026-10-07 08:00:24 | INFO | seed 2024 fold 4 final val RMSE 0.6112 (1.9 min)
2026-10-07 08:00:47 | INFO | seed 2024 fold 5 epoch 1 | train MSE 0.6337 | val RMSE 0.6861 | val Pearson 0.7835
2026-10-07 08:01:11 | INFO | seed 2024 fold 5 epoch 2 | train MSE 0.3620 | val RMSE 0.6195 | val Pearson 0.8043
2026-10-07 08:01:35 | INFO | seed 2024 fold 5 epoch 3 | train MSE 0.1927 | val RMSE 0.6471 | val Pearson 0.7865
2026-10-07 08:02:01 | INFO | seed 2024 fold 5 epoch 4 | train MSE 0.1148 | val RMSE 0.6047 | val Pearson 0.8049
2026-10-07 08:02:26 | INFO | seed 2024 fold 5 epoch 5 | train MSE 0.0653 | val RMSE 0.6102 | val Pearson 0.8042
2026-10-07 08:02:31 | INFO | seed 2024 fold 5 final val RMSE 0.6102 (2.1 min)
2026-10-07 08:02:31 | INFO | seed 2024 OOF RMSE 0.5927 | OOF Pearson 0.8148
2026-10-07 08:02:31 | INFO | DeBERTa (3 seed avg) train RMSE 0.1418 | OOF RMSE 0.5699 | OOF Pearson 0.8288
2026-10-07 08:02:32 | INFO | saved deberta OOF / test predictions
