2026-10-07 08:47:59 | INFO | log file: /mnt/d/SHL assignment - Harsh Tripathi/logs/train_20261007_084759.log
2026-10-07 08:47:59 | INFO | folds=5 repeats=3
2026-10-07 08:47:59 | INFO | train rows after dropping noise clips: 732, test rows: 216
2026-10-07 08:48:00 | INFO | model ridge | features ['handcrafted', 'grammar', 'embedding'] | X shape (732, 794)
2026-10-07 08:48:00 | INFO |   ridge fold  1 | train RMSE 0.4876 | val RMSE 0.6426 | val Pearson 0.7737
2026-10-07 08:48:00 | INFO |   ridge fold  2 | train RMSE 0.4724 | val RMSE 0.7222 | val Pearson 0.7078
2026-10-07 08:48:01 | INFO |   ridge fold  3 | train RMSE 0.4644 | val RMSE 0.7579 | val Pearson 0.6754
2026-10-07 08:48:01 | INFO |   ridge fold  4 | train RMSE 0.4780 | val RMSE 0.6790 | val Pearson 0.7477
2026-10-07 08:48:01 | INFO |   ridge fold  5 | train RMSE 0.4866 | val RMSE 0.6597 | val Pearson 0.7571
2026-10-07 08:48:01 | INFO |   ridge fold  6 | train RMSE 0.4909 | val RMSE 0.6499 | val Pearson 0.7646
2026-10-07 08:48:02 | INFO |   ridge fold  7 | train RMSE 0.4633 | val RMSE 0.7574 | val Pearson 0.6734
2026-10-07 08:48:02 | INFO |   ridge fold  8 | train RMSE 0.4821 | val RMSE 0.6813 | val Pearson 0.7403
2026-10-07 08:48:02 | INFO |   ridge fold  9 | train RMSE 0.4649 | val RMSE 0.7332 | val Pearson 0.6996
2026-10-07 08:48:02 | INFO |   ridge fold 10 | train RMSE 0.4811 | val RMSE 0.6882 | val Pearson 0.7364
2026-10-07 08:48:02 | INFO |   ridge fold 11 | train RMSE 0.4699 | val RMSE 0.7079 | val Pearson 0.7242
2026-10-07 08:48:03 | INFO |   ridge fold 12 | train RMSE 0.4914 | val RMSE 0.6579 | val Pearson 0.7677
2026-10-07 08:48:03 | INFO |   ridge fold 13 | train RMSE 0.4810 | val RMSE 0.6625 | val Pearson 0.7582
2026-10-07 08:48:03 | INFO |   ridge fold 14 | train RMSE 0.4672 | val RMSE 0.7646 | val Pearson 0.6686
2026-10-07 08:48:03 | INFO |   ridge fold 15 | train RMSE 0.4691 | val RMSE 0.7499 | val Pearson 0.6755
2026-10-07 08:48:03 | INFO | ridge | full-fit train RMSE 0.4904 | OOF RMSE 0.6928 | OOF Pearson 0.7306
2026-10-07 08:48:04 | INFO | model svr | features ['handcrafted', 'grammar', 'embedding'] | X shape (732, 794)
2026-10-07 08:48:04 | INFO |   svr fold  1 | train RMSE 0.2130 | val RMSE 0.6487 | val Pearson 0.7676
2026-10-07 08:48:04 | INFO |   svr fold  2 | train RMSE 0.1977 | val RMSE 0.7480 | val Pearson 0.6829
2026-10-07 08:48:05 | INFO |   svr fold  3 | train RMSE 0.2087 | val RMSE 0.7751 | val Pearson 0.6533
2026-10-07 08:48:05 | INFO |   svr fold  4 | train RMSE 0.2040 | val RMSE 0.7143 | val Pearson 0.7203
2026-10-07 08:48:05 | INFO |   svr fold  5 | train RMSE 0.2108 | val RMSE 0.6642 | val Pearson 0.7619
2026-10-07 08:48:05 | INFO |   svr fold  6 | train RMSE 0.2082 | val RMSE 0.6812 | val Pearson 0.7388
2026-10-07 08:48:06 | INFO |   svr fold  7 | train RMSE 0.2038 | val RMSE 0.7395 | val Pearson 0.7005
2026-10-07 08:48:06 | INFO |   svr fold  8 | train RMSE 0.2115 | val RMSE 0.6507 | val Pearson 0.7767
2026-10-07 08:48:06 | INFO |   svr fold  9 | train RMSE 0.2024 | val RMSE 0.7320 | val Pearson 0.6926
2026-10-07 08:48:06 | INFO |   svr fold 10 | train RMSE 0.2049 | val RMSE 0.7163 | val Pearson 0.7143
2026-10-07 08:48:07 | INFO |   svr fold 11 | train RMSE 0.2030 | val RMSE 0.6746 | val Pearson 0.7454
2026-10-07 08:48:07 | INFO |   svr fold 12 | train RMSE 0.2098 | val RMSE 0.7020 | val Pearson 0.7356
2026-10-07 08:48:07 | INFO |   svr fold 13 | train RMSE 0.2049 | val RMSE 0.6881 | val Pearson 0.7386
2026-10-07 08:48:08 | INFO |   svr fold 14 | train RMSE 0.2047 | val RMSE 0.7526 | val Pearson 0.6900
2026-10-07 08:48:08 | INFO |   svr fold 15 | train RMSE 0.2115 | val RMSE 0.7143 | val Pearson 0.7091
2026-10-07 08:48:08 | INFO | svr | full-fit train RMSE 0.2114 | OOF RMSE 0.7016 | OOF Pearson 0.7259
2026-10-07 08:48:09 | INFO | model lgbm | features ['handcrafted', 'grammar', 'audio', 'embedding_pca', 'wavlm_pca'] | X shape (732, 81)
2026-10-07 08:48:10 | INFO |   lgbm fold  1 | train RMSE 0.2258 | val RMSE 0.4986 | val Pearson 0.8712
2026-10-07 08:48:10 | INFO |   lgbm fold  2 | train RMSE 0.2105 | val RMSE 0.6340 | val Pearson 0.7842
2026-10-07 08:48:11 | INFO |   lgbm fold  3 | train RMSE 0.2130 | val RMSE 0.5952 | val Pearson 0.8127
2026-10-07 08:48:11 | INFO |   lgbm fold  4 | train RMSE 0.2222 | val RMSE 0.5639 | val Pearson 0.8330
2026-10-07 08:48:12 | INFO |   lgbm fold  5 | train RMSE 0.2136 | val RMSE 0.5953 | val Pearson 0.8089
2026-10-07 08:48:12 | INFO |   lgbm fold  6 | train RMSE 0.2207 | val RMSE 0.5369 | val Pearson 0.8468
2026-10-07 08:48:13 | INFO |   lgbm fold  7 | train RMSE 0.2151 | val RMSE 0.6183 | val Pearson 0.7979
2026-10-07 08:48:13 | INFO |   lgbm fold  8 | train RMSE 0.2175 | val RMSE 0.5434 | val Pearson 0.8436
2026-10-07 08:48:14 | INFO |   lgbm fold  9 | train RMSE 0.2097 | val RMSE 0.6225 | val Pearson 0.7908
2026-10-07 08:48:14 | INFO |   lgbm fold 10 | train RMSE 0.2121 | val RMSE 0.5762 | val Pearson 0.8272
2026-10-07 08:48:14 | INFO |   lgbm fold 11 | train RMSE 0.2142 | val RMSE 0.5779 | val Pearson 0.8244
2026-10-07 08:48:15 | INFO |   lgbm fold 12 | train RMSE 0.2158 | val RMSE 0.5446 | val Pearson 0.8475
2026-10-07 08:48:15 | INFO |   lgbm fold 13 | train RMSE 0.2206 | val RMSE 0.5651 | val Pearson 0.8311
2026-10-07 08:48:16 | INFO |   lgbm fold 14 | train RMSE 0.2161 | val RMSE 0.5891 | val Pearson 0.8221
2026-10-07 08:48:16 | INFO |   lgbm fold 15 | train RMSE 0.2103 | val RMSE 0.6273 | val Pearson 0.7851
2026-10-07 08:48:17 | INFO | lgbm | full-fit train RMSE 0.2500 | OOF RMSE 0.5729 | OOF Pearson 0.8256
2026-10-07 08:48:17 | INFO | model ridge_wavlm | features ['wavlm'] | X shape (732, 1536)
2026-10-07 08:48:17 | INFO |   ridge_wavlm fold  1 | train RMSE 0.5232 | val RMSE 0.5300 | val Pearson 0.8573
2026-10-07 08:48:18 | INFO |   ridge_wavlm fold  2 | train RMSE 0.4990 | val RMSE 0.6358 | val Pearson 0.7875
2026-10-07 08:48:18 | INFO |   ridge_wavlm fold  3 | train RMSE 0.5081 | val RMSE 0.5839 | val Pearson 0.8210
2026-10-07 08:48:18 | INFO |   ridge_wavlm fold  4 | train RMSE 0.5086 | val RMSE 0.6073 | val Pearson 0.8078
2026-10-07 08:48:18 | INFO |   ridge_wavlm fold  5 | train RMSE 0.5102 | val RMSE 0.5859 | val Pearson 0.8229
2026-10-07 08:48:18 | INFO |   ridge_wavlm fold  6 | train RMSE 0.5083 | val RMSE 0.6016 | val Pearson 0.8026
2026-10-07 08:48:18 | INFO |   ridge_wavlm fold  7 | train RMSE 0.5006 | val RMSE 0.6145 | val Pearson 0.8084
2026-10-07 08:48:18 | INFO |   ridge_wavlm fold  8 | train RMSE 0.5149 | val RMSE 0.5538 | val Pearson 0.8428
2026-10-07 08:48:18 | INFO |   ridge_wavlm fold  9 | train RMSE 0.5119 | val RMSE 0.5812 | val Pearson 0.8261
2026-10-07 08:48:19 | INFO |   ridge_wavlm fold 10 | train RMSE 0.5127 | val RMSE 0.6003 | val Pearson 0.8156
2026-10-07 08:48:19 | INFO |   ridge_wavlm fold 11 | train RMSE 0.5130 | val RMSE 0.5491 | val Pearson 0.8410
2026-10-07 08:48:19 | INFO |   ridge_wavlm fold 12 | train RMSE 0.5047 | val RMSE 0.5965 | val Pearson 0.8126
2026-10-07 08:48:19 | INFO |   ridge_wavlm fold 13 | train RMSE 0.5174 | val RMSE 0.5659 | val Pearson 0.8363
2026-10-07 08:48:19 | INFO |   ridge_wavlm fold 14 | train RMSE 0.5134 | val RMSE 0.6040 | val Pearson 0.8223
2026-10-07 08:48:19 | INFO |   ridge_wavlm fold 15 | train RMSE 0.5013 | val RMSE 0.6338 | val Pearson 0.7827
2026-10-07 08:48:19 | INFO | ridge_wavlm | full-fit train RMSE 0.5059 | OOF RMSE 0.5887 | OOF Pearson 0.8193
2026-10-07 08:48:20 | INFO | deberta (precomputed) | train RMSE 0.1418 | OOF RMSE 0.5699 | OOF Pearson 0.8288
2026-10-07 08:48:20 | INFO | blend weights: {'ridge': 0.0, 'svr': 0.0, 'lgbm': 0.218, 'ridge_wavlm': 0.327, 'deberta': 0.455} | calibration: y = 1.120 * p + -0.424
2026-10-07 08:48:20 | INFO | blend before calibration | OOF RMSE 0.5145 | OOF Pearson 0.8666
2026-10-07 08:48:20 | INFO | blend | train RMSE 0.2076 | OOF RMSE 0.5048 | OOF Pearson 0.8673
2026-10-07 08:48:20 | INFO | wrote /mnt/d/SHL assignment - Harsh Tripathi/submission.csv (216, 2)
