2026-10-07 06:50:51 | INFO | log file: /mnt/d/SHL assignment - Harsh Tripathi/logs/train_20261007_065051.log
2026-10-07 06:50:51 | INFO | folds=5 repeats=3
2026-10-07 06:50:51 | INFO | train rows after dropping noise clips: 732, test rows: 216
2026-10-07 06:50:52 | INFO | model ridge | features ['handcrafted', 'grammar', 'embedding'] | X shape (732, 794)
2026-10-07 06:50:52 | INFO |   ridge fold  1 | train RMSE 0.4876 | val RMSE 0.6426 | val Pearson 0.7737
2026-10-07 06:50:52 | INFO |   ridge fold  2 | train RMSE 0.4724 | val RMSE 0.7222 | val Pearson 0.7078
2026-10-07 06:50:53 | INFO |   ridge fold  3 | train RMSE 0.4644 | val RMSE 0.7579 | val Pearson 0.6754
2026-10-07 06:50:53 | INFO |   ridge fold  4 | train RMSE 0.4780 | val RMSE 0.6790 | val Pearson 0.7477
2026-10-07 06:50:53 | INFO |   ridge fold  5 | train RMSE 0.4866 | val RMSE 0.6597 | val Pearson 0.7571
2026-10-07 06:50:53 | INFO |   ridge fold  6 | train RMSE 0.4909 | val RMSE 0.6499 | val Pearson 0.7646
2026-10-07 06:50:54 | INFO |   ridge fold  7 | train RMSE 0.4633 | val RMSE 0.7574 | val Pearson 0.6734
2026-10-07 06:50:54 | INFO |   ridge fold  8 | train RMSE 0.4821 | val RMSE 0.6813 | val Pearson 0.7403
2026-10-07 06:50:54 | INFO |   ridge fold  9 | train RMSE 0.4649 | val RMSE 0.7332 | val Pearson 0.6996
2026-10-07 06:50:55 | INFO |   ridge fold 10 | train RMSE 0.4811 | val RMSE 0.6882 | val Pearson 0.7364
2026-10-07 06:50:55 | INFO |   ridge fold 11 | train RMSE 0.4699 | val RMSE 0.7079 | val Pearson 0.7242
2026-10-07 06:50:55 | INFO |   ridge fold 12 | train RMSE 0.4914 | val RMSE 0.6579 | val Pearson 0.7677
2026-10-07 06:50:56 | INFO |   ridge fold 13 | train RMSE 0.4810 | val RMSE 0.6625 | val Pearson 0.7582
2026-10-07 06:50:56 | INFO |   ridge fold 14 | train RMSE 0.4672 | val RMSE 0.7646 | val Pearson 0.6686
2026-10-07 06:50:56 | INFO |   ridge fold 15 | train RMSE 0.4691 | val RMSE 0.7499 | val Pearson 0.6755
2026-10-07 06:50:56 | INFO | ridge | full-fit train RMSE 0.4904 | OOF RMSE 0.6928 | OOF Pearson 0.7306
2026-10-07 06:50:57 | INFO | model svr | features ['handcrafted', 'grammar', 'embedding'] | X shape (732, 794)
2026-10-07 06:50:57 | INFO |   svr fold  1 | train RMSE 0.2130 | val RMSE 0.6487 | val Pearson 0.7676
2026-10-07 06:50:57 | INFO |   svr fold  2 | train RMSE 0.1977 | val RMSE 0.7480 | val Pearson 0.6829
2026-10-07 06:50:57 | INFO |   svr fold  3 | train RMSE 0.2087 | val RMSE 0.7751 | val Pearson 0.6533
2026-10-07 06:50:58 | INFO |   svr fold  4 | train RMSE 0.2040 | val RMSE 0.7143 | val Pearson 0.7203
2026-10-07 06:50:58 | INFO |   svr fold  5 | train RMSE 0.2108 | val RMSE 0.6642 | val Pearson 0.7619
2026-10-07 06:50:58 | INFO |   svr fold  6 | train RMSE 0.2082 | val RMSE 0.6812 | val Pearson 0.7388
2026-10-07 06:50:58 | INFO |   svr fold  7 | train RMSE 0.2038 | val RMSE 0.7395 | val Pearson 0.7005
2026-10-07 06:50:59 | INFO |   svr fold  8 | train RMSE 0.2115 | val RMSE 0.6507 | val Pearson 0.7767
2026-10-07 06:50:59 | INFO |   svr fold  9 | train RMSE 0.2024 | val RMSE 0.7320 | val Pearson 0.6926
2026-10-07 06:50:59 | INFO |   svr fold 10 | train RMSE 0.2049 | val RMSE 0.7163 | val Pearson 0.7143
2026-10-07 06:50:59 | INFO |   svr fold 11 | train RMSE 0.2030 | val RMSE 0.6746 | val Pearson 0.7454
2026-10-07 06:50:59 | INFO |   svr fold 12 | train RMSE 0.2098 | val RMSE 0.7020 | val Pearson 0.7356
2026-10-07 06:50:59 | INFO |   svr fold 13 | train RMSE 0.2049 | val RMSE 0.6881 | val Pearson 0.7386
2026-10-07 06:51:00 | INFO |   svr fold 14 | train RMSE 0.2047 | val RMSE 0.7526 | val Pearson 0.6900
2026-10-07 06:51:00 | INFO |   svr fold 15 | train RMSE 0.2115 | val RMSE 0.7143 | val Pearson 0.7091
2026-10-07 06:51:00 | INFO | svr | full-fit train RMSE 0.2114 | OOF RMSE 0.7016 | OOF Pearson 0.7259
2026-10-07 06:51:00 | INFO | model lgbm | features ['handcrafted', 'grammar', 'audio'] | X shape (732, 41)
2026-10-07 06:51:01 | INFO |   lgbm fold  1 | train RMSE 0.1263 | val RMSE 0.6096 | val Pearson 0.7972
2026-10-07 06:51:01 | INFO |   lgbm fold  2 | train RMSE 0.1201 | val RMSE 0.6695 | val Pearson 0.7555
2026-10-07 06:51:01 | INFO |   lgbm fold  3 | train RMSE 0.1252 | val RMSE 0.6558 | val Pearson 0.7723
2026-10-07 06:51:01 | INFO |   lgbm fold  4 | train RMSE 0.1255 | val RMSE 0.6442 | val Pearson 0.7772
2026-10-07 06:51:01 | INFO |   lgbm fold  5 | train RMSE 0.1257 | val RMSE 0.6479 | val Pearson 0.7668
2026-10-07 06:51:02 | INFO |   lgbm fold  6 | train RMSE 0.1291 | val RMSE 0.5697 | val Pearson 0.8267
2026-10-07 06:51:02 | INFO |   lgbm fold  7 | train RMSE 0.1213 | val RMSE 0.7103 | val Pearson 0.7205
2026-10-07 06:51:02 | INFO |   lgbm fold  8 | train RMSE 0.1233 | val RMSE 0.6421 | val Pearson 0.7729
2026-10-07 06:51:02 | INFO |   lgbm fold  9 | train RMSE 0.1244 | val RMSE 0.6398 | val Pearson 0.7780
2026-10-07 06:51:02 | INFO |   lgbm fold 10 | train RMSE 0.1274 | val RMSE 0.6420 | val Pearson 0.7788
2026-10-07 06:51:03 | INFO |   lgbm fold 11 | train RMSE 0.1235 | val RMSE 0.6037 | val Pearson 0.8055
2026-10-07 06:51:03 | INFO |   lgbm fold 12 | train RMSE 0.1232 | val RMSE 0.6230 | val Pearson 0.7964
2026-10-07 06:51:03 | INFO |   lgbm fold 13 | train RMSE 0.1266 | val RMSE 0.6076 | val Pearson 0.8013
2026-10-07 06:51:04 | INFO |   lgbm fold 14 | train RMSE 0.1243 | val RMSE 0.6657 | val Pearson 0.7625
2026-10-07 06:51:04 | INFO |   lgbm fold 15 | train RMSE 0.1217 | val RMSE 0.6632 | val Pearson 0.7555
2026-10-07 06:51:04 | INFO | lgbm | full-fit train RMSE 0.1545 | OOF RMSE 0.6301 | OOF Pearson 0.7835
2026-10-07 06:51:04 | INFO | blend weights: {'ridge': 0.207, 'svr': 0.125, 'lgbm': 0.668}
2026-10-07 06:51:04 | INFO | blend | train RMSE 0.2081 | OOF RMSE 0.6111 | OOF Pearson 0.8025
2026-10-07 06:51:04 | INFO | wrote /mnt/d/SHL assignment - Harsh Tripathi/artifacts/predictions/submission.csv (216, 2)
