2026-10-09 06:49:52 | INFO | log file: /mnt/d/SHL assignment - Harsh Tripathi/logs/train_20261009_064952.log
2026-10-09 06:49:52 | INFO | folds=5 repeats=3
2026-10-09 06:49:52 | INFO | train rows after dropping noise clips: 732, test rows: 216
2026-10-09 06:49:53 | INFO | fitting with importance weights (covariate-shift correction)
2026-10-09 06:49:53 | INFO | model ridge | features ['handcrafted', 'grammar', 'embedding'] | X shape (732, 794)
2026-10-09 06:49:53 | INFO |   ridge fold  1 | train RMSE 0.5445 | val RMSE 0.6585 | val Pearson 0.7604
2026-10-09 06:49:53 | INFO |   ridge fold  2 | train RMSE 0.5282 | val RMSE 0.7432 | val Pearson 0.6870
2026-10-09 06:49:54 | INFO |   ridge fold  3 | train RMSE 0.5126 | val RMSE 0.7661 | val Pearson 0.6669
2026-10-09 06:49:54 | INFO |   ridge fold  4 | train RMSE 0.5369 | val RMSE 0.6834 | val Pearson 0.7436
2026-10-09 06:49:54 | INFO |   ridge fold  5 | train RMSE 0.5380 | val RMSE 0.6817 | val Pearson 0.7375
2026-10-09 06:49:55 | INFO |   ridge fold  6 | train RMSE 0.5467 | val RMSE 0.7156 | val Pearson 0.7086
2026-10-09 06:49:55 | INFO |   ridge fold  7 | train RMSE 0.5172 | val RMSE 0.7473 | val Pearson 0.6824
2026-10-09 06:49:55 | INFO |   ridge fold  8 | train RMSE 0.5372 | val RMSE 0.6666 | val Pearson 0.7535
2026-10-09 06:49:55 | INFO |   ridge fold  9 | train RMSE 0.5206 | val RMSE 0.7315 | val Pearson 0.6957
2026-10-09 06:49:55 | INFO |   ridge fold 10 | train RMSE 0.5368 | val RMSE 0.6780 | val Pearson 0.7457
2026-10-09 06:49:56 | INFO |   ridge fold 11 | train RMSE 0.5255 | val RMSE 0.7242 | val Pearson 0.7083
2026-10-09 06:49:56 | INFO |   ridge fold 12 | train RMSE 0.5488 | val RMSE 0.6798 | val Pearson 0.7474
2026-10-09 06:49:56 | INFO |   ridge fold 13 | train RMSE 0.5369 | val RMSE 0.6759 | val Pearson 0.7474
2026-10-09 06:49:56 | INFO |   ridge fold 14 | train RMSE 0.5140 | val RMSE 0.7932 | val Pearson 0.6407
2026-10-09 06:49:56 | INFO |   ridge fold 15 | train RMSE 0.5220 | val RMSE 0.7447 | val Pearson 0.6817
2026-10-09 06:49:57 | INFO | ridge | full-fit train RMSE 0.5391 | OOF RMSE 0.7031 | OOF Pearson 0.7212
2026-10-09 06:49:57 | INFO | model svr | features ['handcrafted', 'grammar', 'embedding'] | X shape (732, 794)
2026-10-09 06:49:57 | INFO |   svr fold  1 | train RMSE 0.3435 | val RMSE 0.6511 | val Pearson 0.7677
2026-10-09 06:49:57 | INFO |   svr fold  2 | train RMSE 0.3208 | val RMSE 0.7426 | val Pearson 0.6917
2026-10-09 06:49:58 | INFO |   svr fold  3 | train RMSE 0.3218 | val RMSE 0.7808 | val Pearson 0.6476
2026-10-09 06:49:58 | INFO |   svr fold  4 | train RMSE 0.3325 | val RMSE 0.7125 | val Pearson 0.7267
2026-10-09 06:49:58 | INFO |   svr fold  5 | train RMSE 0.3443 | val RMSE 0.6812 | val Pearson 0.7502
2026-10-09 06:49:58 | INFO |   svr fold  6 | train RMSE 0.3494 | val RMSE 0.7035 | val Pearson 0.7204
2026-10-09 06:49:58 | INFO |   svr fold  7 | train RMSE 0.3222 | val RMSE 0.7410 | val Pearson 0.7056
2026-10-09 06:49:58 | INFO |   svr fold  8 | train RMSE 0.3368 | val RMSE 0.6435 | val Pearson 0.7859
2026-10-09 06:49:59 | INFO |   svr fold  9 | train RMSE 0.3176 | val RMSE 0.7370 | val Pearson 0.6885
2026-10-09 06:49:59 | INFO |   svr fold 10 | train RMSE 0.3375 | val RMSE 0.7105 | val Pearson 0.7229
2026-10-09 06:49:59 | INFO |   svr fold 11 | train RMSE 0.3260 | val RMSE 0.6896 | val Pearson 0.7356
2026-10-09 06:49:59 | INFO |   svr fold 12 | train RMSE 0.3426 | val RMSE 0.7005 | val Pearson 0.7392
2026-10-09 06:49:59 | INFO |   svr fold 13 | train RMSE 0.3306 | val RMSE 0.6813 | val Pearson 0.7476
2026-10-09 06:50:00 | INFO |   svr fold 14 | train RMSE 0.3205 | val RMSE 0.7527 | val Pearson 0.6950
2026-10-09 06:50:00 | INFO |   svr fold 15 | train RMSE 0.3392 | val RMSE 0.7150 | val Pearson 0.7101
2026-10-09 06:50:00 | INFO | svr | full-fit train RMSE 0.3354 | OOF RMSE 0.7058 | OOF Pearson 0.7249
2026-10-09 06:50:00 | INFO | model lgbm | features ['handcrafted', 'grammar', 'audio', 'embedding_pca', 'wavlm_pca', 'wavlm_large_pca'] | X shape (732, 101)
2026-10-09 06:50:01 | INFO |   lgbm fold  1 | train RMSE 0.3019 | val RMSE 0.4792 | val Pearson 0.8829
2026-10-09 06:50:01 | INFO |   lgbm fold  2 | train RMSE 0.2834 | val RMSE 0.6018 | val Pearson 0.8083
2026-10-09 06:50:02 | INFO |   lgbm fold  3 | train RMSE 0.2927 | val RMSE 0.6094 | val Pearson 0.8030
2026-10-09 06:50:02 | INFO |   lgbm fold  4 | train RMSE 0.2983 | val RMSE 0.5452 | val Pearson 0.8457
2026-10-09 06:50:02 | INFO |   lgbm fold  5 | train RMSE 0.2911 | val RMSE 0.5820 | val Pearson 0.8182
2026-10-09 06:50:03 | INFO |   lgbm fold  6 | train RMSE 0.2977 | val RMSE 0.5488 | val Pearson 0.8392
2026-10-09 06:50:03 | INFO |   lgbm fold  7 | train RMSE 0.2869 | val RMSE 0.6126 | val Pearson 0.8016
2026-10-09 06:50:03 | INFO |   lgbm fold  8 | train RMSE 0.2939 | val RMSE 0.5481 | val Pearson 0.8405
2026-10-09 06:50:04 | INFO |   lgbm fold  9 | train RMSE 0.2958 | val RMSE 0.5808 | val Pearson 0.8213
2026-10-09 06:50:04 | INFO |   lgbm fold 10 | train RMSE 0.2856 | val RMSE 0.5491 | val Pearson 0.8472
2026-10-09 06:50:04 | INFO |   lgbm fold 11 | train RMSE 0.2910 | val RMSE 0.5536 | val Pearson 0.8383
2026-10-09 06:50:04 | INFO |   lgbm fold 12 | train RMSE 0.2927 | val RMSE 0.5506 | val Pearson 0.8418
2026-10-09 06:50:05 | INFO |   lgbm fold 13 | train RMSE 0.2961 | val RMSE 0.5753 | val Pearson 0.8243
2026-10-09 06:50:05 | INFO |   lgbm fold 14 | train RMSE 0.2800 | val RMSE 0.5840 | val Pearson 0.8269
2026-10-09 06:50:05 | INFO |   lgbm fold 15 | train RMSE 0.2885 | val RMSE 0.6147 | val Pearson 0.7938
2026-10-09 06:50:06 | INFO | lgbm | full-fit train RMSE 0.3155 | OOF RMSE 0.5618 | OOF Pearson 0.8333
2026-10-09 06:50:06 | INFO | model ridge_wavlm | features ['wavlm'] | X shape (732, 1536)
2026-10-09 06:50:06 | INFO |   ridge_wavlm fold  1 | train RMSE 0.5438 | val RMSE 0.5422 | val Pearson 0.8529
2026-10-09 06:50:06 | INFO |   ridge_wavlm fold  2 | train RMSE 0.5221 | val RMSE 0.6358 | val Pearson 0.7910
2026-10-09 06:50:06 | INFO |   ridge_wavlm fold  3 | train RMSE 0.5283 | val RMSE 0.5969 | val Pearson 0.8117
2026-10-09 06:50:06 | INFO |   ridge_wavlm fold  4 | train RMSE 0.5284 | val RMSE 0.6255 | val Pearson 0.7935
2026-10-09 06:50:07 | INFO |   ridge_wavlm fold  5 | train RMSE 0.5321 | val RMSE 0.5913 | val Pearson 0.8218
2026-10-09 06:50:07 | INFO |   ridge_wavlm fold  6 | train RMSE 0.5266 | val RMSE 0.6032 | val Pearson 0.8025
2026-10-09 06:50:07 | INFO |   ridge_wavlm fold  7 | train RMSE 0.5240 | val RMSE 0.6258 | val Pearson 0.7987
2026-10-09 06:50:07 | INFO |   ridge_wavlm fold  8 | train RMSE 0.5376 | val RMSE 0.5714 | val Pearson 0.8334
2026-10-09 06:50:07 | INFO |   ridge_wavlm fold  9 | train RMSE 0.5341 | val RMSE 0.5989 | val Pearson 0.8133
2026-10-09 06:50:07 | INFO |   ridge_wavlm fold 10 | train RMSE 0.5296 | val RMSE 0.5962 | val Pearson 0.8257
2026-10-09 06:50:07 | INFO |   ridge_wavlm fold 11 | train RMSE 0.5354 | val RMSE 0.5522 | val Pearson 0.8370
2026-10-09 06:50:08 | INFO |   ridge_wavlm fold 12 | train RMSE 0.5317 | val RMSE 0.6208 | val Pearson 0.8028
2026-10-09 06:50:08 | INFO |   ridge_wavlm fold 13 | train RMSE 0.5320 | val RMSE 0.5718 | val Pearson 0.8325
2026-10-09 06:50:08 | INFO |   ridge_wavlm fold 14 | train RMSE 0.5334 | val RMSE 0.6012 | val Pearson 0.8237
2026-10-09 06:50:08 | INFO |   ridge_wavlm fold 15 | train RMSE 0.5224 | val RMSE 0.6370 | val Pearson 0.7839
2026-10-09 06:50:08 | INFO | ridge_wavlm | full-fit train RMSE 0.5248 | OOF RMSE 0.5963 | OOF Pearson 0.8158
2026-10-09 06:50:09 | INFO | model ridge_wavlm_large | features ['wavlm_large'] | X shape (732, 2048)
2026-10-09 06:50:09 | INFO |   ridge_wavlm_large fold  1 | train RMSE 0.5073 | val RMSE 0.5153 | val Pearson 0.8628
2026-10-09 06:50:09 | INFO |   ridge_wavlm_large fold  2 | train RMSE 0.4845 | val RMSE 0.6067 | val Pearson 0.8128
2026-10-09 06:50:09 | INFO |   ridge_wavlm_large fold  3 | train RMSE 0.4904 | val RMSE 0.5956 | val Pearson 0.8137
2026-10-09 06:50:09 | INFO |   ridge_wavlm_large fold  4 | train RMSE 0.4932 | val RMSE 0.5960 | val Pearson 0.8122
2026-10-09 06:50:09 | INFO |   ridge_wavlm_large fold  5 | train RMSE 0.4918 | val RMSE 0.5791 | val Pearson 0.8261
2026-10-09 06:50:09 | INFO |   ridge_wavlm_large fold  6 | train RMSE 0.4889 | val RMSE 0.5889 | val Pearson 0.8120
2026-10-09 06:50:10 | INFO |   ridge_wavlm_large fold  7 | train RMSE 0.4949 | val RMSE 0.5874 | val Pearson 0.8306
2026-10-09 06:50:10 | INFO |   ridge_wavlm_large fold  8 | train RMSE 0.4948 | val RMSE 0.5510 | val Pearson 0.8440
2026-10-09 06:50:10 | INFO |   ridge_wavlm_large fold  9 | train RMSE 0.4941 | val RMSE 0.5742 | val Pearson 0.8263
2026-10-09 06:50:10 | INFO |   ridge_wavlm_large fold 10 | train RMSE 0.4953 | val RMSE 0.5714 | val Pearson 0.8418
2026-10-09 06:50:10 | INFO |   ridge_wavlm_large fold 11 | train RMSE 0.5001 | val RMSE 0.5290 | val Pearson 0.8500
2026-10-09 06:50:10 | INFO |   ridge_wavlm_large fold 12 | train RMSE 0.4982 | val RMSE 0.5895 | val Pearson 0.8267
2026-10-09 06:50:10 | INFO |   ridge_wavlm_large fold 13 | train RMSE 0.4911 | val RMSE 0.5587 | val Pearson 0.8470
2026-10-09 06:50:10 | INFO |   ridge_wavlm_large fold 14 | train RMSE 0.4916 | val RMSE 0.5750 | val Pearson 0.8343
2026-10-09 06:50:11 | INFO |   ridge_wavlm_large fold 15 | train RMSE 0.4897 | val RMSE 0.6231 | val Pearson 0.7902
2026-10-09 06:50:11 | INFO | ridge_wavlm_large | full-fit train RMSE 0.4900 | OOF RMSE 0.5739 | OOF Pearson 0.8295
2026-10-09 06:50:11 | INFO | deberta (precomputed) | train RMSE 0.1418 | OOF RMSE 0.5699 | OOF Pearson 0.8288
2026-10-09 06:50:11 | INFO | blend weights: {'ridge': 0.0, 'svr': 0.0, 'lgbm': 0.223, 'ridge_wavlm': 0.074, 'ridge_wavlm_large': 0.237, 'deberta': 0.466} | calibration: y = 1.112 * p + -0.426
2026-10-09 06:50:11 | INFO | blend before calibration | OOF RMSE 0.5116 | OOF Pearson 0.8672
2026-10-09 06:50:11 | INFO | blend | train RMSE 0.2286 | OOF RMSE 0.5074 | OOF Pearson 0.8677
2026-10-09 06:50:11 | INFO | blend | test-weighted OOF RMSE 0.4875
2026-10-09 06:50:11 | INFO | train rows after dropping noise clips: 732, test rows: 216
2026-10-09 06:50:11 | INFO | fitting with importance weights (covariate-shift correction)
2026-10-09 06:50:11 | INFO | pseudo-labels for the final refit (weight 0.50)
2026-10-09 06:50:11 | INFO | model ridge | features ['handcrafted', 'grammar', 'embedding'] | X shape (732, 794)
2026-10-09 06:50:11 | INFO |   ridge fold  1 | train RMSE 0.5445 | val RMSE 0.6585 | val Pearson 0.7604
2026-10-09 06:50:12 | INFO |   ridge fold  2 | train RMSE 0.5282 | val RMSE 0.7432 | val Pearson 0.6870
2026-10-09 06:50:12 | INFO |   ridge fold  3 | train RMSE 0.5126 | val RMSE 0.7661 | val Pearson 0.6669
2026-10-09 06:50:12 | INFO |   ridge fold  4 | train RMSE 0.5369 | val RMSE 0.6834 | val Pearson 0.7436
2026-10-09 06:50:12 | INFO |   ridge fold  5 | train RMSE 0.5380 | val RMSE 0.6817 | val Pearson 0.7375
2026-10-09 06:50:12 | INFO |   ridge fold  6 | train RMSE 0.5467 | val RMSE 0.7156 | val Pearson 0.7086
2026-10-09 06:50:13 | INFO |   ridge fold  7 | train RMSE 0.5172 | val RMSE 0.7473 | val Pearson 0.6824
2026-10-09 06:50:13 | INFO |   ridge fold  8 | train RMSE 0.5372 | val RMSE 0.6666 | val Pearson 0.7535
2026-10-09 06:50:13 | INFO |   ridge fold  9 | train RMSE 0.5206 | val RMSE 0.7315 | val Pearson 0.6957
2026-10-09 06:50:13 | INFO |   ridge fold 10 | train RMSE 0.5368 | val RMSE 0.6780 | val Pearson 0.7457
2026-10-09 06:50:13 | INFO |   ridge fold 11 | train RMSE 0.5255 | val RMSE 0.7242 | val Pearson 0.7083
2026-10-09 06:50:13 | INFO |   ridge fold 12 | train RMSE 0.5488 | val RMSE 0.6798 | val Pearson 0.7474
2026-10-09 06:50:14 | INFO |   ridge fold 13 | train RMSE 0.5369 | val RMSE 0.6759 | val Pearson 0.7474
2026-10-09 06:50:14 | INFO |   ridge fold 14 | train RMSE 0.5140 | val RMSE 0.7932 | val Pearson 0.6407
2026-10-09 06:50:14 | INFO |   ridge fold 15 | train RMSE 0.5220 | val RMSE 0.7447 | val Pearson 0.6817
2026-10-09 06:50:15 | INFO | ridge | full-fit train RMSE 0.5391 | OOF RMSE 0.7031 | OOF Pearson 0.7212
2026-10-09 06:50:15 | INFO | model svr | features ['handcrafted', 'grammar', 'embedding'] | X shape (732, 794)
2026-10-09 06:50:15 | INFO |   svr fold  1 | train RMSE 0.3435 | val RMSE 0.6511 | val Pearson 0.7677
2026-10-09 06:50:15 | INFO |   svr fold  2 | train RMSE 0.3208 | val RMSE 0.7426 | val Pearson 0.6917
2026-10-09 06:50:16 | INFO |   svr fold  3 | train RMSE 0.3218 | val RMSE 0.7808 | val Pearson 0.6476
2026-10-09 06:50:16 | INFO |   svr fold  4 | train RMSE 0.3325 | val RMSE 0.7125 | val Pearson 0.7267
2026-10-09 06:50:16 | INFO |   svr fold  5 | train RMSE 0.3443 | val RMSE 0.6812 | val Pearson 0.7502
2026-10-09 06:50:16 | INFO |   svr fold  6 | train RMSE 0.3494 | val RMSE 0.7035 | val Pearson 0.7204
2026-10-09 06:50:17 | INFO |   svr fold  7 | train RMSE 0.3222 | val RMSE 0.7410 | val Pearson 0.7056
2026-10-09 06:50:17 | INFO |   svr fold  8 | train RMSE 0.3368 | val RMSE 0.6435 | val Pearson 0.7859
2026-10-09 06:50:17 | INFO |   svr fold  9 | train RMSE 0.3176 | val RMSE 0.7370 | val Pearson 0.6885
2026-10-09 06:50:17 | INFO |   svr fold 10 | train RMSE 0.3375 | val RMSE 0.7105 | val Pearson 0.7229
2026-10-09 06:50:17 | INFO |   svr fold 11 | train RMSE 0.3260 | val RMSE 0.6896 | val Pearson 0.7356
2026-10-09 06:50:18 | INFO |   svr fold 12 | train RMSE 0.3426 | val RMSE 0.7005 | val Pearson 0.7392
2026-10-09 06:50:18 | INFO |   svr fold 13 | train RMSE 0.3306 | val RMSE 0.6813 | val Pearson 0.7476
2026-10-09 06:50:18 | INFO |   svr fold 14 | train RMSE 0.3205 | val RMSE 0.7527 | val Pearson 0.6950
2026-10-09 06:50:18 | INFO |   svr fold 15 | train RMSE 0.3392 | val RMSE 0.7150 | val Pearson 0.7101
2026-10-09 06:50:19 | INFO | svr | full-fit train RMSE 0.3354 | OOF RMSE 0.7058 | OOF Pearson 0.7249
2026-10-09 06:50:19 | INFO | model lgbm | features ['handcrafted', 'grammar', 'audio', 'embedding_pca', 'wavlm_pca', 'wavlm_large_pca'] | X shape (732, 101)
2026-10-09 06:50:19 | INFO |   lgbm fold  1 | train RMSE 0.3019 | val RMSE 0.4792 | val Pearson 0.8829
2026-10-09 06:50:20 | INFO |   lgbm fold  2 | train RMSE 0.2834 | val RMSE 0.6018 | val Pearson 0.8083
2026-10-09 06:50:20 | INFO |   lgbm fold  3 | train RMSE 0.2927 | val RMSE 0.6094 | val Pearson 0.8030
2026-10-09 06:50:21 | INFO |   lgbm fold  4 | train RMSE 0.2983 | val RMSE 0.5452 | val Pearson 0.8457
2026-10-09 06:50:21 | INFO |   lgbm fold  5 | train RMSE 0.2911 | val RMSE 0.5820 | val Pearson 0.8182
2026-10-09 06:50:22 | INFO |   lgbm fold  6 | train RMSE 0.2977 | val RMSE 0.5488 | val Pearson 0.8392
2026-10-09 06:50:22 | INFO |   lgbm fold  7 | train RMSE 0.2869 | val RMSE 0.6126 | val Pearson 0.8016
2026-10-09 06:50:22 | INFO |   lgbm fold  8 | train RMSE 0.2939 | val RMSE 0.5481 | val Pearson 0.8405
2026-10-09 06:50:23 | INFO |   lgbm fold  9 | train RMSE 0.2958 | val RMSE 0.5808 | val Pearson 0.8213
2026-10-09 06:50:23 | INFO |   lgbm fold 10 | train RMSE 0.2856 | val RMSE 0.5491 | val Pearson 0.8472
2026-10-09 06:50:23 | INFO |   lgbm fold 11 | train RMSE 0.2910 | val RMSE 0.5536 | val Pearson 0.8383
2026-10-09 06:50:24 | INFO |   lgbm fold 12 | train RMSE 0.2927 | val RMSE 0.5506 | val Pearson 0.8418
2026-10-09 06:50:24 | INFO |   lgbm fold 13 | train RMSE 0.2961 | val RMSE 0.5753 | val Pearson 0.8243
2026-10-09 06:50:25 | INFO |   lgbm fold 14 | train RMSE 0.2800 | val RMSE 0.5840 | val Pearson 0.8269
2026-10-09 06:50:25 | INFO |   lgbm fold 15 | train RMSE 0.2885 | val RMSE 0.6147 | val Pearson 0.7938
2026-10-09 06:50:26 | INFO | lgbm | full-fit train RMSE 0.3155 | OOF RMSE 0.5618 | OOF Pearson 0.8333
2026-10-09 06:50:26 | INFO | model ridge_wavlm | features ['wavlm'] | X shape (732, 1536)
2026-10-09 06:50:26 | INFO |   ridge_wavlm fold  1 | train RMSE 0.5438 | val RMSE 0.5422 | val Pearson 0.8529
2026-10-09 06:50:26 | INFO |   ridge_wavlm fold  2 | train RMSE 0.5221 | val RMSE 0.6358 | val Pearson 0.7910
2026-10-09 06:50:26 | INFO |   ridge_wavlm fold  3 | train RMSE 0.5283 | val RMSE 0.5969 | val Pearson 0.8117
2026-10-09 06:50:27 | INFO |   ridge_wavlm fold  4 | train RMSE 0.5284 | val RMSE 0.6255 | val Pearson 0.7935
2026-10-09 06:50:27 | INFO |   ridge_wavlm fold  5 | train RMSE 0.5321 | val RMSE 0.5913 | val Pearson 0.8218
2026-10-09 06:50:27 | INFO |   ridge_wavlm fold  6 | train RMSE 0.5266 | val RMSE 0.6032 | val Pearson 0.8025
2026-10-09 06:50:27 | INFO |   ridge_wavlm fold  7 | train RMSE 0.5240 | val RMSE 0.6258 | val Pearson 0.7987
2026-10-09 06:50:27 | INFO |   ridge_wavlm fold  8 | train RMSE 0.5376 | val RMSE 0.5714 | val Pearson 0.8334
2026-10-09 06:50:27 | INFO |   ridge_wavlm fold  9 | train RMSE 0.5341 | val RMSE 0.5989 | val Pearson 0.8133
2026-10-09 06:50:27 | INFO |   ridge_wavlm fold 10 | train RMSE 0.5296 | val RMSE 0.5962 | val Pearson 0.8257
2026-10-09 06:50:28 | INFO |   ridge_wavlm fold 11 | train RMSE 0.5354 | val RMSE 0.5522 | val Pearson 0.8370
2026-10-09 06:50:28 | INFO |   ridge_wavlm fold 12 | train RMSE 0.5317 | val RMSE 0.6208 | val Pearson 0.8028
2026-10-09 06:50:28 | INFO |   ridge_wavlm fold 13 | train RMSE 0.5320 | val RMSE 0.5718 | val Pearson 0.8325
2026-10-09 06:50:28 | INFO |   ridge_wavlm fold 14 | train RMSE 0.5334 | val RMSE 0.6012 | val Pearson 0.8237
2026-10-09 06:50:28 | INFO |   ridge_wavlm fold 15 | train RMSE 0.5224 | val RMSE 0.6370 | val Pearson 0.7839
2026-10-09 06:50:28 | INFO | ridge_wavlm | full-fit train RMSE 0.5248 | OOF RMSE 0.5963 | OOF Pearson 0.8158
2026-10-09 06:50:29 | INFO | model ridge_wavlm_large | features ['wavlm_large'] | X shape (732, 2048)
2026-10-09 06:50:29 | INFO |   ridge_wavlm_large fold  1 | train RMSE 0.5073 | val RMSE 0.5153 | val Pearson 0.8628
2026-10-09 06:50:29 | INFO |   ridge_wavlm_large fold  2 | train RMSE 0.4845 | val RMSE 0.6067 | val Pearson 0.8128
2026-10-09 06:50:29 | INFO |   ridge_wavlm_large fold  3 | train RMSE 0.4904 | val RMSE 0.5956 | val Pearson 0.8137
2026-10-09 06:50:29 | INFO |   ridge_wavlm_large fold  4 | train RMSE 0.4932 | val RMSE 0.5960 | val Pearson 0.8122
2026-10-09 06:50:29 | INFO |   ridge_wavlm_large fold  5 | train RMSE 0.4918 | val RMSE 0.5791 | val Pearson 0.8261
2026-10-09 06:50:30 | INFO |   ridge_wavlm_large fold  6 | train RMSE 0.4889 | val RMSE 0.5889 | val Pearson 0.8120
2026-10-09 06:50:30 | INFO |   ridge_wavlm_large fold  7 | train RMSE 0.4949 | val RMSE 0.5874 | val Pearson 0.8306
2026-10-09 06:50:30 | INFO |   ridge_wavlm_large fold  8 | train RMSE 0.4948 | val RMSE 0.5510 | val Pearson 0.8440
2026-10-09 06:50:30 | INFO |   ridge_wavlm_large fold  9 | train RMSE 0.4941 | val RMSE 0.5742 | val Pearson 0.8263
2026-10-09 06:50:30 | INFO |   ridge_wavlm_large fold 10 | train RMSE 0.4953 | val RMSE 0.5714 | val Pearson 0.8418
2026-10-09 06:50:30 | INFO |   ridge_wavlm_large fold 11 | train RMSE 0.5001 | val RMSE 0.5290 | val Pearson 0.8500
2026-10-09 06:50:30 | INFO |   ridge_wavlm_large fold 12 | train RMSE 0.4982 | val RMSE 0.5895 | val Pearson 0.8267
2026-10-09 06:50:30 | INFO |   ridge_wavlm_large fold 13 | train RMSE 0.4911 | val RMSE 0.5587 | val Pearson 0.8470
2026-10-09 06:50:31 | INFO |   ridge_wavlm_large fold 14 | train RMSE 0.4916 | val RMSE 0.5750 | val Pearson 0.8343
2026-10-09 06:50:31 | INFO |   ridge_wavlm_large fold 15 | train RMSE 0.4897 | val RMSE 0.6231 | val Pearson 0.7902
2026-10-09 06:50:31 | INFO | ridge_wavlm_large | full-fit train RMSE 0.4900 | OOF RMSE 0.5739 | OOF Pearson 0.8295
2026-10-09 06:50:31 | INFO | deberta (precomputed) | train RMSE 0.1418 | OOF RMSE 0.5699 | OOF Pearson 0.8288
2026-10-09 06:50:31 | INFO | blend weights: {'ridge': 0.0, 'svr': 0.0, 'lgbm': 0.223, 'ridge_wavlm': 0.074, 'ridge_wavlm_large': 0.237, 'deberta': 0.466} | calibration: y = 1.112 * p + -0.426
2026-10-09 06:50:31 | INFO | blend before calibration | OOF RMSE 0.5116 | OOF Pearson 0.8672
2026-10-09 06:50:31 | INFO | blend | train RMSE 0.2286 | OOF RMSE 0.5074 | OOF Pearson 0.8677
2026-10-09 06:50:31 | INFO | blend | test-weighted OOF RMSE 0.4875
2026-10-09 06:50:31 | INFO | train rows after dropping noise clips: 732, test rows: 216
2026-10-09 06:50:31 | INFO | fitting with importance weights (covariate-shift correction)
2026-10-09 06:50:31 | INFO | topic-grouped CV (8 topics)
2026-10-09 06:50:32 | INFO | model ridge | features ['handcrafted', 'grammar', 'embedding'] | X shape (732, 794)
2026-10-09 06:50:32 | INFO |   ridge fold  1 | train RMSE 0.5402 | val RMSE 0.8890 | val Pearson 0.7431
2026-10-09 06:50:32 | INFO |   ridge fold  2 | train RMSE 0.5253 | val RMSE 0.8326 | val Pearson 0.6393
2026-10-09 06:50:32 | INFO |   ridge fold  3 | train RMSE 0.5098 | val RMSE 1.0664 | val Pearson 0.5987
2026-10-09 06:50:32 | INFO |   ridge fold  4 | train RMSE 0.5328 | val RMSE 0.8542 | val Pearson 0.5929
2026-10-09 06:50:33 | INFO |   ridge fold  5 | train RMSE 0.5339 | val RMSE 0.7542 | val Pearson 0.7082
2026-10-09 06:50:33 | INFO |   ridge fold  6 | train RMSE 0.5402 | val RMSE 0.8890 | val Pearson 0.7431
2026-10-09 06:50:33 | INFO |   ridge fold  7 | train RMSE 0.5253 | val RMSE 0.8326 | val Pearson 0.6393
2026-10-09 06:50:33 | INFO |   ridge fold  8 | train RMSE 0.5098 | val RMSE 1.0664 | val Pearson 0.5987
2026-10-09 06:50:33 | INFO |   ridge fold  9 | train RMSE 0.5328 | val RMSE 0.8542 | val Pearson 0.5929
2026-10-09 06:50:34 | INFO |   ridge fold 10 | train RMSE 0.5339 | val RMSE 0.7542 | val Pearson 0.7082
2026-10-09 06:50:35 | INFO |   ridge fold 11 | train RMSE 0.5402 | val RMSE 0.8890 | val Pearson 0.7431
2026-10-09 06:50:35 | INFO |   ridge fold 12 | train RMSE 0.5253 | val RMSE 0.8326 | val Pearson 0.6393
2026-10-09 06:50:35 | INFO |   ridge fold 13 | train RMSE 0.5098 | val RMSE 1.0664 | val Pearson 0.5987
2026-10-09 06:50:35 | INFO |   ridge fold 14 | train RMSE 0.5328 | val RMSE 0.8542 | val Pearson 0.5929
2026-10-09 06:50:35 | INFO |   ridge fold 15 | train RMSE 0.5339 | val RMSE 0.7542 | val Pearson 0.7082
2026-10-09 06:50:35 | INFO | ridge | full-fit train RMSE 0.5391 | OOF RMSE 0.8827 | OOF Pearson 0.5864
2026-10-09 06:50:36 | INFO | model svr | features ['handcrafted', 'grammar', 'embedding'] | X shape (732, 794)
2026-10-09 06:50:36 | INFO |   svr fold  1 | train RMSE 0.3496 | val RMSE 0.8710 | val Pearson 0.7746
2026-10-09 06:50:36 | INFO |   svr fold  2 | train RMSE 0.3334 | val RMSE 0.8506 | val Pearson 0.6271
2026-10-09 06:50:36 | INFO |   svr fold  3 | train RMSE 0.3168 | val RMSE 0.9696 | val Pearson 0.6433
2026-10-09 06:50:37 | INFO |   svr fold  4 | train RMSE 0.3357 | val RMSE 0.9014 | val Pearson 0.6016
2026-10-09 06:50:37 | INFO |   svr fold  5 | train RMSE 0.3334 | val RMSE 0.8068 | val Pearson 0.7244
2026-10-09 06:50:37 | INFO |   svr fold  6 | train RMSE 0.3496 | val RMSE 0.8710 | val Pearson 0.7746
2026-10-09 06:50:37 | INFO |   svr fold  7 | train RMSE 0.3334 | val RMSE 0.8506 | val Pearson 0.6271
2026-10-09 06:50:37 | INFO |   svr fold  8 | train RMSE 0.3168 | val RMSE 0.9696 | val Pearson 0.6433
2026-10-09 06:50:38 | INFO |   svr fold  9 | train RMSE 0.3357 | val RMSE 0.9014 | val Pearson 0.6016
2026-10-09 06:50:38 | INFO |   svr fold 10 | train RMSE 0.3334 | val RMSE 0.8068 | val Pearson 0.7244
2026-10-09 06:50:38 | INFO |   svr fold 11 | train RMSE 0.3496 | val RMSE 0.8710 | val Pearson 0.7746
2026-10-09 06:50:39 | INFO |   svr fold 12 | train RMSE 0.3334 | val RMSE 0.8506 | val Pearson 0.6271
2026-10-09 06:50:39 | INFO |   svr fold 13 | train RMSE 0.3168 | val RMSE 0.9696 | val Pearson 0.6433
2026-10-09 06:50:40 | INFO |   svr fold 14 | train RMSE 0.3357 | val RMSE 0.9014 | val Pearson 0.6016
2026-10-09 06:50:40 | INFO |   svr fold 15 | train RMSE 0.3334 | val RMSE 0.8068 | val Pearson 0.7244
2026-10-09 06:50:41 | INFO | svr | full-fit train RMSE 0.3354 | OOF RMSE 0.8800 | OOF Pearson 0.6372
2026-10-09 06:50:41 | INFO | model lgbm | features ['handcrafted', 'grammar', 'audio', 'embedding_pca', 'wavlm_pca', 'wavlm_large_pca'] | X shape (732, 101)
2026-10-09 06:50:42 | INFO |   lgbm fold  1 | train RMSE 0.3004 | val RMSE 0.5344 | val Pearson 0.8615
2026-10-09 06:50:43 | INFO |   lgbm fold  2 | train RMSE 0.2893 | val RMSE 0.5747 | val Pearson 0.7957
2026-10-09 06:51:52 | INFO |   lgbm fold  3 | train RMSE 0.2915 | val RMSE 0.6347 | val Pearson 0.7921
2026-10-09 06:52:08 | INFO |   lgbm fold  4 | train RMSE 0.2901 | val RMSE 0.5879 | val Pearson 0.8316
2026-10-09 06:52:17 | INFO |   lgbm fold  5 | train RMSE 0.2902 | val RMSE 0.5492 | val Pearson 0.8490
2026-10-09 06:52:17 | INFO |   lgbm fold  6 | train RMSE 0.3004 | val RMSE 0.5344 | val Pearson 0.8615
2026-10-09 06:52:27 | INFO |   lgbm fold  7 | train RMSE 0.2893 | val RMSE 0.5747 | val Pearson 0.7957
2026-10-09 06:52:37 | INFO |   lgbm fold  8 | train RMSE 0.2915 | val RMSE 0.6347 | val Pearson 0.7921
2026-10-09 06:52:39 | INFO |   lgbm fold  9 | train RMSE 0.2901 | val RMSE 0.5879 | val Pearson 0.8316
2026-10-09 06:52:41 | INFO |   lgbm fold 10 | train RMSE 0.2902 | val RMSE 0.5492 | val Pearson 0.8490
2026-10-09 06:52:43 | INFO |   lgbm fold 11 | train RMSE 0.3004 | val RMSE 0.5344 | val Pearson 0.8615
2026-10-09 06:52:45 | INFO |   lgbm fold 12 | train RMSE 0.2893 | val RMSE 0.5747 | val Pearson 0.7957
2026-10-09 06:52:46 | INFO |   lgbm fold 13 | train RMSE 0.2915 | val RMSE 0.6347 | val Pearson 0.7921
2026-10-09 06:52:47 | INFO |   lgbm fold 14 | train RMSE 0.2901 | val RMSE 0.5879 | val Pearson 0.8316
2026-10-09 06:52:48 | INFO |   lgbm fold 15 | train RMSE 0.2902 | val RMSE 0.5492 | val Pearson 0.8490
2026-10-09 06:52:49 | INFO | lgbm | full-fit train RMSE 0.3155 | OOF RMSE 0.5776 | OOF Pearson 0.8225
2026-10-09 06:52:49 | INFO | model ridge_wavlm | features ['wavlm'] | X shape (732, 1536)
2026-10-09 06:52:49 | INFO |   ridge_wavlm fold  1 | train RMSE 0.5402 | val RMSE 0.5918 | val Pearson 0.8395
2026-10-09 06:52:50 | INFO |   ridge_wavlm fold  2 | train RMSE 0.5337 | val RMSE 0.6174 | val Pearson 0.7870
2026-10-09 06:52:50 | INFO |   ridge_wavlm fold  3 | train RMSE 0.5227 | val RMSE 0.6365 | val Pearson 0.7957
2026-10-09 06:52:50 | INFO |   ridge_wavlm fold  4 | train RMSE 0.5368 | val RMSE 0.5892 | val Pearson 0.8405
2026-10-09 06:52:50 | INFO |   ridge_wavlm fold  5 | train RMSE 0.5183 | val RMSE 0.6136 | val Pearson 0.8013
2026-10-09 06:52:50 | INFO |   ridge_wavlm fold  6 | train RMSE 0.5402 | val RMSE 0.5918 | val Pearson 0.8395
2026-10-09 06:52:51 | INFO |   ridge_wavlm fold  7 | train RMSE 0.5337 | val RMSE 0.6174 | val Pearson 0.7870
2026-10-09 06:52:51 | INFO |   ridge_wavlm fold  8 | train RMSE 0.5227 | val RMSE 0.6365 | val Pearson 0.7957
2026-10-09 06:52:51 | INFO |   ridge_wavlm fold  9 | train RMSE 0.5368 | val RMSE 0.5892 | val Pearson 0.8405
2026-10-09 06:52:51 | INFO |   ridge_wavlm fold 10 | train RMSE 0.5183 | val RMSE 0.6136 | val Pearson 0.8013
2026-10-09 06:52:51 | INFO |   ridge_wavlm fold 11 | train RMSE 0.5402 | val RMSE 0.5918 | val Pearson 0.8395
2026-10-09 06:52:52 | INFO |   ridge_wavlm fold 12 | train RMSE 0.5337 | val RMSE 0.6174 | val Pearson 0.7870
2026-10-09 06:52:52 | INFO |   ridge_wavlm fold 13 | train RMSE 0.5227 | val RMSE 0.6365 | val Pearson 0.7957
2026-10-09 06:52:52 | INFO |   ridge_wavlm fold 14 | train RMSE 0.5368 | val RMSE 0.5892 | val Pearson 0.8405
2026-10-09 06:52:52 | INFO |   ridge_wavlm fold 15 | train RMSE 0.5183 | val RMSE 0.6136 | val Pearson 0.8013
2026-10-09 06:52:52 | INFO | ridge_wavlm | full-fit train RMSE 0.5248 | OOF RMSE 0.6107 | OOF Pearson 0.8049
2026-10-09 06:52:53 | INFO | model ridge_wavlm_large | features ['wavlm_large'] | X shape (732, 2048)
2026-10-09 06:52:53 | INFO |   ridge_wavlm_large fold  1 | train RMSE 0.5017 | val RMSE 0.5525 | val Pearson 0.8569
2026-10-09 06:52:53 | INFO |   ridge_wavlm_large fold  2 | train RMSE 0.4941 | val RMSE 0.6034 | val Pearson 0.8000
2026-10-09 06:52:54 | INFO |   ridge_wavlm_large fold  3 | train RMSE 0.4906 | val RMSE 0.5965 | val Pearson 0.8219
2026-10-09 06:52:54 | INFO |   ridge_wavlm_large fold  4 | train RMSE 0.4953 | val RMSE 0.5684 | val Pearson 0.8498
2026-10-09 06:52:54 | INFO |   ridge_wavlm_large fold  5 | train RMSE 0.4832 | val RMSE 0.6160 | val Pearson 0.7993
2026-10-09 06:52:54 | INFO |   ridge_wavlm_large fold  6 | train RMSE 0.5017 | val RMSE 0.5525 | val Pearson 0.8569
2026-10-09 06:52:54 | INFO |   ridge_wavlm_large fold  7 | train RMSE 0.4941 | val RMSE 0.6034 | val Pearson 0.8000
2026-10-09 06:52:55 | INFO |   ridge_wavlm_large fold  8 | train RMSE 0.4906 | val RMSE 0.5965 | val Pearson 0.8219
2026-10-09 06:52:55 | INFO |   ridge_wavlm_large fold  9 | train RMSE 0.4953 | val RMSE 0.5684 | val Pearson 0.8498
2026-10-09 06:52:55 | INFO |   ridge_wavlm_large fold 10 | train RMSE 0.4832 | val RMSE 0.6160 | val Pearson 0.7993
2026-10-09 06:52:55 | INFO |   ridge_wavlm_large fold 11 | train RMSE 0.5017 | val RMSE 0.5525 | val Pearson 0.8569
2026-10-09 06:52:55 | INFO |   ridge_wavlm_large fold 12 | train RMSE 0.4941 | val RMSE 0.6034 | val Pearson 0.8000
2026-10-09 06:52:56 | INFO |   ridge_wavlm_large fold 13 | train RMSE 0.4906 | val RMSE 0.5965 | val Pearson 0.8219
2026-10-09 06:52:56 | INFO |   ridge_wavlm_large fold 14 | train RMSE 0.4953 | val RMSE 0.5684 | val Pearson 0.8498
2026-10-09 06:52:56 | INFO |   ridge_wavlm_large fold 15 | train RMSE 0.4832 | val RMSE 0.6160 | val Pearson 0.7993
2026-10-09 06:52:56 | INFO | ridge_wavlm_large | full-fit train RMSE 0.4900 | OOF RMSE 0.5891 | OOF Pearson 0.8184
2026-10-09 06:52:56 | INFO | deberta_topic (precomputed) | train RMSE 0.1438 | OOF RMSE 0.6218 | OOF Pearson 0.7981
2026-10-09 06:52:56 | INFO | blend weights: {'ridge': 0.0, 'svr': 0.0, 'lgbm': 0.353, 'ridge_wavlm': 0.172, 'ridge_wavlm_large': 0.101, 'deberta_topic': 0.374} | calibration: y = 1.129 * p + -0.458
2026-10-09 06:52:56 | INFO | blend before calibration | OOF RMSE 0.5395 | OOF Pearson 0.8534
2026-10-09 06:52:56 | INFO | blend | train RMSE 0.2334 | OOF RMSE 0.5341 | OOF Pearson 0.8539
2026-10-09 06:52:56 | INFO | blend | test-weighted OOF RMSE 0.5132
2026-10-09 06:52:56 | INFO | topic blend weights: {'ridge': 0.0, 'svr': 0.0, 'lgbm': 0.353, 'ridge_wavlm': 0.172, 'ridge_wavlm_large': 0.101, 'deberta': 0.374} | calibration: y = 1.129 * p + -0.458
2026-10-09 06:52:56 | INFO | wrote /mnt/d/SHL assignment - Harsh Tripathi/submission.csv (216, 2)
