2026-10-07 07:28:18 | INFO | log file: /mnt/d/SHL assignment - Harsh Tripathi/logs/train_20261007_072818.log
2026-10-07 07:28:18 | INFO | folds=5 repeats=3
2026-10-07 07:28:18 | INFO | train rows after dropping noise clips: 732, test rows: 216
2026-10-07 07:28:18 | INFO | model ridge | features ['handcrafted', 'grammar', 'embedding'] | X shape (732, 794)
2026-10-07 07:28:19 | INFO |   ridge fold  1 | train RMSE 0.4876 | val RMSE 0.6426 | val Pearson 0.7737
2026-10-07 07:28:19 | INFO |   ridge fold  2 | train RMSE 0.4724 | val RMSE 0.7222 | val Pearson 0.7078
2026-10-07 07:28:19 | INFO |   ridge fold  3 | train RMSE 0.4644 | val RMSE 0.7579 | val Pearson 0.6754
2026-10-07 07:28:19 | INFO |   ridge fold  4 | train RMSE 0.4780 | val RMSE 0.6790 | val Pearson 0.7477
2026-10-07 07:28:19 | INFO |   ridge fold  5 | train RMSE 0.4866 | val RMSE 0.6597 | val Pearson 0.7571
2026-10-07 07:28:20 | INFO |   ridge fold  6 | train RMSE 0.4909 | val RMSE 0.6499 | val Pearson 0.7646
2026-10-07 07:28:20 | INFO |   ridge fold  7 | train RMSE 0.4633 | val RMSE 0.7574 | val Pearson 0.6734
2026-10-07 07:28:20 | INFO |   ridge fold  8 | train RMSE 0.4821 | val RMSE 0.6813 | val Pearson 0.7403
2026-10-07 07:28:20 | INFO |   ridge fold  9 | train RMSE 0.4649 | val RMSE 0.7332 | val Pearson 0.6996
2026-10-07 07:28:20 | INFO |   ridge fold 10 | train RMSE 0.4811 | val RMSE 0.6882 | val Pearson 0.7364
2026-10-07 07:28:20 | INFO |   ridge fold 11 | train RMSE 0.4699 | val RMSE 0.7079 | val Pearson 0.7242
2026-10-07 07:28:21 | INFO |   ridge fold 12 | train RMSE 0.4914 | val RMSE 0.6579 | val Pearson 0.7677
2026-10-07 07:28:21 | INFO |   ridge fold 13 | train RMSE 0.4810 | val RMSE 0.6625 | val Pearson 0.7582
2026-10-07 07:28:21 | INFO |   ridge fold 14 | train RMSE 0.4672 | val RMSE 0.7646 | val Pearson 0.6686
2026-10-07 07:28:21 | INFO |   ridge fold 15 | train RMSE 0.4691 | val RMSE 0.7499 | val Pearson 0.6755
2026-10-07 07:28:21 | INFO | ridge | full-fit train RMSE 0.4904 | OOF RMSE 0.6928 | OOF Pearson 0.7306
2026-10-07 07:28:22 | INFO | model svr | features ['handcrafted', 'grammar', 'embedding'] | X shape (732, 794)
2026-10-07 07:28:22 | INFO |   svr fold  1 | train RMSE 0.2130 | val RMSE 0.6487 | val Pearson 0.7676
2026-10-07 07:28:22 | INFO |   svr fold  2 | train RMSE 0.1977 | val RMSE 0.7480 | val Pearson 0.6829
2026-10-07 07:28:22 | INFO |   svr fold  3 | train RMSE 0.2087 | val RMSE 0.7751 | val Pearson 0.6533
2026-10-07 07:28:22 | INFO |   svr fold  4 | train RMSE 0.2040 | val RMSE 0.7143 | val Pearson 0.7203
2026-10-07 07:28:23 | INFO |   svr fold  5 | train RMSE 0.2108 | val RMSE 0.6642 | val Pearson 0.7619
2026-10-07 07:28:23 | INFO |   svr fold  6 | train RMSE 0.2082 | val RMSE 0.6812 | val Pearson 0.7388
2026-10-07 07:28:23 | INFO |   svr fold  7 | train RMSE 0.2038 | val RMSE 0.7395 | val Pearson 0.7005
2026-10-07 07:28:23 | INFO |   svr fold  8 | train RMSE 0.2115 | val RMSE 0.6507 | val Pearson 0.7767
2026-10-07 07:28:23 | INFO |   svr fold  9 | train RMSE 0.2024 | val RMSE 0.7320 | val Pearson 0.6926
2026-10-07 07:28:24 | INFO |   svr fold 10 | train RMSE 0.2049 | val RMSE 0.7163 | val Pearson 0.7143
2026-10-07 07:28:24 | INFO |   svr fold 11 | train RMSE 0.2030 | val RMSE 0.6746 | val Pearson 0.7454
2026-10-07 07:28:24 | INFO |   svr fold 12 | train RMSE 0.2098 | val RMSE 0.7020 | val Pearson 0.7356
2026-10-07 07:28:24 | INFO |   svr fold 13 | train RMSE 0.2049 | val RMSE 0.6881 | val Pearson 0.7386
2026-10-07 07:28:24 | INFO |   svr fold 14 | train RMSE 0.2047 | val RMSE 0.7526 | val Pearson 0.6900
2026-10-07 07:28:25 | INFO |   svr fold 15 | train RMSE 0.2115 | val RMSE 0.7143 | val Pearson 0.7091
2026-10-07 07:28:25 | INFO | svr | full-fit train RMSE 0.2114 | OOF RMSE 0.7016 | OOF Pearson 0.7259
2026-10-07 07:28:25 | INFO | model lgbm | features ['handcrafted', 'grammar', 'audio', 'embedding_pca'] | X shape (732, 61)
2026-10-07 07:28:25 | INFO |   lgbm fold  1 | train RMSE 0.2586 | val RMSE 0.5625 | val Pearson 0.8320
2026-10-07 07:28:26 | INFO |   lgbm fold  2 | train RMSE 0.2503 | val RMSE 0.6630 | val Pearson 0.7610
2026-10-07 07:28:26 | INFO |   lgbm fold  3 | train RMSE 0.2447 | val RMSE 0.6472 | val Pearson 0.7788
2026-10-07 07:28:26 | INFO |   lgbm fold  4 | train RMSE 0.2540 | val RMSE 0.6120 | val Pearson 0.8027
2026-10-07 07:28:26 | INFO |   lgbm fold  5 | train RMSE 0.2515 | val RMSE 0.6233 | val Pearson 0.7870
2026-10-07 07:28:26 | INFO |   lgbm fold  6 | train RMSE 0.2595 | val RMSE 0.5666 | val Pearson 0.8279
2026-10-07 07:28:27 | INFO |   lgbm fold  7 | train RMSE 0.2496 | val RMSE 0.6557 | val Pearson 0.7678
2026-10-07 07:28:27 | INFO |   lgbm fold  8 | train RMSE 0.2490 | val RMSE 0.6111 | val Pearson 0.7966
2026-10-07 07:28:27 | INFO |   lgbm fold  9 | train RMSE 0.2509 | val RMSE 0.6530 | val Pearson 0.7676
2026-10-07 07:28:28 | INFO |   lgbm fold 10 | train RMSE 0.2531 | val RMSE 0.6264 | val Pearson 0.7893
2026-10-07 07:28:28 | INFO |   lgbm fold 11 | train RMSE 0.2529 | val RMSE 0.5845 | val Pearson 0.8198
2026-10-07 07:28:28 | INFO |   lgbm fold 12 | train RMSE 0.2532 | val RMSE 0.5997 | val Pearson 0.8141
2026-10-07 07:28:29 | INFO |   lgbm fold 13 | train RMSE 0.2569 | val RMSE 0.6125 | val Pearson 0.7975
2026-10-07 07:28:29 | INFO |   lgbm fold 14 | train RMSE 0.2467 | val RMSE 0.6630 | val Pearson 0.7661
2026-10-07 07:28:29 | INFO |   lgbm fold 15 | train RMSE 0.2491 | val RMSE 0.6428 | val Pearson 0.7726
2026-10-07 07:28:30 | INFO | lgbm | full-fit train RMSE 0.2897 | OOF RMSE 0.6141 | OOF Pearson 0.7960
2026-10-07 07:28:30 | INFO | deberta (precomputed) | train RMSE 0.5673 | OOF RMSE 0.5673 | OOF Pearson 0.8318
2026-10-07 07:28:30 | INFO | blend weights: {'ridge': 0.0, 'svr': 0.0, 'lgbm': 0.38, 'deberta': 0.62} | calibration: y = 1.032 * p + -0.097
2026-10-07 07:28:30 | INFO | blend before calibration | OOF RMSE 0.5379 | OOF Pearson 0.8481
2026-10-07 07:28:30 | INFO | blend | train RMSE 0.4315 | OOF RMSE 0.5379 | OOF Pearson 0.8476
2026-10-07 07:28:30 | INFO | wrote /mnt/d/SHL assignment - Harsh Tripathi/submission.csv (216, 2)
