2026-10-07 12:17:09 | INFO | log file: /mnt/d/SHL assignment - Harsh Tripathi/logs/train_20261007_121709.log
2026-10-07 12:17:09 | INFO | folds=5 repeats=3
2026-10-07 12:17:09 | INFO | train rows after dropping noise clips: 732, test rows: 216
2026-10-07 12:17:09 | INFO | fitting with importance weights (covariate-shift correction)
2026-10-07 12:17:09 | INFO | model ridge | features ['handcrafted', 'grammar', 'embedding'] | X shape (732, 794)
2026-10-07 12:17:10 | INFO |   ridge fold  1 | train RMSE 0.5590 | val RMSE 0.6608 | val Pearson 0.7578
2026-10-07 12:17:11 | INFO |   ridge fold  2 | train RMSE 0.5452 | val RMSE 0.7504 | val Pearson 0.6801
2026-10-07 12:17:11 | INFO |   ridge fold  3 | train RMSE 0.5281 | val RMSE 0.7680 | val Pearson 0.6652
2026-10-07 12:17:12 | INFO |   ridge fold  4 | train RMSE 0.5529 | val RMSE 0.6855 | val Pearson 0.7413
2026-10-07 12:17:13 | INFO |   ridge fold  5 | train RMSE 0.5514 | val RMSE 0.6871 | val Pearson 0.7326
2026-10-07 12:17:13 | INFO |   ridge fold  6 | train RMSE 0.5622 | val RMSE 0.7270 | val Pearson 0.6989
2026-10-07 12:17:14 | INFO |   ridge fold  7 | train RMSE 0.5324 | val RMSE 0.7437 | val Pearson 0.6858
2026-10-07 12:17:14 | INFO |   ridge fold  8 | train RMSE 0.5533 | val RMSE 0.6681 | val Pearson 0.7519
2026-10-07 12:17:14 | INFO |   ridge fold  9 | train RMSE 0.5362 | val RMSE 0.7339 | val Pearson 0.6929
2026-10-07 12:17:15 | INFO |   ridge fold 10 | train RMSE 0.5513 | val RMSE 0.6798 | val Pearson 0.7444
2026-10-07 12:17:15 | INFO |   ridge fold 11 | train RMSE 0.5407 | val RMSE 0.7254 | val Pearson 0.7069
2026-10-07 12:17:15 | INFO |   ridge fold 12 | train RMSE 0.5631 | val RMSE 0.6824 | val Pearson 0.7442
2026-10-07 12:17:16 | INFO |   ridge fold 13 | train RMSE 0.5529 | val RMSE 0.6803 | val Pearson 0.7436
2026-10-07 12:17:16 | INFO |   ridge fold 14 | train RMSE 0.5284 | val RMSE 0.7959 | val Pearson 0.6381
2026-10-07 12:17:16 | INFO |   ridge fold 15 | train RMSE 0.5373 | val RMSE 0.7450 | val Pearson 0.6812
2026-10-07 12:17:17 | INFO | ridge | full-fit train RMSE 0.5529 | OOF RMSE 0.7060 | OOF Pearson 0.7184
2026-10-07 12:17:17 | INFO | model svr | features ['handcrafted', 'grammar', 'embedding'] | X shape (732, 794)
2026-10-07 12:17:17 | INFO |   svr fold  1 | train RMSE 0.3881 | val RMSE 0.6537 | val Pearson 0.7666
2026-10-07 12:17:17 | INFO |   svr fold  2 | train RMSE 0.3755 | val RMSE 0.7517 | val Pearson 0.6835
2026-10-07 12:17:18 | INFO |   svr fold  3 | train RMSE 0.3673 | val RMSE 0.7892 | val Pearson 0.6404
2026-10-07 12:17:18 | INFO |   svr fold  4 | train RMSE 0.3820 | val RMSE 0.7172 | val Pearson 0.7225
2026-10-07 12:17:18 | INFO |   svr fold  5 | train RMSE 0.3882 | val RMSE 0.6907 | val Pearson 0.7423
2026-10-07 12:17:18 | INFO |   svr fold  6 | train RMSE 0.3980 | val RMSE 0.7156 | val Pearson 0.7111
2026-10-07 12:17:18 | INFO |   svr fold  7 | train RMSE 0.3671 | val RMSE 0.7442 | val Pearson 0.7052
2026-10-07 12:17:18 | INFO |   svr fold  8 | train RMSE 0.3865 | val RMSE 0.6413 | val Pearson 0.7876
2026-10-07 12:17:19 | INFO |   svr fold  9 | train RMSE 0.3633 | val RMSE 0.7435 | val Pearson 0.6827
2026-10-07 12:17:19 | INFO |   svr fold 10 | train RMSE 0.3826 | val RMSE 0.7113 | val Pearson 0.7237
2026-10-07 12:17:19 | INFO |   svr fold 11 | train RMSE 0.3689 | val RMSE 0.7005 | val Pearson 0.7277
2026-10-07 12:17:19 | INFO |   svr fold 12 | train RMSE 0.3901 | val RMSE 0.7070 | val Pearson 0.7314
2026-10-07 12:17:19 | INFO |   svr fold 13 | train RMSE 0.3824 | val RMSE 0.6869 | val Pearson 0.7424
2026-10-07 12:17:19 | INFO |   svr fold 14 | train RMSE 0.3650 | val RMSE 0.7546 | val Pearson 0.6940
2026-10-07 12:17:20 | INFO |   svr fold 15 | train RMSE 0.3905 | val RMSE 0.7226 | val Pearson 0.7051
2026-10-07 12:17:20 | INFO | svr | full-fit train RMSE 0.3814 | OOF RMSE 0.7118 | OOF Pearson 0.7202
2026-10-07 12:17:20 | INFO | model lgbm | features ['handcrafted', 'grammar', 'audio', 'embedding_pca', 'wavlm_pca', 'wavlm_large_pca'] | X shape (732, 101)
2026-10-07 12:17:20 | INFO |   lgbm fold  1 | train RMSE 0.3299 | val RMSE 0.4808 | val Pearson 0.8822
2026-10-07 12:17:21 | INFO |   lgbm fold  2 | train RMSE 0.3121 | val RMSE 0.6029 | val Pearson 0.8074
2026-10-07 12:17:21 | INFO |   lgbm fold  3 | train RMSE 0.3250 | val RMSE 0.6059 | val Pearson 0.8056
2026-10-07 12:17:21 | INFO |   lgbm fold  4 | train RMSE 0.3246 | val RMSE 0.5510 | val Pearson 0.8421
2026-10-07 12:17:21 | INFO |   lgbm fold  5 | train RMSE 0.3148 | val RMSE 0.5914 | val Pearson 0.8113
2026-10-07 12:17:22 | INFO |   lgbm fold  6 | train RMSE 0.3268 | val RMSE 0.5588 | val Pearson 0.8324
2026-10-07 12:17:22 | INFO |   lgbm fold  7 | train RMSE 0.3111 | val RMSE 0.6056 | val Pearson 0.8069
2026-10-07 12:17:22 | INFO |   lgbm fold  8 | train RMSE 0.3227 | val RMSE 0.5390 | val Pearson 0.8462
2026-10-07 12:17:23 | INFO |   lgbm fold  9 | train RMSE 0.3270 | val RMSE 0.5962 | val Pearson 0.8106
2026-10-07 12:17:23 | INFO |   lgbm fold 10 | train RMSE 0.3105 | val RMSE 0.5631 | val Pearson 0.8379
2026-10-07 12:17:23 | INFO |   lgbm fold 11 | train RMSE 0.3222 | val RMSE 0.5528 | val Pearson 0.8379
2026-10-07 12:17:24 | INFO |   lgbm fold 12 | train RMSE 0.3230 | val RMSE 0.5548 | val Pearson 0.8392
2026-10-07 12:17:24 | INFO |   lgbm fold 13 | train RMSE 0.3225 | val RMSE 0.5791 | val Pearson 0.8217
2026-10-07 12:17:25 | INFO |   lgbm fold 14 | train RMSE 0.3089 | val RMSE 0.5974 | val Pearson 0.8175
2026-10-07 12:17:25 | INFO |   lgbm fold 15 | train RMSE 0.3197 | val RMSE 0.6275 | val Pearson 0.7837
2026-10-07 12:17:26 | INFO | lgbm | full-fit train RMSE 0.3416 | OOF RMSE 0.5665 | OOF Pearson 0.8303
2026-10-07 12:17:26 | INFO | model ridge_wavlm | features ['wavlm'] | X shape (732, 1536)
2026-10-07 12:17:26 | INFO |   ridge_wavlm fold  1 | train RMSE 0.5518 | val RMSE 0.5489 | val Pearson 0.8492
2026-10-07 12:17:26 | INFO |   ridge_wavlm fold  2 | train RMSE 0.5328 | val RMSE 0.6423 | val Pearson 0.7866
2026-10-07 12:17:26 | INFO |   ridge_wavlm fold  3 | train RMSE 0.5383 | val RMSE 0.5992 | val Pearson 0.8107
2026-10-07 12:17:26 | INFO |   ridge_wavlm fold  4 | train RMSE 0.5369 | val RMSE 0.6344 | val Pearson 0.7861
2026-10-07 12:17:26 | INFO |   ridge_wavlm fold  5 | train RMSE 0.5443 | val RMSE 0.5986 | val Pearson 0.8170
2026-10-07 12:17:26 | INFO |   ridge_wavlm fold  6 | train RMSE 0.5369 | val RMSE 0.6081 | val Pearson 0.7994
2026-10-07 12:17:27 | INFO |   ridge_wavlm fold  7 | train RMSE 0.5353 | val RMSE 0.6317 | val Pearson 0.7937
2026-10-07 12:17:27 | INFO |   ridge_wavlm fold  8 | train RMSE 0.5478 | val RMSE 0.5738 | val Pearson 0.8326
2026-10-07 12:17:27 | INFO |   ridge_wavlm fold  9 | train RMSE 0.5430 | val RMSE 0.6069 | val Pearson 0.8076
2026-10-07 12:17:27 | INFO |   ridge_wavlm fold 10 | train RMSE 0.5383 | val RMSE 0.6058 | val Pearson 0.8195
2026-10-07 12:17:27 | INFO |   ridge_wavlm fold 11 | train RMSE 0.5470 | val RMSE 0.5602 | val Pearson 0.8319
2026-10-07 12:17:28 | INFO |   ridge_wavlm fold 12 | train RMSE 0.5420 | val RMSE 0.6283 | val Pearson 0.7986
2026-10-07 12:17:28 | INFO |   ridge_wavlm fold 13 | train RMSE 0.5398 | val RMSE 0.5772 | val Pearson 0.8290
2026-10-07 12:17:28 | INFO |   ridge_wavlm fold 14 | train RMSE 0.5421 | val RMSE 0.6045 | val Pearson 0.8214
2026-10-07 12:17:28 | INFO |   ridge_wavlm fold 15 | train RMSE 0.5332 | val RMSE 0.6433 | val Pearson 0.7787
2026-10-07 12:17:28 | INFO | ridge_wavlm | full-fit train RMSE 0.5340 | OOF RMSE 0.6022 | OOF Pearson 0.8119
2026-10-07 12:17:29 | INFO | model ridge_wavlm_large | features ['wavlm_large'] | X shape (732, 2048)
2026-10-07 12:17:29 | INFO |   ridge_wavlm_large fold  1 | train RMSE 0.5189 | val RMSE 0.5222 | val Pearson 0.8592
2026-10-07 12:17:29 | INFO |   ridge_wavlm_large fold  2 | train RMSE 0.4975 | val RMSE 0.6119 | val Pearson 0.8098
2026-10-07 12:17:29 | INFO |   ridge_wavlm_large fold  3 | train RMSE 0.5044 | val RMSE 0.6015 | val Pearson 0.8109
2026-10-07 12:17:29 | INFO |   ridge_wavlm_large fold  4 | train RMSE 0.5051 | val RMSE 0.6067 | val Pearson 0.8053
2026-10-07 12:17:30 | INFO |   ridge_wavlm_large fold  5 | train RMSE 0.5070 | val RMSE 0.5903 | val Pearson 0.8194
2026-10-07 12:17:30 | INFO |   ridge_wavlm_large fold  6 | train RMSE 0.5028 | val RMSE 0.5981 | val Pearson 0.8059
2026-10-07 12:17:30 | INFO |   ridge_wavlm_large fold  7 | train RMSE 0.5085 | val RMSE 0.5962 | val Pearson 0.8242
2026-10-07 12:17:30 | INFO |   ridge_wavlm_large fold  8 | train RMSE 0.5076 | val RMSE 0.5529 | val Pearson 0.8439
2026-10-07 12:17:30 | INFO |   ridge_wavlm_large fold  9 | train RMSE 0.5063 | val RMSE 0.5818 | val Pearson 0.8216
2026-10-07 12:17:31 | INFO |   ridge_wavlm_large fold 10 | train RMSE 0.5075 | val RMSE 0.5811 | val Pearson 0.8373
2026-10-07 12:17:31 | INFO |   ridge_wavlm_large fold 11 | train RMSE 0.5145 | val RMSE 0.5365 | val Pearson 0.8466
2026-10-07 12:17:31 | INFO |   ridge_wavlm_large fold 12 | train RMSE 0.5114 | val RMSE 0.5965 | val Pearson 0.8241
2026-10-07 12:17:31 | INFO |   ridge_wavlm_large fold 13 | train RMSE 0.5020 | val RMSE 0.5657 | val Pearson 0.8436
2026-10-07 12:17:31 | INFO |   ridge_wavlm_large fold 14 | train RMSE 0.5031 | val RMSE 0.5770 | val Pearson 0.8331
2026-10-07 12:17:31 | INFO |   ridge_wavlm_large fold 15 | train RMSE 0.5051 | val RMSE 0.6359 | val Pearson 0.7804
2026-10-07 12:17:31 | INFO | ridge_wavlm_large | full-fit train RMSE 0.5026 | OOF RMSE 0.5813 | OOF Pearson 0.8253
2026-10-07 12:17:31 | INFO | deberta (precomputed) | train RMSE 0.1418 | OOF RMSE 0.5699 | OOF Pearson 0.8288
2026-10-07 12:17:31 | INFO | blend weights: {'ridge': 0.0, 'svr': 0.0, 'lgbm': 0.181, 'ridge_wavlm': 0.19, 'ridge_wavlm_large': 0.136, 'deberta': 0.492} | calibration: y = 1.128 * p + -0.492
2026-10-07 12:17:31 | INFO | blend before calibration | OOF RMSE 0.5147 | OOF Pearson 0.8659
2026-10-07 12:17:31 | INFO | blend | train RMSE 0.2372 | OOF RMSE 0.5117 | OOF Pearson 0.8662
2026-10-07 12:17:31 | INFO | blend | test-weighted OOF RMSE 0.4890
2026-10-07 12:17:32 | INFO | wrote /mnt/d/SHL assignment - Harsh Tripathi/submission.csv (216, 2)
