2026-10-08 08:32:15 | INFO | log file: /mnt/d/SHL assignment - Harsh Tripathi/logs/train_20261008_083215.log
2026-10-08 08:32:15 | INFO | folds=5 repeats=2
2026-10-08 08:32:16 | INFO | train rows after dropping noise clips: 732, test rows: 216
2026-10-08 08:32:16 | INFO | fitting with importance weights (covariate-shift correction)
2026-10-08 08:32:16 | INFO | topic-grouped CV (8 topics)
2026-10-08 08:32:16 | INFO | model ridge | features ['handcrafted', 'grammar', 'embedding'] | X shape (732, 794)
2026-10-08 08:32:16 | INFO |   ridge fold  1 | train RMSE 0.5402 | val RMSE 0.8890 | val Pearson 0.7431
2026-10-08 08:32:16 | INFO |   ridge fold  2 | train RMSE 0.5253 | val RMSE 0.8326 | val Pearson 0.6393
2026-10-08 08:32:17 | INFO |   ridge fold  3 | train RMSE 0.5098 | val RMSE 1.0664 | val Pearson 0.5987
2026-10-08 08:32:17 | INFO |   ridge fold  4 | train RMSE 0.5328 | val RMSE 0.8542 | val Pearson 0.5929
2026-10-08 08:32:17 | INFO |   ridge fold  5 | train RMSE 0.5339 | val RMSE 0.7542 | val Pearson 0.7082
2026-10-08 08:32:17 | INFO |   ridge fold  6 | train RMSE 0.5402 | val RMSE 0.8890 | val Pearson 0.7431
2026-10-08 08:32:17 | INFO |   ridge fold  7 | train RMSE 0.5253 | val RMSE 0.8326 | val Pearson 0.6393
2026-10-08 08:32:18 | INFO |   ridge fold  8 | train RMSE 0.5098 | val RMSE 1.0664 | val Pearson 0.5987
2026-10-08 08:32:18 | INFO |   ridge fold  9 | train RMSE 0.5328 | val RMSE 0.8542 | val Pearson 0.5929
2026-10-08 08:32:18 | INFO |   ridge fold 10 | train RMSE 0.5339 | val RMSE 0.7542 | val Pearson 0.7082
2026-10-08 08:32:18 | INFO | ridge | full-fit train RMSE 0.5391 | OOF RMSE 0.8827 | OOF Pearson 0.5864
2026-10-08 08:32:18 | INFO | model svr | features ['handcrafted', 'grammar', 'embedding'] | X shape (732, 794)
2026-10-08 08:32:19 | INFO |   svr fold  1 | train RMSE 0.3496 | val RMSE 0.8710 | val Pearson 0.7746
2026-10-08 08:32:19 | INFO |   svr fold  2 | train RMSE 0.3334 | val RMSE 0.8506 | val Pearson 0.6271
2026-10-08 08:32:19 | INFO |   svr fold  3 | train RMSE 0.3168 | val RMSE 0.9696 | val Pearson 0.6433
2026-10-08 08:32:20 | INFO |   svr fold  4 | train RMSE 0.3357 | val RMSE 0.9014 | val Pearson 0.6016
2026-10-08 08:32:20 | INFO |   svr fold  5 | train RMSE 0.3334 | val RMSE 0.8068 | val Pearson 0.7244
2026-10-08 08:32:20 | INFO |   svr fold  6 | train RMSE 0.3496 | val RMSE 0.8710 | val Pearson 0.7746
2026-10-08 08:32:20 | INFO |   svr fold  7 | train RMSE 0.3334 | val RMSE 0.8506 | val Pearson 0.6271
2026-10-08 08:32:21 | INFO |   svr fold  8 | train RMSE 0.3168 | val RMSE 0.9696 | val Pearson 0.6433
2026-10-08 08:32:21 | INFO |   svr fold  9 | train RMSE 0.3357 | val RMSE 0.9014 | val Pearson 0.6016
2026-10-08 08:32:21 | INFO |   svr fold 10 | train RMSE 0.3334 | val RMSE 0.8068 | val Pearson 0.7244
2026-10-08 08:32:22 | INFO | svr | full-fit train RMSE 0.3354 | OOF RMSE 0.8800 | OOF Pearson 0.6372
2026-10-08 08:32:22 | INFO | model lgbm | features ['handcrafted', 'grammar', 'audio', 'gec', 'wavlm_pca', 'wavlm_large_pca'] | X shape (732, 88)
2026-10-08 08:32:22 | INFO |   lgbm fold  1 | train RMSE 0.3082 | val RMSE 0.5394 | val Pearson 0.8585
2026-10-08 08:32:23 | INFO |   lgbm fold  2 | train RMSE 0.3010 | val RMSE 0.5668 | val Pearson 0.7977
2026-10-08 08:32:23 | INFO |   lgbm fold  3 | train RMSE 0.2989 | val RMSE 0.6469 | val Pearson 0.7847
2026-10-08 08:32:24 | INFO |   lgbm fold  4 | train RMSE 0.2921 | val RMSE 0.5905 | val Pearson 0.8280
2026-10-08 08:32:24 | INFO |   lgbm fold  5 | train RMSE 0.2960 | val RMSE 0.5410 | val Pearson 0.8463
2026-10-08 08:32:25 | INFO |   lgbm fold  6 | train RMSE 0.3082 | val RMSE 0.5394 | val Pearson 0.8585
2026-10-08 08:32:25 | INFO |   lgbm fold  7 | train RMSE 0.3010 | val RMSE 0.5668 | val Pearson 0.7977
2026-10-08 08:32:26 | INFO |   lgbm fold  8 | train RMSE 0.2989 | val RMSE 0.6469 | val Pearson 0.7847
2026-10-08 08:32:26 | INFO |   lgbm fold  9 | train RMSE 0.2921 | val RMSE 0.5905 | val Pearson 0.8280
2026-10-08 08:32:27 | INFO |   lgbm fold 10 | train RMSE 0.2960 | val RMSE 0.5410 | val Pearson 0.8463
2026-10-08 08:32:27 | INFO | lgbm | full-fit train RMSE 0.3222 | OOF RMSE 0.5781 | OOF Pearson 0.8220
2026-10-08 08:32:28 | INFO | model ridge_wavlm | features ['wavlm'] | X shape (732, 1536)
2026-10-08 08:32:28 | INFO |   ridge_wavlm fold  1 | train RMSE 0.5402 | val RMSE 0.5918 | val Pearson 0.8395
2026-10-08 08:32:28 | INFO |   ridge_wavlm fold  2 | train RMSE 0.5337 | val RMSE 0.6174 | val Pearson 0.7870
2026-10-08 08:32:28 | INFO |   ridge_wavlm fold  3 | train RMSE 0.5227 | val RMSE 0.6365 | val Pearson 0.7957
2026-10-08 08:32:28 | INFO |   ridge_wavlm fold  4 | train RMSE 0.5368 | val RMSE 0.5892 | val Pearson 0.8405
2026-10-08 08:32:29 | INFO |   ridge_wavlm fold  5 | train RMSE 0.5183 | val RMSE 0.6136 | val Pearson 0.8013
2026-10-08 08:32:29 | INFO |   ridge_wavlm fold  6 | train RMSE 0.5402 | val RMSE 0.5918 | val Pearson 0.8395
2026-10-08 08:32:29 | INFO |   ridge_wavlm fold  7 | train RMSE 0.5337 | val RMSE 0.6174 | val Pearson 0.7870
2026-10-08 08:32:29 | INFO |   ridge_wavlm fold  8 | train RMSE 0.5227 | val RMSE 0.6365 | val Pearson 0.7957
2026-10-08 08:32:29 | INFO |   ridge_wavlm fold  9 | train RMSE 0.5368 | val RMSE 0.5892 | val Pearson 0.8405
2026-10-08 08:32:30 | INFO |   ridge_wavlm fold 10 | train RMSE 0.5183 | val RMSE 0.6136 | val Pearson 0.8013
2026-10-08 08:32:30 | INFO | ridge_wavlm | full-fit train RMSE 0.5248 | OOF RMSE 0.6107 | OOF Pearson 0.8049
2026-10-08 08:32:30 | INFO | model ridge_wavlm_large | features ['wavlm_large'] | X shape (732, 2048)
2026-10-08 08:32:30 | INFO |   ridge_wavlm_large fold  1 | train RMSE 0.5017 | val RMSE 0.5525 | val Pearson 0.8569
2026-10-08 08:32:30 | INFO |   ridge_wavlm_large fold  2 | train RMSE 0.4941 | val RMSE 0.6034 | val Pearson 0.8000
2026-10-08 08:32:31 | INFO |   ridge_wavlm_large fold  3 | train RMSE 0.4906 | val RMSE 0.5965 | val Pearson 0.8219
2026-10-08 08:32:31 | INFO |   ridge_wavlm_large fold  4 | train RMSE 0.4953 | val RMSE 0.5684 | val Pearson 0.8498
2026-10-08 08:32:31 | INFO |   ridge_wavlm_large fold  5 | train RMSE 0.4832 | val RMSE 0.6160 | val Pearson 0.7993
2026-10-08 08:32:31 | INFO |   ridge_wavlm_large fold  6 | train RMSE 0.5017 | val RMSE 0.5525 | val Pearson 0.8569
2026-10-08 08:32:31 | INFO |   ridge_wavlm_large fold  7 | train RMSE 0.4941 | val RMSE 0.6034 | val Pearson 0.8000
2026-10-08 08:32:31 | INFO |   ridge_wavlm_large fold  8 | train RMSE 0.4906 | val RMSE 0.5965 | val Pearson 0.8219
2026-10-08 08:32:31 | INFO |   ridge_wavlm_large fold  9 | train RMSE 0.4953 | val RMSE 0.5684 | val Pearson 0.8498
2026-10-08 08:32:31 | INFO |   ridge_wavlm_large fold 10 | train RMSE 0.4832 | val RMSE 0.6160 | val Pearson 0.7993
2026-10-08 08:32:32 | INFO | ridge_wavlm_large | full-fit train RMSE 0.4900 | OOF RMSE 0.5891 | OOF Pearson 0.8184
2026-10-08 08:32:32 | INFO | blend weights: {'ridge': 0.001, 'svr': 0.0, 'lgbm': 0.602, 'ridge_wavlm': 0.145, 'ridge_wavlm_large': 0.251} | calibration: y = 1.114 * p + -0.423
2026-10-08 08:32:32 | INFO | blend before calibration | OOF RMSE 0.5554 | OOF Pearson 0.8412
2026-10-08 08:32:32 | INFO | blend | train RMSE 0.3542 | OOF RMSE 0.5525 | OOF Pearson 0.8425
2026-10-08 08:32:32 | INFO | blend | test-weighted OOF RMSE 0.5437
2026-10-08 08:32:32 | INFO | wrote /mnt/d/SHL assignment - Harsh Tripathi/submission.csv (216, 2)
