2026-10-07 18:06:17 | INFO | log file: /mnt/d/SHL assignment - Harsh Tripathi/logs/train_20261007_180617.log
2026-10-07 18:06:17 | INFO | folds=5 repeats=3
2026-10-07 18:06:17 | INFO | train rows after dropping noise clips: 732, test rows: 216
2026-10-07 18:06:17 | INFO | fitting with importance weights (covariate-shift correction)
2026-10-07 18:06:17 | INFO | model ridge | features ['handcrafted', 'grammar', 'embedding'] | X shape (732, 794)
2026-10-07 18:06:17 | INFO |   ridge fold  1 | train RMSE 0.5445 | val RMSE 0.6585 | val Pearson 0.7604
2026-10-07 18:06:18 | INFO |   ridge fold  2 | train RMSE 0.5282 | val RMSE 0.7432 | val Pearson 0.6870
2026-10-07 18:06:18 | INFO |   ridge fold  3 | train RMSE 0.5126 | val RMSE 0.7661 | val Pearson 0.6669
2026-10-07 18:06:18 | INFO |   ridge fold  4 | train RMSE 0.5369 | val RMSE 0.6834 | val Pearson 0.7436
2026-10-07 18:06:18 | INFO |   ridge fold  5 | train RMSE 0.5380 | val RMSE 0.6817 | val Pearson 0.7375
2026-10-07 18:06:19 | INFO |   ridge fold  6 | train RMSE 0.5467 | val RMSE 0.7156 | val Pearson 0.7086
2026-10-07 18:06:19 | INFO |   ridge fold  7 | train RMSE 0.5172 | val RMSE 0.7473 | val Pearson 0.6824
2026-10-07 18:06:19 | INFO |   ridge fold  8 | train RMSE 0.5372 | val RMSE 0.6666 | val Pearson 0.7535
2026-10-07 18:06:19 | INFO |   ridge fold  9 | train RMSE 0.5206 | val RMSE 0.7315 | val Pearson 0.6957
2026-10-07 18:06:19 | INFO |   ridge fold 10 | train RMSE 0.5368 | val RMSE 0.6780 | val Pearson 0.7457
2026-10-07 18:06:20 | INFO |   ridge fold 11 | train RMSE 0.5255 | val RMSE 0.7242 | val Pearson 0.7083
2026-10-07 18:06:20 | INFO |   ridge fold 12 | train RMSE 0.5488 | val RMSE 0.6798 | val Pearson 0.7474
2026-10-07 18:06:20 | INFO |   ridge fold 13 | train RMSE 0.5369 | val RMSE 0.6759 | val Pearson 0.7474
2026-10-07 18:06:20 | INFO |   ridge fold 14 | train RMSE 0.5140 | val RMSE 0.7932 | val Pearson 0.6407
2026-10-07 18:06:20 | INFO |   ridge fold 15 | train RMSE 0.5220 | val RMSE 0.7447 | val Pearson 0.6817
2026-10-07 18:06:21 | INFO | ridge | full-fit train RMSE 0.5391 | OOF RMSE 0.7031 | OOF Pearson 0.7212
2026-10-07 18:06:21 | INFO | model svr | features ['handcrafted', 'grammar', 'embedding'] | X shape (732, 794)
2026-10-07 18:06:21 | INFO |   svr fold  1 | train RMSE 0.3435 | val RMSE 0.6511 | val Pearson 0.7677
2026-10-07 18:06:21 | INFO |   svr fold  2 | train RMSE 0.3208 | val RMSE 0.7426 | val Pearson 0.6917
2026-10-07 18:06:21 | INFO |   svr fold  3 | train RMSE 0.3218 | val RMSE 0.7808 | val Pearson 0.6476
2026-10-07 18:06:21 | INFO |   svr fold  4 | train RMSE 0.3325 | val RMSE 0.7125 | val Pearson 0.7267
2026-10-07 18:06:22 | INFO |   svr fold  5 | train RMSE 0.3443 | val RMSE 0.6812 | val Pearson 0.7502
2026-10-07 18:06:22 | INFO |   svr fold  6 | train RMSE 0.3494 | val RMSE 0.7035 | val Pearson 0.7204
2026-10-07 18:06:22 | INFO |   svr fold  7 | train RMSE 0.3222 | val RMSE 0.7410 | val Pearson 0.7056
2026-10-07 18:06:22 | INFO |   svr fold  8 | train RMSE 0.3368 | val RMSE 0.6435 | val Pearson 0.7859
2026-10-07 18:06:22 | INFO |   svr fold  9 | train RMSE 0.3176 | val RMSE 0.7370 | val Pearson 0.6885
2026-10-07 18:06:22 | INFO |   svr fold 10 | train RMSE 0.3375 | val RMSE 0.7105 | val Pearson 0.7229
2026-10-07 18:06:22 | INFO |   svr fold 11 | train RMSE 0.3260 | val RMSE 0.6896 | val Pearson 0.7356
2026-10-07 18:06:23 | INFO |   svr fold 12 | train RMSE 0.3426 | val RMSE 0.7005 | val Pearson 0.7392
2026-10-07 18:06:23 | INFO |   svr fold 13 | train RMSE 0.3306 | val RMSE 0.6813 | val Pearson 0.7476
2026-10-07 18:06:23 | INFO |   svr fold 14 | train RMSE 0.3205 | val RMSE 0.7527 | val Pearson 0.6950
2026-10-07 18:06:23 | INFO |   svr fold 15 | train RMSE 0.3392 | val RMSE 0.7150 | val Pearson 0.7101
2026-10-07 18:06:24 | INFO | svr | full-fit train RMSE 0.3354 | OOF RMSE 0.7058 | OOF Pearson 0.7249
2026-10-07 18:06:24 | INFO | model lgbm | features ['handcrafted', 'grammar', 'audio', 'embedding_pca', 'gec', 'wavlm_pca', 'wavlm_large_pca'] | X shape (732, 108)
2026-10-07 18:06:24 | INFO |   lgbm fold  1 | train RMSE 0.2997 | val RMSE 0.4783 | val Pearson 0.8840
2026-10-07 18:06:25 | INFO |   lgbm fold  2 | train RMSE 0.2871 | val RMSE 0.6235 | val Pearson 0.7928
2026-10-07 18:06:25 | INFO |   lgbm fold  3 | train RMSE 0.2926 | val RMSE 0.6082 | val Pearson 0.8042
2026-10-07 18:06:25 | INFO |   lgbm fold  4 | train RMSE 0.2954 | val RMSE 0.5631 | val Pearson 0.8342
2026-10-07 18:06:26 | INFO |   lgbm fold  5 | train RMSE 0.2886 | val RMSE 0.5721 | val Pearson 0.8252
2026-10-07 18:06:26 | INFO |   lgbm fold  6 | train RMSE 0.2956 | val RMSE 0.5485 | val Pearson 0.8392
2026-10-07 18:06:27 | INFO |   lgbm fold  7 | train RMSE 0.2860 | val RMSE 0.6051 | val Pearson 0.8069
2026-10-07 18:06:27 | INFO |   lgbm fold  8 | train RMSE 0.2930 | val RMSE 0.5498 | val Pearson 0.8392
2026-10-07 18:06:27 | INFO |   lgbm fold  9 | train RMSE 0.2979 | val RMSE 0.5967 | val Pearson 0.8098
2026-10-07 18:06:28 | INFO |   lgbm fold 10 | train RMSE 0.2876 | val RMSE 0.5537 | val Pearson 0.8436
2026-10-07 18:06:28 | INFO |   lgbm fold 11 | train RMSE 0.2890 | val RMSE 0.5453 | val Pearson 0.8434
2026-10-07 18:06:28 | INFO |   lgbm fold 12 | train RMSE 0.2910 | val RMSE 0.5419 | val Pearson 0.8480
2026-10-07 18:06:29 | INFO |   lgbm fold 13 | train RMSE 0.2993 | val RMSE 0.5793 | val Pearson 0.8218
2026-10-07 18:06:29 | INFO |   lgbm fold 14 | train RMSE 0.2863 | val RMSE 0.5814 | val Pearson 0.8294
2026-10-07 18:06:29 | INFO |   lgbm fold 15 | train RMSE 0.2919 | val RMSE 0.6156 | val Pearson 0.7936
2026-10-07 18:06:30 | INFO | lgbm | full-fit train RMSE 0.3142 | OOF RMSE 0.5637 | OOF Pearson 0.8320
2026-10-07 18:06:30 | INFO | model ridge_wavlm | features ['wavlm'] | X shape (732, 1536)
2026-10-07 18:06:30 | INFO |   ridge_wavlm fold  1 | train RMSE 0.5438 | val RMSE 0.5422 | val Pearson 0.8529
2026-10-07 18:06:30 | INFO |   ridge_wavlm fold  2 | train RMSE 0.5221 | val RMSE 0.6358 | val Pearson 0.7910
2026-10-07 18:06:31 | INFO |   ridge_wavlm fold  3 | train RMSE 0.5283 | val RMSE 0.5969 | val Pearson 0.8117
2026-10-07 18:06:31 | INFO |   ridge_wavlm fold  4 | train RMSE 0.5284 | val RMSE 0.6255 | val Pearson 0.7935
2026-10-07 18:06:31 | INFO |   ridge_wavlm fold  5 | train RMSE 0.5321 | val RMSE 0.5913 | val Pearson 0.8218
2026-10-07 18:06:31 | INFO |   ridge_wavlm fold  6 | train RMSE 0.5266 | val RMSE 0.6032 | val Pearson 0.8025
2026-10-07 18:06:31 | INFO |   ridge_wavlm fold  7 | train RMSE 0.5240 | val RMSE 0.6258 | val Pearson 0.7987
2026-10-07 18:06:31 | INFO |   ridge_wavlm fold  8 | train RMSE 0.5376 | val RMSE 0.5714 | val Pearson 0.8334
2026-10-07 18:06:31 | INFO |   ridge_wavlm fold  9 | train RMSE 0.5341 | val RMSE 0.5989 | val Pearson 0.8133
2026-10-07 18:06:31 | INFO |   ridge_wavlm fold 10 | train RMSE 0.5296 | val RMSE 0.5962 | val Pearson 0.8257
2026-10-07 18:06:31 | INFO |   ridge_wavlm fold 11 | train RMSE 0.5354 | val RMSE 0.5522 | val Pearson 0.8370
2026-10-07 18:06:32 | INFO |   ridge_wavlm fold 12 | train RMSE 0.5317 | val RMSE 0.6208 | val Pearson 0.8028
2026-10-07 18:06:32 | INFO |   ridge_wavlm fold 13 | train RMSE 0.5320 | val RMSE 0.5718 | val Pearson 0.8325
2026-10-07 18:06:32 | INFO |   ridge_wavlm fold 14 | train RMSE 0.5334 | val RMSE 0.6012 | val Pearson 0.8237
2026-10-07 18:06:32 | INFO |   ridge_wavlm fold 15 | train RMSE 0.5224 | val RMSE 0.6370 | val Pearson 0.7839
2026-10-07 18:06:32 | INFO | ridge_wavlm | full-fit train RMSE 0.5248 | OOF RMSE 0.5963 | OOF Pearson 0.8158
2026-10-07 18:06:32 | INFO | model ridge_wavlm_large | features ['wavlm_large'] | X shape (732, 2048)
2026-10-07 18:06:33 | INFO |   ridge_wavlm_large fold  1 | train RMSE 0.5073 | val RMSE 0.5153 | val Pearson 0.8628
2026-10-07 18:06:33 | INFO |   ridge_wavlm_large fold  2 | train RMSE 0.4845 | val RMSE 0.6067 | val Pearson 0.8128
2026-10-07 18:06:33 | INFO |   ridge_wavlm_large fold  3 | train RMSE 0.4904 | val RMSE 0.5956 | val Pearson 0.8137
2026-10-07 18:06:33 | INFO |   ridge_wavlm_large fold  4 | train RMSE 0.4932 | val RMSE 0.5960 | val Pearson 0.8122
2026-10-07 18:06:33 | INFO |   ridge_wavlm_large fold  5 | train RMSE 0.4918 | val RMSE 0.5791 | val Pearson 0.8261
2026-10-07 18:06:33 | INFO |   ridge_wavlm_large fold  6 | train RMSE 0.4889 | val RMSE 0.5889 | val Pearson 0.8120
2026-10-07 18:06:34 | INFO |   ridge_wavlm_large fold  7 | train RMSE 0.4949 | val RMSE 0.5874 | val Pearson 0.8306
2026-10-07 18:06:34 | INFO |   ridge_wavlm_large fold  8 | train RMSE 0.4948 | val RMSE 0.5510 | val Pearson 0.8440
2026-10-07 18:06:34 | INFO |   ridge_wavlm_large fold  9 | train RMSE 0.4941 | val RMSE 0.5742 | val Pearson 0.8263
2026-10-07 18:06:34 | INFO |   ridge_wavlm_large fold 10 | train RMSE 0.4953 | val RMSE 0.5714 | val Pearson 0.8418
2026-10-07 18:06:34 | INFO |   ridge_wavlm_large fold 11 | train RMSE 0.5001 | val RMSE 0.5290 | val Pearson 0.8500
2026-10-07 18:06:34 | INFO |   ridge_wavlm_large fold 12 | train RMSE 0.4982 | val RMSE 0.5895 | val Pearson 0.8267
2026-10-07 18:06:34 | INFO |   ridge_wavlm_large fold 13 | train RMSE 0.4911 | val RMSE 0.5587 | val Pearson 0.8470
2026-10-07 18:06:34 | INFO |   ridge_wavlm_large fold 14 | train RMSE 0.4916 | val RMSE 0.5750 | val Pearson 0.8343
2026-10-07 18:06:34 | INFO |   ridge_wavlm_large fold 15 | train RMSE 0.4897 | val RMSE 0.6231 | val Pearson 0.7902
2026-10-07 18:06:34 | INFO | ridge_wavlm_large | full-fit train RMSE 0.4900 | OOF RMSE 0.5739 | OOF Pearson 0.8295
2026-10-07 18:06:34 | INFO | deberta (precomputed) | train RMSE 0.1418 | OOF RMSE 0.5699 | OOF Pearson 0.8288
2026-10-07 18:06:34 | INFO | blend weights: {'ridge': 0.0, 'svr': 0.0, 'lgbm': 0.215, 'ridge_wavlm': 0.075, 'ridge_wavlm_large': 0.242, 'deberta': 0.468} | calibration: y = 1.112 * p + -0.426
2026-10-07 18:06:34 | INFO | blend before calibration | OOF RMSE 0.5125 | OOF Pearson 0.8667
2026-10-07 18:06:34 | INFO | blend | train RMSE 0.2293 | OOF RMSE 0.5084 | OOF Pearson 0.8672
2026-10-07 18:06:34 | INFO | blend | test-weighted OOF RMSE 0.4879
2026-10-07 18:06:34 | INFO | train rows after dropping noise clips: 732, test rows: 216
2026-10-07 18:06:34 | INFO | fitting with importance weights (covariate-shift correction)
2026-10-07 18:06:34 | INFO | pseudo-labels for the final refit (weight 0.50)
2026-10-07 18:06:35 | INFO | model ridge | features ['handcrafted', 'grammar', 'embedding'] | X shape (732, 794)
2026-10-07 18:06:35 | INFO |   ridge fold  1 | train RMSE 0.5445 | val RMSE 0.6585 | val Pearson 0.7604
2026-10-07 18:06:35 | INFO |   ridge fold  2 | train RMSE 0.5282 | val RMSE 0.7432 | val Pearson 0.6870
2026-10-07 18:06:35 | INFO |   ridge fold  3 | train RMSE 0.5126 | val RMSE 0.7661 | val Pearson 0.6669
2026-10-07 18:06:35 | INFO |   ridge fold  4 | train RMSE 0.5369 | val RMSE 0.6834 | val Pearson 0.7436
2026-10-07 18:06:36 | INFO |   ridge fold  5 | train RMSE 0.5380 | val RMSE 0.6817 | val Pearson 0.7375
2026-10-07 18:06:36 | INFO |   ridge fold  6 | train RMSE 0.5467 | val RMSE 0.7156 | val Pearson 0.7086
2026-10-07 18:06:36 | INFO |   ridge fold  7 | train RMSE 0.5172 | val RMSE 0.7473 | val Pearson 0.6824
2026-10-07 18:06:36 | INFO |   ridge fold  8 | train RMSE 0.5372 | val RMSE 0.6666 | val Pearson 0.7535
2026-10-07 18:06:36 | INFO |   ridge fold  9 | train RMSE 0.5206 | val RMSE 0.7315 | val Pearson 0.6957
2026-10-07 18:06:36 | INFO |   ridge fold 10 | train RMSE 0.5368 | val RMSE 0.6780 | val Pearson 0.7457
2026-10-07 18:06:37 | INFO |   ridge fold 11 | train RMSE 0.5255 | val RMSE 0.7242 | val Pearson 0.7083
2026-10-07 18:06:37 | INFO |   ridge fold 12 | train RMSE 0.5488 | val RMSE 0.6798 | val Pearson 0.7474
2026-10-07 18:06:37 | INFO |   ridge fold 13 | train RMSE 0.5369 | val RMSE 0.6759 | val Pearson 0.7474
2026-10-07 18:06:37 | INFO |   ridge fold 14 | train RMSE 0.5140 | val RMSE 0.7932 | val Pearson 0.6407
2026-10-07 18:06:37 | INFO |   ridge fold 15 | train RMSE 0.5220 | val RMSE 0.7447 | val Pearson 0.6817
2026-10-07 18:06:37 | INFO | ridge | full-fit train RMSE 0.5391 | OOF RMSE 0.7031 | OOF Pearson 0.7212
2026-10-07 18:06:38 | INFO | model svr | features ['handcrafted', 'grammar', 'embedding'] | X shape (732, 794)
2026-10-07 18:06:38 | INFO |   svr fold  1 | train RMSE 0.3435 | val RMSE 0.6511 | val Pearson 0.7677
2026-10-07 18:06:38 | INFO |   svr fold  2 | train RMSE 0.3208 | val RMSE 0.7426 | val Pearson 0.6917
2026-10-07 18:06:38 | INFO |   svr fold  3 | train RMSE 0.3218 | val RMSE 0.7808 | val Pearson 0.6476
2026-10-07 18:06:38 | INFO |   svr fold  4 | train RMSE 0.3325 | val RMSE 0.7125 | val Pearson 0.7267
2026-10-07 18:06:38 | INFO |   svr fold  5 | train RMSE 0.3443 | val RMSE 0.6812 | val Pearson 0.7502
2026-10-07 18:06:39 | INFO |   svr fold  6 | train RMSE 0.3494 | val RMSE 0.7035 | val Pearson 0.7204
2026-10-07 18:06:39 | INFO |   svr fold  7 | train RMSE 0.3222 | val RMSE 0.7410 | val Pearson 0.7056
2026-10-07 18:06:39 | INFO |   svr fold  8 | train RMSE 0.3368 | val RMSE 0.6435 | val Pearson 0.7859
2026-10-07 18:06:39 | INFO |   svr fold  9 | train RMSE 0.3176 | val RMSE 0.7370 | val Pearson 0.6885
2026-10-07 18:06:39 | INFO |   svr fold 10 | train RMSE 0.3375 | val RMSE 0.7105 | val Pearson 0.7229
2026-10-07 18:06:39 | INFO |   svr fold 11 | train RMSE 0.3260 | val RMSE 0.6896 | val Pearson 0.7356
2026-10-07 18:06:40 | INFO |   svr fold 12 | train RMSE 0.3426 | val RMSE 0.7005 | val Pearson 0.7392
2026-10-07 18:06:40 | INFO |   svr fold 13 | train RMSE 0.3306 | val RMSE 0.6813 | val Pearson 0.7476
2026-10-07 18:06:40 | INFO |   svr fold 14 | train RMSE 0.3205 | val RMSE 0.7527 | val Pearson 0.6950
2026-10-07 18:06:40 | INFO |   svr fold 15 | train RMSE 0.3392 | val RMSE 0.7150 | val Pearson 0.7101
2026-10-07 18:06:40 | INFO | svr | full-fit train RMSE 0.3354 | OOF RMSE 0.7058 | OOF Pearson 0.7249
2026-10-07 18:06:41 | INFO | model lgbm | features ['handcrafted', 'grammar', 'audio', 'embedding_pca', 'gec', 'wavlm_pca', 'wavlm_large_pca'] | X shape (732, 108)
2026-10-07 18:06:41 | INFO |   lgbm fold  1 | train RMSE 0.2997 | val RMSE 0.4783 | val Pearson 0.8840
2026-10-07 18:06:41 | INFO |   lgbm fold  2 | train RMSE 0.2871 | val RMSE 0.6235 | val Pearson 0.7928
2026-10-07 18:06:41 | INFO |   lgbm fold  3 | train RMSE 0.2926 | val RMSE 0.6082 | val Pearson 0.8042
2026-10-07 18:06:42 | INFO |   lgbm fold  4 | train RMSE 0.2954 | val RMSE 0.5631 | val Pearson 0.8342
2026-10-07 18:06:42 | INFO |   lgbm fold  5 | train RMSE 0.2886 | val RMSE 0.5721 | val Pearson 0.8252
2026-10-07 18:06:42 | INFO |   lgbm fold  6 | train RMSE 0.2956 | val RMSE 0.5485 | val Pearson 0.8392
2026-10-07 18:06:42 | INFO |   lgbm fold  7 | train RMSE 0.2860 | val RMSE 0.6051 | val Pearson 0.8069
2026-10-07 18:06:43 | INFO |   lgbm fold  8 | train RMSE 0.2930 | val RMSE 0.5498 | val Pearson 0.8392
2026-10-07 18:06:43 | INFO |   lgbm fold  9 | train RMSE 0.2979 | val RMSE 0.5967 | val Pearson 0.8098
2026-10-07 18:06:43 | INFO |   lgbm fold 10 | train RMSE 0.2876 | val RMSE 0.5537 | val Pearson 0.8436
2026-10-07 18:06:44 | INFO |   lgbm fold 11 | train RMSE 0.2890 | val RMSE 0.5453 | val Pearson 0.8434
2026-10-07 18:06:44 | INFO |   lgbm fold 12 | train RMSE 0.2910 | val RMSE 0.5419 | val Pearson 0.8480
2026-10-07 18:06:44 | INFO |   lgbm fold 13 | train RMSE 0.2993 | val RMSE 0.5793 | val Pearson 0.8218
2026-10-07 18:06:45 | INFO |   lgbm fold 14 | train RMSE 0.2863 | val RMSE 0.5814 | val Pearson 0.8294
2026-10-07 18:06:45 | INFO |   lgbm fold 15 | train RMSE 0.2919 | val RMSE 0.6156 | val Pearson 0.7936
2026-10-07 18:06:46 | INFO | lgbm | full-fit train RMSE 0.3142 | OOF RMSE 0.5637 | OOF Pearson 0.8320
2026-10-07 18:06:46 | INFO | model ridge_wavlm | features ['wavlm'] | X shape (732, 1536)
2026-10-07 18:06:46 | INFO |   ridge_wavlm fold  1 | train RMSE 0.5438 | val RMSE 0.5422 | val Pearson 0.8529
2026-10-07 18:06:46 | INFO |   ridge_wavlm fold  2 | train RMSE 0.5221 | val RMSE 0.6358 | val Pearson 0.7910
2026-10-07 18:06:46 | INFO |   ridge_wavlm fold  3 | train RMSE 0.5283 | val RMSE 0.5969 | val Pearson 0.8117
2026-10-07 18:06:46 | INFO |   ridge_wavlm fold  4 | train RMSE 0.5284 | val RMSE 0.6255 | val Pearson 0.7935
2026-10-07 18:06:46 | INFO |   ridge_wavlm fold  5 | train RMSE 0.5321 | val RMSE 0.5913 | val Pearson 0.8218
2026-10-07 18:06:46 | INFO |   ridge_wavlm fold  6 | train RMSE 0.5266 | val RMSE 0.6032 | val Pearson 0.8025
2026-10-07 18:06:47 | INFO |   ridge_wavlm fold  7 | train RMSE 0.5240 | val RMSE 0.6258 | val Pearson 0.7987
2026-10-07 18:06:47 | INFO |   ridge_wavlm fold  8 | train RMSE 0.5376 | val RMSE 0.5714 | val Pearson 0.8334
2026-10-07 18:06:47 | INFO |   ridge_wavlm fold  9 | train RMSE 0.5341 | val RMSE 0.5989 | val Pearson 0.8133
2026-10-07 18:06:47 | INFO |   ridge_wavlm fold 10 | train RMSE 0.5296 | val RMSE 0.5962 | val Pearson 0.8257
2026-10-07 18:06:47 | INFO |   ridge_wavlm fold 11 | train RMSE 0.5354 | val RMSE 0.5522 | val Pearson 0.8370
2026-10-07 18:06:47 | INFO |   ridge_wavlm fold 12 | train RMSE 0.5317 | val RMSE 0.6208 | val Pearson 0.8028
2026-10-07 18:06:47 | INFO |   ridge_wavlm fold 13 | train RMSE 0.5320 | val RMSE 0.5718 | val Pearson 0.8325
2026-10-07 18:06:47 | INFO |   ridge_wavlm fold 14 | train RMSE 0.5334 | val RMSE 0.6012 | val Pearson 0.8237
2026-10-07 18:06:47 | INFO |   ridge_wavlm fold 15 | train RMSE 0.5224 | val RMSE 0.6370 | val Pearson 0.7839
2026-10-07 18:06:48 | INFO | ridge_wavlm | full-fit train RMSE 0.5248 | OOF RMSE 0.5963 | OOF Pearson 0.8158
2026-10-07 18:06:48 | INFO | model ridge_wavlm_large | features ['wavlm_large'] | X shape (732, 2048)
2026-10-07 18:06:48 | INFO |   ridge_wavlm_large fold  1 | train RMSE 0.5073 | val RMSE 0.5153 | val Pearson 0.8628
2026-10-07 18:06:48 | INFO |   ridge_wavlm_large fold  2 | train RMSE 0.4845 | val RMSE 0.6067 | val Pearson 0.8128
2026-10-07 18:06:49 | INFO |   ridge_wavlm_large fold  3 | train RMSE 0.4904 | val RMSE 0.5956 | val Pearson 0.8137
2026-10-07 18:06:49 | INFO |   ridge_wavlm_large fold  4 | train RMSE 0.4932 | val RMSE 0.5960 | val Pearson 0.8122
2026-10-07 18:06:49 | INFO |   ridge_wavlm_large fold  5 | train RMSE 0.4918 | val RMSE 0.5791 | val Pearson 0.8261
2026-10-07 18:06:49 | INFO |   ridge_wavlm_large fold  6 | train RMSE 0.4889 | val RMSE 0.5889 | val Pearson 0.8120
2026-10-07 18:06:49 | INFO |   ridge_wavlm_large fold  7 | train RMSE 0.4949 | val RMSE 0.5874 | val Pearson 0.8306
2026-10-07 18:06:49 | INFO |   ridge_wavlm_large fold  8 | train RMSE 0.4948 | val RMSE 0.5510 | val Pearson 0.8440
2026-10-07 18:06:49 | INFO |   ridge_wavlm_large fold  9 | train RMSE 0.4941 | val RMSE 0.5742 | val Pearson 0.8263
2026-10-07 18:06:50 | INFO |   ridge_wavlm_large fold 10 | train RMSE 0.4953 | val RMSE 0.5714 | val Pearson 0.8418
2026-10-07 18:06:50 | INFO |   ridge_wavlm_large fold 11 | train RMSE 0.5001 | val RMSE 0.5290 | val Pearson 0.8500
2026-10-07 18:06:50 | INFO |   ridge_wavlm_large fold 12 | train RMSE 0.4982 | val RMSE 0.5895 | val Pearson 0.8267
2026-10-07 18:06:50 | INFO |   ridge_wavlm_large fold 13 | train RMSE 0.4911 | val RMSE 0.5587 | val Pearson 0.8470
2026-10-07 18:06:50 | INFO |   ridge_wavlm_large fold 14 | train RMSE 0.4916 | val RMSE 0.5750 | val Pearson 0.8343
2026-10-07 18:06:50 | INFO |   ridge_wavlm_large fold 15 | train RMSE 0.4897 | val RMSE 0.6231 | val Pearson 0.7902
2026-10-07 18:06:51 | INFO | ridge_wavlm_large | full-fit train RMSE 0.4900 | OOF RMSE 0.5739 | OOF Pearson 0.8295
2026-10-07 18:06:51 | INFO | deberta (precomputed) | train RMSE 0.1418 | OOF RMSE 0.5699 | OOF Pearson 0.8288
2026-10-07 18:06:51 | INFO | blend weights: {'ridge': 0.0, 'svr': 0.0, 'lgbm': 0.215, 'ridge_wavlm': 0.075, 'ridge_wavlm_large': 0.242, 'deberta': 0.468} | calibration: y = 1.112 * p + -0.426
2026-10-07 18:06:51 | INFO | blend before calibration | OOF RMSE 0.5125 | OOF Pearson 0.8667
2026-10-07 18:06:51 | INFO | blend | train RMSE 0.2293 | OOF RMSE 0.5084 | OOF Pearson 0.8672
2026-10-07 18:06:51 | INFO | blend | test-weighted OOF RMSE 0.4879
2026-10-07 18:06:51 | INFO | wrote /mnt/d/SHL assignment - Harsh Tripathi/submission.csv (216, 2)
