2026-10-07 09:22:17 | INFO | log file: /mnt/d/SHL assignment - Harsh Tripathi/logs/train_20261007_092217.log
2026-10-07 09:22:17 | INFO | folds=5 repeats=3
2026-10-07 09:22:17 | INFO | train rows after dropping noise clips: 732, test rows: 216
2026-10-07 09:22:18 | INFO | model ridge | features ['handcrafted', 'grammar', 'embedding'] | X shape (732, 794)
2026-10-07 09:22:18 | INFO |   ridge fold  1 | train RMSE 0.4876 | val RMSE 0.6426 | val Pearson 0.7737
2026-10-07 09:22:18 | INFO |   ridge fold  2 | train RMSE 0.4724 | val RMSE 0.7222 | val Pearson 0.7078
2026-10-07 09:22:18 | INFO |   ridge fold  3 | train RMSE 0.4644 | val RMSE 0.7579 | val Pearson 0.6754
2026-10-07 09:22:19 | INFO |   ridge fold  4 | train RMSE 0.4780 | val RMSE 0.6790 | val Pearson 0.7477
2026-10-07 09:22:19 | INFO |   ridge fold  5 | train RMSE 0.4866 | val RMSE 0.6597 | val Pearson 0.7571
2026-10-07 09:22:19 | INFO |   ridge fold  6 | train RMSE 0.4909 | val RMSE 0.6499 | val Pearson 0.7646
2026-10-07 09:22:19 | INFO |   ridge fold  7 | train RMSE 0.4633 | val RMSE 0.7574 | val Pearson 0.6734
2026-10-07 09:22:20 | INFO |   ridge fold  8 | train RMSE 0.4821 | val RMSE 0.6813 | val Pearson 0.7403
2026-10-07 09:22:20 | INFO |   ridge fold  9 | train RMSE 0.4649 | val RMSE 0.7332 | val Pearson 0.6996
2026-10-07 09:22:20 | INFO |   ridge fold 10 | train RMSE 0.4811 | val RMSE 0.6882 | val Pearson 0.7364
2026-10-07 09:22:20 | INFO |   ridge fold 11 | train RMSE 0.4699 | val RMSE 0.7079 | val Pearson 0.7242
2026-10-07 09:22:20 | INFO |   ridge fold 12 | train RMSE 0.4914 | val RMSE 0.6579 | val Pearson 0.7677
2026-10-07 09:22:21 | INFO |   ridge fold 13 | train RMSE 0.4810 | val RMSE 0.6625 | val Pearson 0.7582
2026-10-07 09:22:21 | INFO |   ridge fold 14 | train RMSE 0.4672 | val RMSE 0.7646 | val Pearson 0.6686
2026-10-07 09:22:21 | INFO |   ridge fold 15 | train RMSE 0.4691 | val RMSE 0.7499 | val Pearson 0.6755
2026-10-07 09:22:21 | INFO | ridge | full-fit train RMSE 0.4904 | OOF RMSE 0.6928 | OOF Pearson 0.7306
2026-10-07 09:22:22 | INFO | model svr | features ['handcrafted', 'grammar', 'embedding'] | X shape (732, 794)
2026-10-07 09:22:22 | INFO |   svr fold  1 | train RMSE 0.2130 | val RMSE 0.6487 | val Pearson 0.7676
2026-10-07 09:22:22 | INFO |   svr fold  2 | train RMSE 0.1977 | val RMSE 0.7480 | val Pearson 0.6829
2026-10-07 09:22:22 | INFO |   svr fold  3 | train RMSE 0.2087 | val RMSE 0.7751 | val Pearson 0.6533
2026-10-07 09:22:23 | INFO |   svr fold  4 | train RMSE 0.2040 | val RMSE 0.7143 | val Pearson 0.7203
2026-10-07 09:22:23 | INFO |   svr fold  5 | train RMSE 0.2108 | val RMSE 0.6642 | val Pearson 0.7619
2026-10-07 09:22:23 | INFO |   svr fold  6 | train RMSE 0.2082 | val RMSE 0.6812 | val Pearson 0.7388
2026-10-07 09:22:23 | INFO |   svr fold  7 | train RMSE 0.2038 | val RMSE 0.7395 | val Pearson 0.7005
2026-10-07 09:22:23 | INFO |   svr fold  8 | train RMSE 0.2115 | val RMSE 0.6507 | val Pearson 0.7767
2026-10-07 09:22:24 | INFO |   svr fold  9 | train RMSE 0.2024 | val RMSE 0.7320 | val Pearson 0.6926
2026-10-07 09:22:24 | INFO |   svr fold 10 | train RMSE 0.2049 | val RMSE 0.7163 | val Pearson 0.7143
2026-10-07 09:22:24 | INFO |   svr fold 11 | train RMSE 0.2030 | val RMSE 0.6746 | val Pearson 0.7454
2026-10-07 09:22:24 | INFO |   svr fold 12 | train RMSE 0.2098 | val RMSE 0.7020 | val Pearson 0.7356
2026-10-07 09:22:25 | INFO |   svr fold 13 | train RMSE 0.2049 | val RMSE 0.6881 | val Pearson 0.7386
2026-10-07 09:22:25 | INFO |   svr fold 14 | train RMSE 0.2047 | val RMSE 0.7526 | val Pearson 0.6900
2026-10-07 09:22:25 | INFO |   svr fold 15 | train RMSE 0.2115 | val RMSE 0.7143 | val Pearson 0.7091
2026-10-07 09:22:25 | INFO | svr | full-fit train RMSE 0.2114 | OOF RMSE 0.7016 | OOF Pearson 0.7259
2026-10-07 09:22:26 | INFO | model lgbm | features ['handcrafted', 'grammar', 'audio', 'embedding_pca', 'wavlm_pca', 'wavlm_large_pca'] | X shape (732, 101)
2026-10-07 09:22:26 | INFO |   lgbm fold  1 | train RMSE 0.2054 | val RMSE 0.4677 | val Pearson 0.8888
2026-10-07 09:22:26 | INFO |   lgbm fold  2 | train RMSE 0.1927 | val RMSE 0.6180 | val Pearson 0.7965
2026-10-07 09:22:27 | INFO |   lgbm fold  3 | train RMSE 0.1998 | val RMSE 0.5681 | val Pearson 0.8318
2026-10-07 09:22:28 | INFO |   lgbm fold  4 | train RMSE 0.2023 | val RMSE 0.5543 | val Pearson 0.8393
2026-10-07 09:22:28 | INFO |   lgbm fold  5 | train RMSE 0.1973 | val RMSE 0.5714 | val Pearson 0.8258
2026-10-07 09:22:29 | INFO |   lgbm fold  6 | train RMSE 0.2048 | val RMSE 0.5191 | val Pearson 0.8577
2026-10-07 09:22:29 | INFO |   lgbm fold  7 | train RMSE 0.1980 | val RMSE 0.5951 | val Pearson 0.8138
2026-10-07 09:22:30 | INFO |   lgbm fold  8 | train RMSE 0.1977 | val RMSE 0.5246 | val Pearson 0.8556
2026-10-07 09:22:30 | INFO |   lgbm fold  9 | train RMSE 0.1967 | val RMSE 0.5841 | val Pearson 0.8184
2026-10-07 09:22:31 | INFO |   lgbm fold 10 | train RMSE 0.1972 | val RMSE 0.5445 | val Pearson 0.8494
2026-10-07 09:22:32 | INFO |   lgbm fold 11 | train RMSE 0.1950 | val RMSE 0.5491 | val Pearson 0.8419
2026-10-07 09:22:32 | INFO |   lgbm fold 12 | train RMSE 0.2017 | val RMSE 0.5445 | val Pearson 0.8458
2026-10-07 09:22:32 | INFO |   lgbm fold 13 | train RMSE 0.2024 | val RMSE 0.5428 | val Pearson 0.8455
2026-10-07 09:22:33 | INFO |   lgbm fold 14 | train RMSE 0.1977 | val RMSE 0.5722 | val Pearson 0.8348
2026-10-07 09:22:33 | INFO |   lgbm fold 15 | train RMSE 0.1963 | val RMSE 0.5982 | val Pearson 0.8074
2026-10-07 09:22:34 | INFO | lgbm | full-fit train RMSE 0.2319 | OOF RMSE 0.5508 | OOF Pearson 0.8403
2026-10-07 09:22:34 | INFO | model ridge_wavlm | features ['wavlm'] | X shape (732, 1536)
2026-10-07 09:22:34 | INFO |   ridge_wavlm fold  1 | train RMSE 0.4368 | val RMSE 0.5077 | val Pearson 0.8667
2026-10-07 09:22:34 | INFO |   ridge_wavlm fold  2 | train RMSE 0.4129 | val RMSE 0.6166 | val Pearson 0.8006
2026-10-07 09:22:35 | INFO |   ridge_wavlm fold  3 | train RMSE 0.4200 | val RMSE 0.5761 | val Pearson 0.8235
2026-10-07 09:22:35 | INFO |   ridge_wavlm fold  4 | train RMSE 0.4225 | val RMSE 0.5830 | val Pearson 0.8198
2026-10-07 09:22:35 | INFO |   ridge_wavlm fold  5 | train RMSE 0.4218 | val RMSE 0.5576 | val Pearson 0.8370
2026-10-07 09:22:35 | INFO |   ridge_wavlm fold  6 | train RMSE 0.4219 | val RMSE 0.5847 | val Pearson 0.8162
2026-10-07 09:22:35 | INFO |   ridge_wavlm fold  7 | train RMSE 0.4127 | val RMSE 0.6047 | val Pearson 0.8085
2026-10-07 09:22:36 | INFO |   ridge_wavlm fold  8 | train RMSE 0.4228 | val RMSE 0.5502 | val Pearson 0.8388
2026-10-07 09:22:36 | INFO |   ridge_wavlm fold  9 | train RMSE 0.4265 | val RMSE 0.5584 | val Pearson 0.8373
2026-10-07 09:22:36 | INFO |   ridge_wavlm fold 10 | train RMSE 0.4272 | val RMSE 0.5646 | val Pearson 0.8349
2026-10-07 09:22:36 | INFO |   ridge_wavlm fold 11 | train RMSE 0.4227 | val RMSE 0.5354 | val Pearson 0.8476
2026-10-07 09:22:36 | INFO |   ridge_wavlm fold 12 | train RMSE 0.4164 | val RMSE 0.5825 | val Pearson 0.8192
2026-10-07 09:22:36 | INFO |   ridge_wavlm fold 13 | train RMSE 0.4292 | val RMSE 0.5472 | val Pearson 0.8430
2026-10-07 09:22:36 | INFO |   ridge_wavlm fold 14 | train RMSE 0.4302 | val RMSE 0.5603 | val Pearson 0.8441
2026-10-07 09:22:37 | INFO |   ridge_wavlm fold 15 | train RMSE 0.4158 | val RMSE 0.6166 | val Pearson 0.7925
2026-10-07 09:22:37 | INFO | ridge_wavlm | full-fit train RMSE 0.4256 | OOF RMSE 0.5667 | OOF Pearson 0.8300
2026-10-07 09:22:37 | INFO | model svr_wavlm | features ['wavlm'] | X shape (732, 1536)
2026-10-07 09:22:38 | INFO |   svr_wavlm fold  1 | train RMSE 0.0946 | val RMSE 0.5236 | val Pearson 0.8590
2026-10-07 09:22:39 | INFO |   svr_wavlm fold  2 | train RMSE 0.0933 | val RMSE 0.6249 | val Pearson 0.7945
2026-10-07 09:22:39 | INFO |   svr_wavlm fold  3 | train RMSE 0.0935 | val RMSE 0.5756 | val Pearson 0.8260
2026-10-07 09:22:40 | INFO |   svr_wavlm fold  4 | train RMSE 0.0950 | val RMSE 0.5441 | val Pearson 0.8468
2026-10-07 09:22:41 | INFO |   svr_wavlm fold  5 | train RMSE 0.0944 | val RMSE 0.5615 | val Pearson 0.8360
2026-10-07 09:22:42 | INFO |   svr_wavlm fold  6 | train RMSE 0.0941 | val RMSE 0.5405 | val Pearson 0.8496
2026-10-07 09:22:43 | INFO |   svr_wavlm fold  7 | train RMSE 0.0948 | val RMSE 0.5854 | val Pearson 0.8203
2026-10-07 09:22:44 | INFO |   svr_wavlm fold  8 | train RMSE 0.0945 | val RMSE 0.5617 | val Pearson 0.8317
2026-10-07 09:22:44 | INFO |   svr_wavlm fold  9 | train RMSE 0.0939 | val RMSE 0.5446 | val Pearson 0.8467
2026-10-07 09:22:45 | INFO |   svr_wavlm fold 10 | train RMSE 0.0946 | val RMSE 0.6038 | val Pearson 0.8041
2026-10-07 09:22:46 | INFO |   svr_wavlm fold 11 | train RMSE 0.0946 | val RMSE 0.5617 | val Pearson 0.8376
2026-10-07 09:22:47 | INFO |   svr_wavlm fold 12 | train RMSE 0.0944 | val RMSE 0.5980 | val Pearson 0.8100
2026-10-07 09:22:48 | INFO |   svr_wavlm fold 13 | train RMSE 0.0944 | val RMSE 0.5616 | val Pearson 0.8346
2026-10-07 09:22:49 | INFO |   svr_wavlm fold 14 | train RMSE 0.0943 | val RMSE 0.5595 | val Pearson 0.8398
2026-10-07 09:22:50 | INFO |   svr_wavlm fold 15 | train RMSE 0.0949 | val RMSE 0.5761 | val Pearson 0.8223
2026-10-07 09:22:51 | INFO | svr_wavlm | full-fit train RMSE 0.0935 | OOF RMSE 0.5587 | OOF Pearson 0.8356
2026-10-07 09:22:51 | INFO | model ridge_wavlm_large | features ['wavlm_large'] | X shape (732, 2048)
2026-10-07 09:22:51 | INFO |   ridge_wavlm_large fold  1 | train RMSE 0.3771 | val RMSE 0.4893 | val Pearson 0.8746
2026-10-07 09:22:51 | INFO |   ridge_wavlm_large fold  2 | train RMSE 0.3559 | val RMSE 0.5907 | val Pearson 0.8169
2026-10-07 09:22:52 | INFO |   ridge_wavlm_large fold  3 | train RMSE 0.3620 | val RMSE 0.5627 | val Pearson 0.8324
2026-10-07 09:22:52 | INFO |   ridge_wavlm_large fold  4 | train RMSE 0.3655 | val RMSE 0.5541 | val Pearson 0.8378
2026-10-07 09:22:52 | INFO |   ridge_wavlm_large fold  5 | train RMSE 0.3658 | val RMSE 0.5404 | val Pearson 0.8459
2026-10-07 09:22:52 | INFO |   ridge_wavlm_large fold  6 | train RMSE 0.3656 | val RMSE 0.5593 | val Pearson 0.8337
2026-10-07 09:22:52 | INFO |   ridge_wavlm_large fold  7 | train RMSE 0.3674 | val RMSE 0.5422 | val Pearson 0.8525
2026-10-07 09:22:52 | INFO |   ridge_wavlm_large fold  8 | train RMSE 0.3638 | val RMSE 0.5511 | val Pearson 0.8385
2026-10-07 09:22:53 | INFO |   ridge_wavlm_large fold  9 | train RMSE 0.3635 | val RMSE 0.5475 | val Pearson 0.8426
2026-10-07 09:22:53 | INFO |   ridge_wavlm_large fold 10 | train RMSE 0.3688 | val RMSE 0.5315 | val Pearson 0.8540
2026-10-07 09:22:53 | INFO |   ridge_wavlm_large fold 11 | train RMSE 0.3685 | val RMSE 0.5219 | val Pearson 0.8570
2026-10-07 09:22:53 | INFO |   ridge_wavlm_large fold 12 | train RMSE 0.3653 | val RMSE 0.5503 | val Pearson 0.8426
2026-10-07 09:22:53 | INFO |   ridge_wavlm_large fold 13 | train RMSE 0.3708 | val RMSE 0.5256 | val Pearson 0.8584
2026-10-07 09:22:53 | INFO |   ridge_wavlm_large fold 14 | train RMSE 0.3650 | val RMSE 0.5514 | val Pearson 0.8459
2026-10-07 09:22:53 | INFO |   ridge_wavlm_large fold 15 | train RMSE 0.3581 | val RMSE 0.5884 | val Pearson 0.8125
2026-10-07 09:22:54 | INFO | ridge_wavlm_large | full-fit train RMSE 0.3701 | OOF RMSE 0.5431 | OOF Pearson 0.8447
2026-10-07 09:22:54 | INFO | model svr_wavlm_large | features ['wavlm_large'] | X shape (732, 2048)
2026-10-07 09:22:55 | INFO |   svr_wavlm_large fold  1 | train RMSE 0.0954 | val RMSE 0.4999 | val Pearson 0.8697
2026-10-07 09:22:56 | INFO |   svr_wavlm_large fold  2 | train RMSE 0.0933 | val RMSE 0.5852 | val Pearson 0.8204
2026-10-07 09:22:57 | INFO |   svr_wavlm_large fold  3 | train RMSE 0.0940 | val RMSE 0.5404 | val Pearson 0.8470
2026-10-07 09:22:58 | INFO |   svr_wavlm_large fold  4 | train RMSE 0.0940 | val RMSE 0.5292 | val Pearson 0.8573
2026-10-07 09:22:59 | INFO |   svr_wavlm_large fold  5 | train RMSE 0.0945 | val RMSE 0.5251 | val Pearson 0.8571
2026-10-07 09:23:00 | INFO |   svr_wavlm_large fold  6 | train RMSE 0.0947 | val RMSE 0.5293 | val Pearson 0.8580
2026-10-07 09:23:01 | INFO |   svr_wavlm_large fold  7 | train RMSE 0.0933 | val RMSE 0.5405 | val Pearson 0.8502
2026-10-07 09:23:02 | INFO |   svr_wavlm_large fold  8 | train RMSE 0.0944 | val RMSE 0.5417 | val Pearson 0.8442
2026-10-07 09:23:03 | INFO |   svr_wavlm_large fold  9 | train RMSE 0.0944 | val RMSE 0.5323 | val Pearson 0.8552
2026-10-07 09:23:04 | INFO |   svr_wavlm_large fold 10 | train RMSE 0.0948 | val RMSE 0.5664 | val Pearson 0.8311
2026-10-07 09:23:05 | INFO |   svr_wavlm_large fold 11 | train RMSE 0.0950 | val RMSE 0.5434 | val Pearson 0.8460
2026-10-07 09:23:06 | INFO |   svr_wavlm_large fold 12 | train RMSE 0.0945 | val RMSE 0.5714 | val Pearson 0.8286
2026-10-07 09:23:07 | INFO |   svr_wavlm_large fold 13 | train RMSE 0.0943 | val RMSE 0.5199 | val Pearson 0.8594
2026-10-07 09:23:08 | INFO |   svr_wavlm_large fold 14 | train RMSE 0.0939 | val RMSE 0.5351 | val Pearson 0.8557
2026-10-07 09:23:09 | INFO |   svr_wavlm_large fold 15 | train RMSE 0.0947 | val RMSE 0.5252 | val Pearson 0.8549
2026-10-07 09:23:11 | INFO | svr_wavlm_large | full-fit train RMSE 0.0946 | OOF RMSE 0.5305 | OOF Pearson 0.8530
2026-10-07 09:23:11 | INFO | deberta (precomputed) | train RMSE 0.1418 | OOF RMSE 0.5699 | OOF Pearson 0.8288
2026-10-07 09:23:11 | INFO | blend weights: {'ridge': 0.0, 'svr': 0.0, 'lgbm': 0.091, 'ridge_wavlm': 0.032, 'svr_wavlm': 0.026, 'ridge_wavlm_large': 0.006, 'svr_wavlm_large': 0.47, 'deberta': 0.376} | calibration: y = 1.065 * p + -0.248
2026-10-07 09:23:11 | INFO | blend before calibration | OOF RMSE 0.4813 | OOF Pearson 0.8815
2026-10-07 09:23:11 | INFO | blend | train RMSE 0.1035 | OOF RMSE 0.4771 | OOF Pearson 0.8825
2026-10-07 09:23:11 | INFO | wrote /mnt/d/SHL assignment - Harsh Tripathi/submission.csv (216, 2)
