2026-10-07 08:34:50 | INFO | log file: /mnt/d/SHL assignment - Harsh Tripathi/logs/train_20261007_083450.log
2026-10-07 08:34:50 | INFO | folds=5 repeats=3
2026-10-07 08:34:50 | INFO | train rows after dropping noise clips: 732, test rows: 216
2026-10-07 08:34:51 | INFO | model ridge | features ['handcrafted', 'grammar', 'embedding'] | X shape (732, 794)
2026-10-07 08:34:51 | INFO |   ridge fold  1 | train RMSE 0.4876 | val RMSE 0.6426 | val Pearson 0.7737
2026-10-07 08:34:51 | INFO |   ridge fold  2 | train RMSE 0.4724 | val RMSE 0.7222 | val Pearson 0.7078
2026-10-07 08:34:51 | INFO |   ridge fold  3 | train RMSE 0.4644 | val RMSE 0.7579 | val Pearson 0.6754
2026-10-07 08:34:52 | INFO |   ridge fold  4 | train RMSE 0.4780 | val RMSE 0.6790 | val Pearson 0.7477
2026-10-07 08:34:52 | INFO |   ridge fold  5 | train RMSE 0.4866 | val RMSE 0.6597 | val Pearson 0.7571
2026-10-07 08:34:52 | INFO |   ridge fold  6 | train RMSE 0.4909 | val RMSE 0.6499 | val Pearson 0.7646
2026-10-07 08:34:52 | INFO |   ridge fold  7 | train RMSE 0.4633 | val RMSE 0.7574 | val Pearson 0.6734
2026-10-07 08:34:52 | INFO |   ridge fold  8 | train RMSE 0.4821 | val RMSE 0.6813 | val Pearson 0.7403
2026-10-07 08:34:53 | INFO |   ridge fold  9 | train RMSE 0.4649 | val RMSE 0.7332 | val Pearson 0.6996
2026-10-07 08:34:53 | INFO |   ridge fold 10 | train RMSE 0.4811 | val RMSE 0.6882 | val Pearson 0.7364
2026-10-07 08:34:53 | INFO |   ridge fold 11 | train RMSE 0.4699 | val RMSE 0.7079 | val Pearson 0.7242
2026-10-07 08:34:53 | INFO |   ridge fold 12 | train RMSE 0.4914 | val RMSE 0.6579 | val Pearson 0.7677
2026-10-07 08:34:54 | INFO |   ridge fold 13 | train RMSE 0.4810 | val RMSE 0.6625 | val Pearson 0.7582
2026-10-07 08:34:54 | INFO |   ridge fold 14 | train RMSE 0.4672 | val RMSE 0.7646 | val Pearson 0.6686
2026-10-07 08:34:54 | INFO |   ridge fold 15 | train RMSE 0.4691 | val RMSE 0.7499 | val Pearson 0.6755
2026-10-07 08:34:55 | INFO | ridge | full-fit train RMSE 0.4904 | OOF RMSE 0.6928 | OOF Pearson 0.7306
2026-10-07 08:34:55 | INFO | model svr | features ['handcrafted', 'grammar', 'embedding'] | X shape (732, 794)
2026-10-07 08:34:55 | INFO |   svr fold  1 | train RMSE 0.2130 | val RMSE 0.6487 | val Pearson 0.7676
2026-10-07 08:34:55 | INFO |   svr fold  2 | train RMSE 0.1977 | val RMSE 0.7480 | val Pearson 0.6829
2026-10-07 08:34:56 | INFO |   svr fold  3 | train RMSE 0.2087 | val RMSE 0.7751 | val Pearson 0.6533
2026-10-07 08:34:56 | INFO |   svr fold  4 | train RMSE 0.2040 | val RMSE 0.7143 | val Pearson 0.7203
2026-10-07 08:34:56 | INFO |   svr fold  5 | train RMSE 0.2108 | val RMSE 0.6642 | val Pearson 0.7619
2026-10-07 08:34:56 | INFO |   svr fold  6 | train RMSE 0.2082 | val RMSE 0.6812 | val Pearson 0.7388
2026-10-07 08:34:56 | INFO |   svr fold  7 | train RMSE 0.2038 | val RMSE 0.7395 | val Pearson 0.7005
2026-10-07 08:34:57 | INFO |   svr fold  8 | train RMSE 0.2115 | val RMSE 0.6507 | val Pearson 0.7767
2026-10-07 08:34:57 | INFO |   svr fold  9 | train RMSE 0.2024 | val RMSE 0.7320 | val Pearson 0.6926
2026-10-07 08:34:57 | INFO |   svr fold 10 | train RMSE 0.2049 | val RMSE 0.7163 | val Pearson 0.7143
2026-10-07 08:34:57 | INFO |   svr fold 11 | train RMSE 0.2030 | val RMSE 0.6746 | val Pearson 0.7454
2026-10-07 08:34:57 | INFO |   svr fold 12 | train RMSE 0.2098 | val RMSE 0.7020 | val Pearson 0.7356
2026-10-07 08:34:58 | INFO |   svr fold 13 | train RMSE 0.2049 | val RMSE 0.6881 | val Pearson 0.7386
2026-10-07 08:34:58 | INFO |   svr fold 14 | train RMSE 0.2047 | val RMSE 0.7526 | val Pearson 0.6900
2026-10-07 08:34:58 | INFO |   svr fold 15 | train RMSE 0.2115 | val RMSE 0.7143 | val Pearson 0.7091
2026-10-07 08:34:58 | INFO | svr | full-fit train RMSE 0.2114 | OOF RMSE 0.7016 | OOF Pearson 0.7259
2026-10-07 08:35:00 | INFO | model lgbm | features ['handcrafted', 'grammar', 'audio', 'embedding_pca', 'wavlm_pca'] | X shape (732, 81)
2026-10-07 08:35:00 | INFO |   lgbm fold  1 | train RMSE 0.2228 | val RMSE 0.5139 | val Pearson 0.8609
2026-10-07 08:35:01 | INFO |   lgbm fold  2 | train RMSE 0.2119 | val RMSE 0.6290 | val Pearson 0.7887
2026-10-07 08:35:01 | INFO |   lgbm fold  3 | train RMSE 0.2165 | val RMSE 0.5913 | val Pearson 0.8172
2026-10-07 08:35:01 | INFO |   lgbm fold  4 | train RMSE 0.2198 | val RMSE 0.5646 | val Pearson 0.8322
2026-10-07 08:35:01 | INFO |   lgbm fold  5 | train RMSE 0.2188 | val RMSE 0.5831 | val Pearson 0.8168
2026-10-07 08:35:02 | INFO |   lgbm fold  6 | train RMSE 0.2262 | val RMSE 0.5275 | val Pearson 0.8525
2026-10-07 08:35:02 | INFO |   lgbm fold  7 | train RMSE 0.2143 | val RMSE 0.6190 | val Pearson 0.7967
2026-10-07 08:35:02 | INFO |   lgbm fold  8 | train RMSE 0.2171 | val RMSE 0.5437 | val Pearson 0.8430
2026-10-07 08:35:02 | INFO |   lgbm fold  9 | train RMSE 0.2171 | val RMSE 0.5901 | val Pearson 0.8134
2026-10-07 08:35:03 | INFO |   lgbm fold 10 | train RMSE 0.2129 | val RMSE 0.5819 | val Pearson 0.8248
2026-10-07 08:35:03 | INFO |   lgbm fold 11 | train RMSE 0.2165 | val RMSE 0.5662 | val Pearson 0.8313
2026-10-07 08:35:03 | INFO |   lgbm fold 12 | train RMSE 0.2201 | val RMSE 0.5591 | val Pearson 0.8379
2026-10-07 08:35:04 | INFO |   lgbm fold 13 | train RMSE 0.2203 | val RMSE 0.5644 | val Pearson 0.8314
2026-10-07 08:35:04 | INFO |   lgbm fold 14 | train RMSE 0.2161 | val RMSE 0.6058 | val Pearson 0.8101
2026-10-07 08:35:04 | INFO |   lgbm fold 15 | train RMSE 0.2171 | val RMSE 0.6138 | val Pearson 0.7950
2026-10-07 08:35:04 | INFO | lgbm | full-fit train RMSE 0.2523 | OOF RMSE 0.5704 | OOF Pearson 0.8273
2026-10-07 08:35:05 | INFO | model ridge_wavlm | features ['wavlm'] | X shape (732, 1536)
2026-10-07 08:35:05 | INFO |   ridge_wavlm fold  1 | train RMSE 0.5401 | val RMSE 0.5531 | val Pearson 0.8456
2026-10-07 08:35:05 | INFO |   ridge_wavlm fold  2 | train RMSE 0.5154 | val RMSE 0.6453 | val Pearson 0.7801
2026-10-07 08:35:05 | INFO |   ridge_wavlm fold  3 | train RMSE 0.5289 | val RMSE 0.5792 | val Pearson 0.8257
2026-10-07 08:35:05 | INFO |   ridge_wavlm fold  4 | train RMSE 0.5194 | val RMSE 0.6498 | val Pearson 0.7712
2026-10-07 08:35:06 | INFO |   ridge_wavlm fold  5 | train RMSE 0.5305 | val RMSE 0.5914 | val Pearson 0.8225
2026-10-07 08:35:06 | INFO |   ridge_wavlm fold  6 | train RMSE 0.5284 | val RMSE 0.5964 | val Pearson 0.8068
2026-10-07 08:35:06 | INFO |   ridge_wavlm fold  7 | train RMSE 0.5189 | val RMSE 0.6192 | val Pearson 0.8086
2026-10-07 08:35:06 | INFO |   ridge_wavlm fold  8 | train RMSE 0.5330 | val RMSE 0.5646 | val Pearson 0.8359
2026-10-07 08:35:06 | INFO |   ridge_wavlm fold  9 | train RMSE 0.5290 | val RMSE 0.6007 | val Pearson 0.8116
2026-10-07 08:35:06 | INFO |   ridge_wavlm fold 10 | train RMSE 0.5291 | val RMSE 0.6176 | val Pearson 0.8067
2026-10-07 08:35:06 | INFO |   ridge_wavlm fold 11 | train RMSE 0.5280 | val RMSE 0.5695 | val Pearson 0.8246
2026-10-07 08:35:07 | INFO |   ridge_wavlm fold 12 | train RMSE 0.5235 | val RMSE 0.6131 | val Pearson 0.8015
2026-10-07 08:35:07 | INFO |   ridge_wavlm fold 13 | train RMSE 0.5378 | val RMSE 0.5653 | val Pearson 0.8411
2026-10-07 08:35:07 | INFO |   ridge_wavlm fold 14 | train RMSE 0.5305 | val RMSE 0.6187 | val Pearson 0.8138
2026-10-07 08:35:07 | INFO |   ridge_wavlm fold 15 | train RMSE 0.5172 | val RMSE 0.6495 | val Pearson 0.7706
2026-10-07 08:35:07 | INFO | ridge_wavlm | full-fit train RMSE 0.5221 | OOF RMSE 0.6014 | OOF Pearson 0.8111
2026-10-07 08:35:07 | INFO | deberta (precomputed) | train RMSE 0.1418 | OOF RMSE 0.5699 | OOF Pearson 0.8288
2026-10-07 08:35:07 | INFO | blend weights: {'ridge': 0.0, 'svr': 0.0, 'lgbm': 0.254, 'ridge_wavlm': 0.282, 'deberta': 0.464} | calibration: y = 1.120 * p + -0.425
2026-10-07 08:35:07 | INFO | blend before calibration | OOF RMSE 0.5160 | OOF Pearson 0.8658
2026-10-07 08:35:07 | INFO | blend | train RMSE 0.1985 | OOF RMSE 0.5068 | OOF Pearson 0.8662
2026-10-07 08:35:07 | INFO | wrote /mnt/d/SHL assignment - Harsh Tripathi/submission.csv (216, 2)
