2026-10-07 12:17:55 | INFO | log file: /mnt/d/SHL assignment - Harsh Tripathi/logs/train_20261007_121755.log
2026-10-07 12:17:55 | INFO | folds=5 repeats=3
2026-10-07 12:17:55 | INFO | train rows after dropping noise clips: 732, test rows: 216
2026-10-07 12:17:55 | INFO | fitting with importance weights (covariate-shift correction)
2026-10-07 12:17:56 | INFO | model ridge | features ['handcrafted', 'grammar', 'embedding'] | X shape (732, 794)
2026-10-07 12:17:56 | INFO |   ridge fold  1 | train RMSE 0.5590 | val RMSE 0.6608 | val Pearson 0.7578
2026-10-07 12:17:56 | INFO |   ridge fold  2 | train RMSE 0.5452 | val RMSE 0.7504 | val Pearson 0.6801
2026-10-07 12:17:56 | INFO |   ridge fold  3 | train RMSE 0.5281 | val RMSE 0.7680 | val Pearson 0.6652
2026-10-07 12:17:56 | INFO |   ridge fold  4 | train RMSE 0.5529 | val RMSE 0.6855 | val Pearson 0.7413
2026-10-07 12:17:56 | INFO |   ridge fold  5 | train RMSE 0.5514 | val RMSE 0.6871 | val Pearson 0.7326
2026-10-07 12:17:57 | INFO |   ridge fold  6 | train RMSE 0.5622 | val RMSE 0.7270 | val Pearson 0.6989
2026-10-07 12:17:57 | INFO |   ridge fold  7 | train RMSE 0.5324 | val RMSE 0.7437 | val Pearson 0.6858
2026-10-07 12:17:58 | INFO |   ridge fold  8 | train RMSE 0.5533 | val RMSE 0.6681 | val Pearson 0.7519
2026-10-07 12:17:58 | INFO |   ridge fold  9 | train RMSE 0.5362 | val RMSE 0.7339 | val Pearson 0.6929
2026-10-07 12:17:58 | INFO |   ridge fold 10 | train RMSE 0.5513 | val RMSE 0.6798 | val Pearson 0.7444
2026-10-07 12:17:58 | INFO |   ridge fold 11 | train RMSE 0.5407 | val RMSE 0.7254 | val Pearson 0.7069
2026-10-07 12:17:59 | INFO |   ridge fold 12 | train RMSE 0.5631 | val RMSE 0.6824 | val Pearson 0.7442
2026-10-07 12:17:59 | INFO |   ridge fold 13 | train RMSE 0.5529 | val RMSE 0.6803 | val Pearson 0.7436
2026-10-07 12:17:59 | INFO |   ridge fold 14 | train RMSE 0.5284 | val RMSE 0.7959 | val Pearson 0.6381
2026-10-07 12:17:59 | INFO |   ridge fold 15 | train RMSE 0.5373 | val RMSE 0.7450 | val Pearson 0.6812
2026-10-07 12:18:00 | INFO | ridge | full-fit train RMSE 0.5529 | OOF RMSE 0.7060 | OOF Pearson 0.7184
2026-10-07 12:18:00 | INFO | model svr | features ['handcrafted', 'grammar', 'embedding'] | X shape (732, 794)
2026-10-07 12:18:00 | INFO |   svr fold  1 | train RMSE 0.3881 | val RMSE 0.6537 | val Pearson 0.7666
2026-10-07 12:18:01 | INFO |   svr fold  2 | train RMSE 0.3755 | val RMSE 0.7517 | val Pearson 0.6835
2026-10-07 12:18:01 | INFO |   svr fold  3 | train RMSE 0.3673 | val RMSE 0.7892 | val Pearson 0.6404
2026-10-07 12:18:01 | INFO |   svr fold  4 | train RMSE 0.3820 | val RMSE 0.7172 | val Pearson 0.7225
2026-10-07 12:18:01 | INFO |   svr fold  5 | train RMSE 0.3882 | val RMSE 0.6907 | val Pearson 0.7423
2026-10-07 12:18:02 | INFO |   svr fold  6 | train RMSE 0.3980 | val RMSE 0.7156 | val Pearson 0.7111
2026-10-07 12:18:02 | INFO |   svr fold  7 | train RMSE 0.3671 | val RMSE 0.7442 | val Pearson 0.7052
2026-10-07 12:18:02 | INFO |   svr fold  8 | train RMSE 0.3865 | val RMSE 0.6413 | val Pearson 0.7876
2026-10-07 12:18:02 | INFO |   svr fold  9 | train RMSE 0.3633 | val RMSE 0.7435 | val Pearson 0.6827
2026-10-07 12:18:02 | INFO |   svr fold 10 | train RMSE 0.3826 | val RMSE 0.7113 | val Pearson 0.7237
2026-10-07 12:18:03 | INFO |   svr fold 11 | train RMSE 0.3689 | val RMSE 0.7005 | val Pearson 0.7277
2026-10-07 12:18:03 | INFO |   svr fold 12 | train RMSE 0.3901 | val RMSE 0.7070 | val Pearson 0.7314
2026-10-07 12:18:03 | INFO |   svr fold 13 | train RMSE 0.3824 | val RMSE 0.6869 | val Pearson 0.7424
2026-10-07 12:18:03 | INFO |   svr fold 14 | train RMSE 0.3650 | val RMSE 0.7546 | val Pearson 0.6940
2026-10-07 12:18:03 | INFO |   svr fold 15 | train RMSE 0.3905 | val RMSE 0.7226 | val Pearson 0.7051
2026-10-07 12:18:04 | INFO | svr | full-fit train RMSE 0.3814 | OOF RMSE 0.7118 | OOF Pearson 0.7202
2026-10-07 12:18:04 | INFO | model lgbm | features ['rates', 'grammar', 'embedding_pca', 'wavlm_pca', 'wavlm_large_pca'] | X shape (732, 100)
2026-10-07 12:18:04 | INFO |   lgbm fold  1 | train RMSE 0.3405 | val RMSE 0.4857 | val Pearson 0.8818
2026-10-07 12:18:05 | INFO |   lgbm fold  2 | train RMSE 0.3205 | val RMSE 0.6353 | val Pearson 0.7840
2026-10-07 12:18:05 | INFO |   lgbm fold  3 | train RMSE 0.3381 | val RMSE 0.6380 | val Pearson 0.7811
2026-10-07 12:18:05 | INFO |   lgbm fold  4 | train RMSE 0.3392 | val RMSE 0.5667 | val Pearson 0.8310
2026-10-07 12:18:06 | INFO |   lgbm fold  5 | train RMSE 0.3263 | val RMSE 0.6354 | val Pearson 0.7778
2026-10-07 12:18:06 | INFO |   lgbm fold  6 | train RMSE 0.3364 | val RMSE 0.5918 | val Pearson 0.8102
2026-10-07 12:18:07 | INFO |   lgbm fold  7 | train RMSE 0.3233 | val RMSE 0.6201 | val Pearson 0.7949
2026-10-07 12:18:07 | INFO |   lgbm fold  8 | train RMSE 0.3315 | val RMSE 0.5440 | val Pearson 0.8463
2026-10-07 12:18:07 | INFO |   lgbm fold  9 | train RMSE 0.3386 | val RMSE 0.6138 | val Pearson 0.7974
2026-10-07 12:18:08 | INFO |   lgbm fold 10 | train RMSE 0.3248 | val RMSE 0.5695 | val Pearson 0.8313
2026-10-07 12:18:08 | INFO |   lgbm fold 11 | train RMSE 0.3340 | val RMSE 0.5979 | val Pearson 0.8053
2026-10-07 12:18:08 | INFO |   lgbm fold 12 | train RMSE 0.3302 | val RMSE 0.5680 | val Pearson 0.8318
2026-10-07 12:18:09 | INFO |   lgbm fold 13 | train RMSE 0.3352 | val RMSE 0.5593 | val Pearson 0.8352
2026-10-07 12:18:09 | INFO |   lgbm fold 14 | train RMSE 0.3176 | val RMSE 0.6127 | val Pearson 0.8088
2026-10-07 12:18:10 | INFO |   lgbm fold 15 | train RMSE 0.3317 | val RMSE 0.6460 | val Pearson 0.7694
2026-10-07 12:18:10 | INFO | lgbm | full-fit train RMSE 0.3514 | OOF RMSE 0.5849 | OOF Pearson 0.8182
2026-10-07 12:18:10 | INFO | model ridge_wavlm | features ['wavlm'] | X shape (732, 1536)
2026-10-07 12:18:10 | INFO |   ridge_wavlm fold  1 | train RMSE 0.5518 | val RMSE 0.5489 | val Pearson 0.8492
2026-10-07 12:18:11 | INFO |   ridge_wavlm fold  2 | train RMSE 0.5328 | val RMSE 0.6423 | val Pearson 0.7866
2026-10-07 12:18:11 | INFO |   ridge_wavlm fold  3 | train RMSE 0.5383 | val RMSE 0.5992 | val Pearson 0.8107
2026-10-07 12:18:11 | INFO |   ridge_wavlm fold  4 | train RMSE 0.5369 | val RMSE 0.6344 | val Pearson 0.7861
2026-10-07 12:18:11 | INFO |   ridge_wavlm fold  5 | train RMSE 0.5443 | val RMSE 0.5986 | val Pearson 0.8170
2026-10-07 12:18:11 | INFO |   ridge_wavlm fold  6 | train RMSE 0.5369 | val RMSE 0.6081 | val Pearson 0.7994
2026-10-07 12:18:11 | INFO |   ridge_wavlm fold  7 | train RMSE 0.5353 | val RMSE 0.6317 | val Pearson 0.7937
2026-10-07 12:18:11 | INFO |   ridge_wavlm fold  8 | train RMSE 0.5478 | val RMSE 0.5738 | val Pearson 0.8326
2026-10-07 12:18:12 | INFO |   ridge_wavlm fold  9 | train RMSE 0.5430 | val RMSE 0.6069 | val Pearson 0.8076
2026-10-07 12:18:12 | INFO |   ridge_wavlm fold 10 | train RMSE 0.5383 | val RMSE 0.6058 | val Pearson 0.8195
2026-10-07 12:18:12 | INFO |   ridge_wavlm fold 11 | train RMSE 0.5470 | val RMSE 0.5602 | val Pearson 0.8319
2026-10-07 12:18:12 | INFO |   ridge_wavlm fold 12 | train RMSE 0.5420 | val RMSE 0.6283 | val Pearson 0.7986
2026-10-07 12:18:12 | INFO |   ridge_wavlm fold 13 | train RMSE 0.5398 | val RMSE 0.5772 | val Pearson 0.8290
2026-10-07 12:18:12 | INFO |   ridge_wavlm fold 14 | train RMSE 0.5421 | val RMSE 0.6045 | val Pearson 0.8214
2026-10-07 12:18:12 | INFO |   ridge_wavlm fold 15 | train RMSE 0.5332 | val RMSE 0.6433 | val Pearson 0.7787
2026-10-07 12:18:13 | INFO | ridge_wavlm | full-fit train RMSE 0.5340 | OOF RMSE 0.6022 | OOF Pearson 0.8119
2026-10-07 12:18:13 | INFO | model ridge_wavlm_large | features ['wavlm_large'] | X shape (732, 2048)
2026-10-07 12:18:13 | INFO |   ridge_wavlm_large fold  1 | train RMSE 0.5189 | val RMSE 0.5222 | val Pearson 0.8592
2026-10-07 12:18:13 | INFO |   ridge_wavlm_large fold  2 | train RMSE 0.4975 | val RMSE 0.6119 | val Pearson 0.8098
2026-10-07 12:18:13 | INFO |   ridge_wavlm_large fold  3 | train RMSE 0.5044 | val RMSE 0.6015 | val Pearson 0.8109
2026-10-07 12:18:14 | INFO |   ridge_wavlm_large fold  4 | train RMSE 0.5051 | val RMSE 0.6067 | val Pearson 0.8053
2026-10-07 12:18:14 | INFO |   ridge_wavlm_large fold  5 | train RMSE 0.5070 | val RMSE 0.5903 | val Pearson 0.8194
2026-10-07 12:18:14 | INFO |   ridge_wavlm_large fold  6 | train RMSE 0.5028 | val RMSE 0.5981 | val Pearson 0.8059
2026-10-07 12:18:14 | INFO |   ridge_wavlm_large fold  7 | train RMSE 0.5085 | val RMSE 0.5962 | val Pearson 0.8242
2026-10-07 12:18:14 | INFO |   ridge_wavlm_large fold  8 | train RMSE 0.5076 | val RMSE 0.5529 | val Pearson 0.8439
2026-10-07 12:18:14 | INFO |   ridge_wavlm_large fold  9 | train RMSE 0.5063 | val RMSE 0.5818 | val Pearson 0.8216
2026-10-07 12:18:14 | INFO |   ridge_wavlm_large fold 10 | train RMSE 0.5075 | val RMSE 0.5811 | val Pearson 0.8373
2026-10-07 12:18:14 | INFO |   ridge_wavlm_large fold 11 | train RMSE 0.5145 | val RMSE 0.5365 | val Pearson 0.8466
2026-10-07 12:18:15 | INFO |   ridge_wavlm_large fold 12 | train RMSE 0.5114 | val RMSE 0.5965 | val Pearson 0.8241
2026-10-07 12:18:15 | INFO |   ridge_wavlm_large fold 13 | train RMSE 0.5020 | val RMSE 0.5657 | val Pearson 0.8436
2026-10-07 12:18:15 | INFO |   ridge_wavlm_large fold 14 | train RMSE 0.5031 | val RMSE 0.5770 | val Pearson 0.8331
2026-10-07 12:18:15 | INFO |   ridge_wavlm_large fold 15 | train RMSE 0.5051 | val RMSE 0.6359 | val Pearson 0.7804
2026-10-07 12:18:15 | INFO | ridge_wavlm_large | full-fit train RMSE 0.5026 | OOF RMSE 0.5813 | OOF Pearson 0.8253
2026-10-07 12:18:15 | INFO | deberta (precomputed) | train RMSE 0.1418 | OOF RMSE 0.5699 | OOF Pearson 0.8288
2026-10-07 12:18:15 | INFO | blend weights: {'ridge': 0.0, 'svr': 0.0, 'lgbm': 0.006, 'ridge_wavlm': 0.261, 'ridge_wavlm_large': 0.176, 'deberta': 0.556} | calibration: y = 1.121 * p + -0.462
2026-10-07 12:18:15 | INFO | blend before calibration | OOF RMSE 0.5190 | OOF Pearson 0.8632
2026-10-07 12:18:15 | INFO | blend | train RMSE 0.2470 | OOF RMSE 0.5167 | OOF Pearson 0.8636
2026-10-07 12:18:15 | INFO | blend | test-weighted OOF RMSE 0.4945
2026-10-07 12:18:15 | INFO | wrote /mnt/d/SHL assignment - Harsh Tripathi/submission.csv (216, 2)
